../Core/Src/main.c:84:6:HAL_GPIO_EXTI_Callback	16	static
../Core/Src/main.c:116:13:MoveForward	16	static
../Core/Src/main.c:124:13:MoveBackword	16	static
../Core/Src/main.c:133:13:MoveRight	16	static
../Core/Src/main.c:141:13:MoveLeft	16	static
../Core/Src/main.c:149:6:MOTOR_Speed_dir	16	static
../Core/Src/main.c:204:5:main	8	static
../Core/Src/main.c:288:6:SystemClock_Config	88	static
../Core/Src/main.c:330:13:MX_TIM2_Init	32	static
../Core/Src/main.c:375:13:MX_TIM4_Init	64	static
../Core/Src/main.c:434:13:MX_TIM5_Init	64	static
../Core/Src/main.c:493:13:MX_GPIO_Init	40	static
../Core/Src/main.c:553:6:LaneKeepAssist	16	static
../Core/Src/main.c:588:6:LaneDetectionWarning	16	static
../Core/Src/main.c:651:6:Error_Handler	4	static,ignoring_inline_asm
