Archive member included to satisfy reference by file (symbol)

c:/st/stm32cubeide_1.12.1/stm32cubeide/plugins/com.st.stm32cube.ide.mcu.externaltools.gnu-tools-for-stm32.10.3-2021.10.win32_1.0.200.202301161003/tools/bin/../lib/gcc/arm-none-eabi/10.3.1/../../../../arm-none-eabi/lib/thumb/v7e-m+fp/hard\libc_nano.a(lib_a-atoi.o)
                              ./Core/Src/main.o (atoi)
c:/st/stm32cubeide_1.12.1/stm32cubeide/plugins/com.st.stm32cube.ide.mcu.externaltools.gnu-tools-for-stm32.10.3-2021.10.win32_1.0.200.202301161003/tools/bin/../lib/gcc/arm-none-eabi/10.3.1/../../../../arm-none-eabi/lib/thumb/v7e-m+fp/hard\libc_nano.a(lib_a-errno.o)
                              ./Core/Src/syscalls.o (__errno)
c:/st/stm32cubeide_1.12.1/stm32cubeide/plugins/com.st.stm32cube.ide.mcu.externaltools.gnu-tools-for-stm32.10.3-2021.10.win32_1.0.200.202301161003/tools/bin/../lib/gcc/arm-none-eabi/10.3.1/../../../../arm-none-eabi/lib/thumb/v7e-m+fp/hard\libc_nano.a(lib_a-exit.o)
                              c:/st/stm32cubeide_1.12.1/stm32cubeide/plugins/com.st.stm32cube.ide.mcu.externaltools.gnu-tools-for-stm32.10.3-2021.10.win32_1.0.200.202301161003/tools/bin/../lib/gcc/arm-none-eabi/10.3.1/../../../../arm-none-eabi/lib/thumb/v7e-m+fp/hard/crt0.o (exit)
c:/st/stm32cubeide_1.12.1/stm32cubeide/plugins/com.st.stm32cube.ide.mcu.externaltools.gnu-tools-for-stm32.10.3-2021.10.win32_1.0.200.202301161003/tools/bin/../lib/gcc/arm-none-eabi/10.3.1/../../../../arm-none-eabi/lib/thumb/v7e-m+fp/hard\libc_nano.a(lib_a-impure.o)
                              c:/st/stm32cubeide_1.12.1/stm32cubeide/plugins/com.st.stm32cube.ide.mcu.externaltools.gnu-tools-for-stm32.10.3-2021.10.win32_1.0.200.202301161003/tools/bin/../lib/gcc/arm-none-eabi/10.3.1/../../../../arm-none-eabi/lib/thumb/v7e-m+fp/hard\libc_nano.a(lib_a-exit.o) (_global_impure_ptr)
c:/st/stm32cubeide_1.12.1/stm32cubeide/plugins/com.st.stm32cube.ide.mcu.externaltools.gnu-tools-for-stm32.10.3-2021.10.win32_1.0.200.202301161003/tools/bin/../lib/gcc/arm-none-eabi/10.3.1/../../../../arm-none-eabi/lib/thumb/v7e-m+fp/hard\libc_nano.a(lib_a-init.o)
                              c:/st/stm32cubeide_1.12.1/stm32cubeide/plugins/com.st.stm32cube.ide.mcu.externaltools.gnu-tools-for-stm32.10.3-2021.10.win32_1.0.200.202301161003/tools/bin/../lib/gcc/arm-none-eabi/10.3.1/../../../../arm-none-eabi/lib/thumb/v7e-m+fp/hard/crt0.o (__libc_init_array)
c:/st/stm32cubeide_1.12.1/stm32cubeide/plugins/com.st.stm32cube.ide.mcu.externaltools.gnu-tools-for-stm32.10.3-2021.10.win32_1.0.200.202301161003/tools/bin/../lib/gcc/arm-none-eabi/10.3.1/../../../../arm-none-eabi/lib/thumb/v7e-m+fp/hard\libc_nano.a(lib_a-memcpy-stub.o)
                              ./Middlewares/Third_Party/FreeRTOS/Source/CMSIS_RTOS_V2/cmsis_os2.o (memcpy)
c:/st/stm32cubeide_1.12.1/stm32cubeide/plugins/com.st.stm32cube.ide.mcu.externaltools.gnu-tools-for-stm32.10.3-2021.10.win32_1.0.200.202301161003/tools/bin/../lib/gcc/arm-none-eabi/10.3.1/../../../../arm-none-eabi/lib/thumb/v7e-m+fp/hard\libc_nano.a(lib_a-memset.o)
                              c:/st/stm32cubeide_1.12.1/stm32cubeide/plugins/com.st.stm32cube.ide.mcu.externaltools.gnu-tools-for-stm32.10.3-2021.10.win32_1.0.200.202301161003/tools/bin/../lib/gcc/arm-none-eabi/10.3.1/../../../../arm-none-eabi/lib/thumb/v7e-m+fp/hard/crt0.o (memset)
c:/st/stm32cubeide_1.12.1/stm32cubeide/plugins/com.st.stm32cube.ide.mcu.externaltools.gnu-tools-for-stm32.10.3-2021.10.win32_1.0.200.202301161003/tools/bin/../lib/gcc/arm-none-eabi/10.3.1/../../../../arm-none-eabi/lib/thumb/v7e-m+fp/hard\libc_nano.a(lib_a-strtol.o)
                              c:/st/stm32cubeide_1.12.1/stm32cubeide/plugins/com.st.stm32cube.ide.mcu.externaltools.gnu-tools-for-stm32.10.3-2021.10.win32_1.0.200.202301161003/tools/bin/../lib/gcc/arm-none-eabi/10.3.1/../../../../arm-none-eabi/lib/thumb/v7e-m+fp/hard\libc_nano.a(lib_a-atoi.o) (_strtol_r)
c:/st/stm32cubeide_1.12.1/stm32cubeide/plugins/com.st.stm32cube.ide.mcu.externaltools.gnu-tools-for-stm32.10.3-2021.10.win32_1.0.200.202301161003/tools/bin/../lib/gcc/arm-none-eabi/10.3.1/../../../../arm-none-eabi/lib/thumb/v7e-m+fp/hard\libc_nano.a(lib_a-ctype_.o)
                              c:/st/stm32cubeide_1.12.1/stm32cubeide/plugins/com.st.stm32cube.ide.mcu.externaltools.gnu-tools-for-stm32.10.3-2021.10.win32_1.0.200.202301161003/tools/bin/../lib/gcc/arm-none-eabi/10.3.1/../../../../arm-none-eabi/lib/thumb/v7e-m+fp/hard\libc_nano.a(lib_a-strtol.o) (_ctype_)
c:/st/stm32cubeide_1.12.1/stm32cubeide/plugins/com.st.stm32cube.ide.mcu.externaltools.gnu-tools-for-stm32.10.3-2021.10.win32_1.0.200.202301161003/tools/bin/../lib/gcc/arm-none-eabi/10.3.1/thumb/v7e-m+fp/hard\libgcc.a(_arm_muldf3.o)
                              ./Core/HCSR04/HCSR04.o (__aeabi_dmul)
[...]
Memory Configuration

Name             Origin             Length             Attributes
RAM              0x0000000020000000 0x0000000000010000 xrw
FLASH            0x0000000008000000 0x0000000000040000 xr
*default*        0x0000000000000000 0xffffffffffffffff

Linker script and memory map

LOAD c:/st/stm32cubeide_1.12.1/stm32cubeide/plugins/com.st.stm32cube.ide.mcu.externaltools.gnu-tools-for-stm32.10.3-2021.10.win32_1.0.200.202301161003/tools/bin/../lib/gcc/arm-none-eabi/10.3.1/thumb/v7e-m+fp/hard/crti.o
LOAD c:/st/stm32cubeide_1.12.1/stm32cubeide/plugins/com.st.stm32cube.ide.mcu.externaltools.gnu-tools-for-stm32.10.3-2021.10.win32_1.0.200.202301161003/tools/bin/../lib/gcc/arm-none-eabi/10.3.1/thumb/v7e-m+fp/hard/crtbegin.o
LOAD c:/st/stm32cubeide_1.12.1/stm32cubeide/plugins/com.st.stm32cube.ide.mcu.externaltools.gnu-tools-for-stm32.10.3-2021.10.win32_1.0.200.202301161003/tools/bin/../lib/gcc/arm-none-eabi/10.3.1/../../../../arm-none-eabi/lib/thumb/v7e-m+fp/hard/crt0.o
LOAD ./Core/DCMotor/DCMotor.o
LOAD ./Core/HCSR04/HCSR04.o
LOAD ./Core/HCSR04/HCSR04_cfg.o
LOAD ./Core/SERVO/SERVO.o
LOAD ./Core/SERVO/SERVO_cfg.o
LOAD ./Core/Src/freertos.o
LOAD ./Core/Src/gpio.o
LOAD ./Core/Src/main.o
LOAD ./Core/Src/stm32f4xx_hal_msp.o
LOAD ./Core/Src/stm32f4xx_hal_timebase_tim.o
LOAD ./Core/Src/stm32f4xx_it.o
LOAD ./Core/Src/syscalls.o
LOAD ./Core/Src/sysmem.o
LOAD ./Core/Src/system_stm32f4xx.o
LOAD ./Core/Src/tim.o
LOAD ./Core/Src/usart.o
LOAD ./Core/Startup/startup_stm32f401rctx.o
LOAD ./Drivers/STM32F4xx_HAL_Driver/Src/stm32f4xx_hal.o
LOAD ./Drivers/STM32F4xx_HAL_Driver/Src/stm32f4xx_hal_cortex.o
LOAD ./Drivers/STM32F4xx_HAL_Driver/Src/stm32f4xx_hal_dma.o
LOAD ./Drivers/STM32F4xx_HAL_Driver/Src/stm32f4xx_hal_dma_ex.o
LOAD ./Drivers/STM32F4xx_HAL_Driver/Src/stm32f4xx_hal_exti.o
LOAD ./Drivers/STM32F4xx_HAL_Driver/Src/stm32f4xx_hal_flash.o
LOAD ./Drivers/STM32F4xx_HAL_Driver/Src/stm32f4xx_hal_flash_ex.o
LOAD ./Drivers/STM32F4xx_HAL_Driver/Src/stm32f4xx_hal_flash_ramfunc.o
LOAD ./Drivers/STM32F4xx_HAL_Driver/Src/stm32f4xx_hal_gpio.o
LOAD ./Drivers/STM32F4xx_HAL_Driver/Src/stm32f4xx_hal_pwr.o
LOAD ./Drivers/STM32F4xx_HAL_Driver/Src/stm32f4xx_hal_pwr_ex.o
LOAD ./Drivers/STM32F4xx_HAL_Driver/Src/stm32f4xx_hal_rcc.o
LOAD ./Drivers/STM32F4xx_HAL_Driver/Src/stm32f4xx_hal_rcc_ex.o
LOAD ./Drivers/STM32F4xx_HAL_Driver/Src/stm32f4xx_hal_tim.o
LOAD ./Drivers/STM32F4xx_HAL_Driver/Src/stm32f4xx_hal_tim_ex.o
LOAD ./Drivers/STM32F4xx_HAL_Driver/Src/stm32f4xx_hal_uart.o
LOAD ./Middlewares/Third_Party/FreeRTOS/Source/CMSIS_RTOS_V2/cmsis_os2.o
LOAD ./Middlewares/Third_Party/FreeRTOS/Source/croutine.o
LOAD ./Middlewares/Third_Party/FreeRTOS/Source/event_groups.o
LOAD ./Middlewares/Third_Party/FreeRTOS/Source/list.o
LOAD ./Middlewares/Third_Party/FreeRTOS/Source/queue.o
LOAD ./Middlewares/Third_Party/FreeRTOS/Source/stream_buffer.o
LOAD ./Middlewares/Third_Party/FreeRTOS/Source/tasks.o
LOAD ./Middlewares/Third_Party/FreeRTOS/Source/timers.o
LOAD ./Middlewares/Third_Party/FreeRTOS/Source/portable/GCC/ARM_CM4F/port.o
LOAD ./Middlewares/Third_Party/FreeRTOS/Source/portable/MemMang/heap_4.o
START GROUP
LOAD c:/st/stm32cubeide_1.12.1/stm32cubeide/plugins/com.st.stm32cube.ide.mcu.externaltools.gnu-tools-for-stm32.10.3-2021.10.win32_1.0.200.202301161003/tools/bin/../lib/gcc/arm-none-eabi/10.3.1/../../../../arm-none-eabi/lib/thumb/v7e-m+fp/hard\libc_nano.a
LOAD c:/st/stm32cubeide_1.12.1/stm32cubeide/plugins/com.st.stm32cube.ide.mcu.externaltools.gnu-tools-for-stm32.10.3-2021.10.win32_1.0.200.202301161003/tools/bin/../lib/gcc/arm-none-eabi/10.3.1/../../../../arm-none-eabi/lib/thumb/v7e-m+fp/hard\libm.a
END GROUP
START GROUP
LOAD c:/st/stm32cubeide_1.12.1/stm32cubeide/plugins/com.st.stm32cube.ide.mcu.externaltools.gnu-tools-for-stm32.10.3-2021.10.win32_1.0.200.202301161003/tools/bin/../lib/gcc/arm-none-eabi/10.3.1/thumb/v7e-m+fp/hard\libgcc.a
LOAD c:/st/stm32cubeide_1.12.1/stm32cubeide/plugins/com.st.stm32cube.ide.mcu.externaltools.gnu-tools-for-stm32.10.3-2021.10.win32_1.0.200.202301161003/tools/bin/../lib/gcc/arm-none-eabi/10.3.1/../../../../arm-none-eabi/lib/thumb/v7e-m+fp/hard\libc_nano.a
END GROUP
START GROUP
LOAD c:/st/stm32cubeide_1.12.1/stm32cubeide/plugins/com.st.stm32cube.ide.mcu.externaltools.gnu-tools-for-stm32.10.3-2021.10.win32_1.0.200.202301161003/tools/bin/../lib/gcc/arm-none-eabi/10.3.1/thumb/v7e-m+fp/hard\libgcc.a
LOAD c:/st/stm32cubeide_1.12.1/stm32cubeide/plugins/com.st.stm32cube.ide.mcu.externaltools.gnu-tools-for-stm32.10.3-2021.10.win32_1.0.200.202301161003/tools/bin/../lib/gcc/arm-none-eabi/10.3.1/../../../../arm-none-eabi/lib/thumb/v7e-m+fp/hard\libc_nano.a
LOAD c:/st/stm32cubeide_1.12.1/stm32cubeide/plugins/com.st.stm32cube.ide.mcu.externaltools.gnu-tools-for-stm32.10.3-2021.10.win32_1.0.200.202301161003/tools/bin/../lib/gcc/arm-none-eabi/10.3.1/../../../../arm-none-eabi/lib/thumb/v7e-m+fp/hard\libnosys.a
END GROUP
START GROUP
LOAD c:/st/stm32cubeide_1.12.1/stm32cubeide/plugins/com.st.stm32cube.ide.mcu.externaltools.gnu-tools-for-stm32.10.3-2021.10.win32_1.0.200.202301161003/tools/bin/../lib/gcc/arm-none-eabi/10.3.1/thumb/v7e-m+fp/hard\libgcc.a
LOAD c:/st/stm32cubeide_1.12.1/stm32cubeide/plugins/com.st.stm32cube.ide.mcu.externaltools.gnu-tools-for-stm32.10.3-2021.10.win32_1.0.200.202301161003/tools/bin/../lib/gcc/arm-none-eabi/10.3.1/../../../../arm-none-eabi/lib/thumb/v7e-m+fp/hard\libc_nano.a
LOAD c:/st/stm32cubeide_1.12.1/stm32cubeide/plugins/com.st.stm32cube.ide.mcu.externaltools.gnu-tools-for-stm32.10.3-2021.10.win32_1.0.200.202301161003/tools/bin/../lib/gcc/arm-none-eabi/10.3.1/../../../../arm-none-eabi/lib/thumb/v7e-m+fp/hard\libnosys.a
END GROUP
LOAD c:/st/stm32cubeide_1.12.1/stm32cubeide/plugins/com.st.stm32cube.ide.mcu.externaltools.gnu-tools-for-stm32.10.3-2021.10.win32_1.0.200.202301161003/tools/bin/../lib/gcc/arm-none-eabi/10.3.1/thumb/v7e-m+fp/hard/crtend.o
LOAD c:/st/stm32cubeide_1.12.1/stm32cubeide/plugins/com.st.stm32cube.ide.mcu.externaltools.gnu-tools-for-stm32.10.3-2021.10.win32_1.0.200.202301161003/tools/bin/../lib/gcc/arm-none-eabi/10.3.1/thumb/v7e-m+fp/hard/crtn.o
                0x0000000020010000                _estack = (ORIGIN (RAM) + LENGTH (RAM))
                0x0000000000000200                _Min_Heap_Size = 0x200
                0x0000000000000400                _Min_Stack_Size = 0x400

.isr_vector     0x0000000008000000      0x194
                0x0000000008000000                . = ALIGN (0x4)
 *(.isr_vector)
 .isr_vector    0x0000000008000000      0x194 ./Core/Startup/startup_stm32f401rctx.o
                0x0000000008000000                g_pfnVectors
                0x0000000008000194                . = ALIGN (0x4)

.text           0x00000000080001a0     0x9704
                0x00000000080001a0                . = ALIGN (0x4)
 *(.text)
 .text          0x00000000080001a0       0x40 c:/st/stm32cubeide_1.12.1/stm32cubeide/plugins/com.st.stm32cube.ide.mcu.externaltools.gnu-tools-for-stm32.10.3-2021.10.win32_1.0.200.202301161003/tools/bin/../lib/gcc/arm-none-eabi/10.3.1/thumb/v7e-m+fp/hard/crtbegin.o
 .text          0x00000000080001e0      0x378 c:/st/stm32cubeide_1.12.1/stm32cubeide/plugins/com.st.stm32cube.ide.mcu.externaltools.gnu-tools-for-stm32.10.3-2021.10.win32_1.0.200.202301161003/tools/bin/../lib/gcc/arm-none-eabi/10.3.1/thumb/v7e-m+fp/hard\libgcc.a(_arm_addsubdf3.o)
                0x00000000080001e0                __aeabi_drsub
                0x00000000080001e8                __aeabi_dsub
                0x00000000080001e8                __subdf3
                0x00000000080001ec                __aeabi_dadd
                0x00000000080001ec                __adddf3
                0x0000000008000464                __floatunsidf
                0x0000000008000464                __aeabi_ui2d
                0x0000000008000484                __floatsidf
                0x0000000008000484                __aeabi_i2d
                0x00000000080004a8                __aeabi_f2d
                0x00000000080004a8                __extendsfdf2
                0x00000000080004ec                __floatundidf
                0x00000000080004ec                __aeabi_ul2d
                0x00000000080004fc                __floatdidf
                0x00000000080004fc                __aeabi_l2d
 .text          0x0000000008000558      0x424 c:/st/stm32cubeide_1.12.1/stm32cubeide/plugins/com.st.stm32cube.ide.mcu.externaltools.gnu-tools-for-stm32.10.3-2021.10.win32_1.0.200.202301161003/tools/bin/../lib/gcc/arm-none-eabi/10.3.1/thumb/v7e-m+fp/hard\libgcc.a(_arm_muldivdf3.o)
                0x0000000008000558                __aeabi_dmul
                0x0000000008000558                __muldf3
                0x00000000080007ac                __divdf3
                0x00000000080007ac                __aeabi_ddiv
 .text          0x000000000800097c       0x40 c:/st/stm32cubeide_1.12.1/stm32cubeide/plugins/com.st.stm32cube.ide.mcu.externaltools.gnu-tools-for-stm32.10.3-2021.10.win32_1.0.200.202301161003/tools/bin/../lib/gcc/arm-none-eabi/10.3.1/thumb/v7e-m+fp/hard\libgcc.a(_arm_fixunsdfsi.o)
                0x000000000800097c                __aeabi_d2uiz
                0x000000000800097c                __fixunsdfsi
 .text          0x00000000080009bc       0xa0 c:/st/stm32cubeide_1.12.1/stm32cubeide/plugins/com.st.stm32cube.ide.mcu.externaltools.gnu-tools-for-stm32.10.3-2021.10.win32_1.0.200.202301161003/tools/bin/../lib/gcc/arm-none-eabi/10.3.1/thumb/v7e-m+fp/hard\libgcc.a(_arm_truncdfsf2.o)
                0x00000000080009bc                __truncdfsf2
                0x00000000080009bc                __aeabi_d2f
 .text          0x0000000008000a5c       0x30 c:/st/stm32cubeide_1.12.1/stm32cubeide/plugins/com.st.stm32cube.ide.mcu.externaltools.gnu-tools-for-stm32.10.3-2021.10.win32_1.0.200.202301161003/tools/bin/../lib/gcc/arm-none-eabi/10.3.1/thumb/v7e-m+fp/hard\libgcc.a(_aeabi_uldivmod.o)
                0x0000000008000a5c                __aeabi_uldivmod
 .text          0x0000000008000a8c      0x2d0 c:/st/stm32cubeide_1.12.1/stm32cubeide/plugins/com.st.stm32cube.ide.mcu.externaltools.gnu-tools-for-stm32.10.3-2021.10.win32_1.0.200.202301161003/tools/bin/../lib/gcc/arm-none-eabi/10.3.1/thumb/v7e-m+fp/hard\libgcc.a(_udivmoddi4.o)
                0x0000000008000a8c                __udivmoddi4
 .text          0x0000000008000d5c        0x4 c:/st/stm32cubeide_1.12.1/stm32cubeide/plugins/com.st.stm32cube.ide.mcu.externaltools.gnu-tools-for-stm32.10.3-2021.10.win32_1.0.200.202301161003/tools/bin/../lib/gcc/arm-none-eabi/10.3.1/thumb/v7e-m+fp/hard\libgcc.a(_dvmd_tls.o)
                0x0000000008000d5c                __aeabi_idiv0
                0x0000000008000d5c                __aeabi_ldiv0
 *(.text*)
 .text.DCMotor_stop
                0x0000000008000d60       0x70 ./Core/DCMotor/DCMotor.o
                0x0000000008000d60                DCMotor_stop
 .text.DCMotor_moveForward
                0x0000000008000dd0       0x78 ./Core/DCMotor/DCMotor.o
                0x0000000008000dd0                DCMotor_moveForward
 .text.DCMotor_moveBackward
                0x0000000008000e48       0x78 ./Core/DCMotor/DCMotor.o
                0x0000000008000e48                DCMotor_moveBackward
 .text.DCMotor_moveLeft
                0x0000000008000ec0       0x48 ./Core/DCMotor/DCMotor.o
                0x0000000008000ec0                DCMotor_moveLeft
 .text.DCMotor_moveRight
                0x0000000008000f08       0x48 ./Core/DCMotor/DCMotor.o
                0x0000000008000f08                DCMotor_moveRight
 .text.DCMotor_handleRequest
                0x0000000008000f50      0x128 ./Core/DCMotor/DCMotor.o
                0x0000000008000f50                DCMotor_handleRequest
 .text.DWT_Delay_Init
                0x0000000008001078       0x60 ./Core/HCSR04/HCSR04.o
 .text.DWT_Delay_us
                0x00000000080010d8       0x48 ./Core/HCSR04/HCSR04.o
 .text.HCSR04_Init
                0x0000000008001120      0x3fc ./Core/HCSR04/HCSR04.o
                0x0000000008001120                HCSR04_Init
 .text.HCSR04_TMR_OVF_ISR
                0x000000000800151c       0x78 ./Core/HCSR04/HCSR04.o
                0x000000000800151c                HCSR04_TMR_OVF_ISR
 *fill*         0x0000000008001594        0x4 
 .text.HCSR04_TMR_IC_ISR
                0x0000000008001598      0x4a0 ./Core/HCSR04/HCSR04.o
                0x0000000008001598                HCSR04_TMR_IC_ISR
 .text.HCSR04_Read
                0x0000000008001a38       0x34 ./Core/HCSR04/HCSR04.o
                0x0000000008001a38                HCSR04_Read
 .text.HCSR04_Trigger
                0x0000000008001a6c       0x70 ./Core/HCSR04/HCSR04.o
                0x0000000008001a6c                HCSR04_Trigger
 .text.DWT_Delay_Init
                0x0000000008001adc       0x60 ./Core/SERVO/SERVO.o
 .text.SERVO_Init
                0x0000000008001b3c      0x480 ./Core/SERVO/SERVO.o
                0x0000000008001b3c                SERVO_Init
 .text.SERVO_MoveTo
                0x0000000008001fbc       0xa0 ./Core/SERVO/SERVO.o
                0x0000000008001fbc                SERVO_MoveTo
 .text.MX_FREERTOS_Init
                0x000000000800205c       0xac ./Core/Src/freertos.o
                0x000000000800205c                MX_FREERTOS_Init
 .text.StartmotorTask
                0x0000000008002108       0x38 ./Core/Src/freertos.o
                0x0000000008002108                StartmotorTask
 .text.StartACCTask
                0x0000000008002140      0x1b4 ./Core/Src/freertos.o
                0x0000000008002140                StartACCTask
 .text.StartNormalMode
                0x00000000080022f4      0x148 ./Core/Src/freertos.o
                0x00000000080022f4                StartNormalMode
 .text.StartGUI_UpdateTask
                0x000000000800243c       0x38 ./Core/Src/freertos.o
                0x000000000800243c                StartGUI_UpdateTask
 .text.StartSelfDrivingTask
                0x0000000008002474       0x7c ./Core/Src/freertos.o
                0x0000000008002474                StartSelfDrivingTask
 .text.SelfDrivingCheck_side
                0x00000000080024f0       0x90 ./Core/Src/freertos.o
                0x00000000080024f0                SelfDrivingCheck_side
 .text.MX_GPIO_Init
                0x0000000008002580       0xb8 ./Core/Src/gpio.o
                0x0000000008002580                MX_GPIO_Init
 .text.main     0x0000000008002638       0x68 ./Core/Src/main.o
                0x0000000008002638                main
 .text.SystemClock_Config
                0x00000000080026a0       0xc0 ./Core/Src/main.o
                0x00000000080026a0                SystemClock_Config
 .text.HAL_TIM_IC_CaptureCallback
                0x0000000008002760       0x16 ./Core/Src/main.o
                0x0000000008002760                HAL_TIM_IC_CaptureCallback
 *fill*         0x0000000008002776        0x2 
 .text.HAL_UART_RxCpltCallback
                0x0000000008002778       0xc0 ./Core/Src/main.o
                0x0000000008002778                HAL_UART_RxCpltCallback
 .text.HAL_TIM_PeriodElapsedCallback
                0x0000000008002838       0x28 ./Core/Src/main.o
                0x0000000008002838                HAL_TIM_PeriodElapsedCallback
 .text.Error_Handler
                0x0000000008002860        0xa ./Core/Src/main.o
                0x0000000008002860                Error_Handler
 *fill*         0x000000000800286a        0x2 
 .text.HAL_MspInit
                0x000000000800286c       0x58 ./Core/Src/stm32f4xx_hal_msp.o
                0x000000000800286c                HAL_MspInit
 .text.HAL_InitTick
                0x00000000080028c4       0xe4 ./Core/Src/stm32f4xx_hal_timebase_tim.o
                0x00000000080028c4                HAL_InitTick
 .text.NMI_Handler
                0x00000000080029a8        0x6 ./Core/Src/stm32f4xx_it.o
                0x00000000080029a8                NMI_Handler
 .text.HardFault_Handler
                0x00000000080029ae        0x6 ./Core/Src/stm32f4xx_it.o
                0x00000000080029ae                HardFault_Handler
 .text.MemManage_Handler
                0x00000000080029b4        0x6 ./Core/Src/stm32f4xx_it.o
                0x00000000080029b4                MemManage_Handler
 .text.BusFault_Handler
                0x00000000080029ba        0x6 ./Core/Src/stm32f4xx_it.o
                0x00000000080029ba                BusFault_Handler
 .text.UsageFault_Handler
                0x00000000080029c0        0x6 ./Core/Src/stm32f4xx_it.o
                0x00000000080029c0                UsageFault_Handler
 .text.DebugMon_Handler
                0x00000000080029c6        0xe ./Core/Src/stm32f4xx_it.o
                0x00000000080029c6                DebugMon_Handler
 .text.TIM1_UP_TIM10_IRQHandler
                0x00000000080029d4       0x14 ./Core/Src/stm32f4xx_it.o
                0x00000000080029d4                TIM1_UP_TIM10_IRQHandler
 .text.TIM2_IRQHandler
                0x00000000080029e8       0x14 ./Core/Src/stm32f4xx_it.o
                0x00000000080029e8                TIM2_IRQHandler
 .text.USART2_IRQHandler
                0x00000000080029fc       0x20 ./Core/Src/stm32f4xx_it.o
                0x00000000080029fc                USART2_IRQHandler
 .text.SystemInit
                0x0000000008002a1c       0x24 ./Core/Src/system_stm32f4xx.o
                0x0000000008002a1c                SystemInit
 .text.MX_TIM2_Init
                0x0000000008002a40       0xe0 ./Core/Src/tim.o
                0x0000000008002a40                MX_TIM2_Init
 .text.MX_TIM5_Init
                0x0000000008002b20       0xc8 ./Core/Src/tim.o
                0x0000000008002b20                MX_TIM5_Init
 .text.MX_TIM11_Init
                0x0000000008002be8       0x9c ./Core/Src/tim.o
                0x0000000008002be8                MX_TIM11_Init
 .text.HAL_TIM_Base_MspInit
                0x0000000008002c84       0xc8 ./Core/Src/tim.o
                0x0000000008002c84                HAL_TIM_Base_MspInit
 .text.HAL_TIM_PWM_MspInit
                0x0000000008002d4c       0x44 ./Core/Src/tim.o
                0x0000000008002d4c                HAL_TIM_PWM_MspInit
 .text.HAL_TIM_MspPostInit
                0x0000000008002d90       0xc4 ./Core/Src/tim.o
                0x0000000008002d90                HAL_TIM_MspPostInit
 *fill*         0x0000000008002e54        0x4 
 .text.Motor1_SetSpeed
                0x0000000008002e58       0xa0 ./Core/Src/tim.o
                0x0000000008002e58                Motor1_SetSpeed
 .text.Motor2_SetSpeed
                0x0000000008002ef8       0xa0 ./Core/Src/tim.o
                0x0000000008002ef8                Motor2_SetSpeed
 .text.MX_USART2_UART_Init
                0x0000000008002f98       0x54 ./Core/Src/usart.o
                0x0000000008002f98                MX_USART2_UART_Init
 .text.HAL_UART_MspInit
                0x0000000008002fec       0xa0 ./Core/Src/usart.o
                0x0000000008002fec                HAL_UART_MspInit
 .text.Reset_Handler
                0x000000000800308c       0x50 ./Core/Startup/startup_stm32f401rctx.o
                0x000000000800308c                Reset_Handler
 .text.Default_Handler
                0x00000000080030dc        0x2 ./Core/Startup/startup_stm32f401rctx.o
                0x00000000080030dc                RTC_Alarm_IRQHandler
                0x00000000080030dc                EXTI2_IRQHandler
                0x00000000080030dc                SPI4_IRQHandler
                0x00000000080030dc                TIM1_CC_IRQHandler
                0x00000000080030dc                DMA2_Stream5_IRQHandler
                0x00000000080030dc                DMA1_Stream5_IRQHandler
                0x00000000080030dc                PVD_IRQHandler
                0x00000000080030dc                SDIO_IRQHandler
                0x00000000080030dc                TAMP_STAMP_IRQHandler
                0x00000000080030dc                EXTI3_IRQHandler
                0x00000000080030dc                I2C3_ER_IRQHandler
                0x00000000080030dc                EXTI0_IRQHandler
                0x00000000080030dc                I2C2_EV_IRQHandler
                0x00000000080030dc                DMA1_Stream2_IRQHandler
                0x00000000080030dc                FPU_IRQHandler
                0x00000000080030dc                DMA2_Stream2_IRQHandler
                0x00000000080030dc                SPI1_IRQHandler
                0x00000000080030dc                TIM1_BRK_TIM9_IRQHandler
                0x00000000080030dc                DMA2_Stream3_IRQHandler
                0x00000000080030dc                USART6_IRQHandler
                0x00000000080030dc                DMA2_Stream0_IRQHandler
                0x00000000080030dc                TIM4_IRQHandler
                0x00000000080030dc                I2C1_EV_IRQHandler
                0x00000000080030dc                DMA1_Stream6_IRQHandler
                0x00000000080030dc                DMA1_Stream1_IRQHandler
                0x00000000080030dc                TIM3_IRQHandler
                0x00000000080030dc                RCC_IRQHandler
                0x00000000080030dc                Default_Handler
                0x00000000080030dc                EXTI15_10_IRQHandler
                0x00000000080030dc                ADC_IRQHandler
                0x00000000080030dc                DMA1_Stream7_IRQHandler
                0x00000000080030dc                TIM5_IRQHandler
                0x00000000080030dc                DMA2_Stream7_IRQHandler
                0x00000000080030dc                I2C3_EV_IRQHandler
                0x00000000080030dc                EXTI9_5_IRQHandler
                0x00000000080030dc                RTC_WKUP_IRQHandler
                0x00000000080030dc                SPI2_IRQHandler
                0x00000000080030dc                DMA1_Stream0_IRQHandler
                0x00000000080030dc                EXTI4_IRQHandler
                0x00000000080030dc                WWDG_IRQHandler
                0x00000000080030dc                OTG_FS_WKUP_IRQHandler
                0x00000000080030dc                TIM1_TRG_COM_TIM11_IRQHandler
                0x00000000080030dc                EXTI1_IRQHandler
                0x00000000080030dc                I2C2_ER_IRQHandler
                0x00000000080030dc                DMA2_Stream1_IRQHandler
                0x00000000080030dc                FLASH_IRQHandler
                0x00000000080030dc                DMA2_Stream4_IRQHandler
                0x00000000080030dc                USART1_IRQHandler
                0x00000000080030dc                OTG_FS_IRQHandler
                0x00000000080030dc                SPI3_IRQHandler
                0x00000000080030dc                DMA1_Stream4_IRQHandler
                0x00000000080030dc                I2C1_ER_IRQHandler
                0x00000000080030dc                DMA2_Stream6_IRQHandler
                0x00000000080030dc                DMA1_Stream3_IRQHandler
 *fill*         0x00000000080030de        0x2 
 .text.HAL_Init
                0x00000000080030e0       0x44 ./Drivers/STM32F4xx_HAL_Driver/Src/stm32f4xx_hal.o
                0x00000000080030e0                HAL_Init
 .text.HAL_IncTick
                0x0000000008003124       0x28 ./Drivers/STM32F4xx_HAL_Driver/Src/stm32f4xx_hal.o
                0x0000000008003124                HAL_IncTick
 .text.HAL_GetTick
                0x000000000800314c       0x18 ./Drivers/STM32F4xx_HAL_Driver/Src/stm32f4xx_hal.o
                0x000000000800314c                HAL_GetTick
 .text.HAL_Delay
                0x0000000008003164       0x48 ./Drivers/STM32F4xx_HAL_Driver/Src/stm32f4xx_hal.o
                0x0000000008003164                HAL_Delay
 .text.__NVIC_SetPriorityGrouping
                0x00000000080031ac       0x48 ./Drivers/STM32F4xx_HAL_Driver/Src/stm32f4xx_hal_cortex.o
 .text.__NVIC_GetPriorityGrouping
                0x00000000080031f4       0x1c ./Drivers/STM32F4xx_HAL_Driver/Src/stm32f4xx_hal_cortex.o
 .text.__NVIC_EnableIRQ
                0x0000000008003210       0x3c ./Drivers/STM32F4xx_HAL_Driver/Src/stm32f4xx_hal_cortex.o
 .text.__NVIC_SetPriority
                0x000000000800324c       0x54 ./Drivers/STM32F4xx_HAL_Driver/Src/stm32f4xx_hal_cortex.o
 .text.NVIC_EncodePriority
                0x00000000080032a0       0x66 ./Drivers/STM32F4xx_HAL_Driver/Src/stm32f4xx_hal_cortex.o
 .text.HAL_NVIC_SetPriorityGrouping
                0x0000000008003306       0x16 ./Drivers/STM32F4xx_HAL_Driver/Src/stm32f4xx_hal_cortex.o
                0x0000000008003306                HAL_NVIC_SetPriorityGrouping
 .text.HAL_NVIC_SetPriority
                0x000000000800331c       0x38 ./Drivers/STM32F4xx_HAL_Driver/Src/stm32f4xx_hal_cortex.o
                0x000000000800331c                HAL_NVIC_SetPriority
 .text.HAL_NVIC_EnableIRQ
                0x0000000008003354       0x1c ./Drivers/STM32F4xx_HAL_Driver/Src/stm32f4xx_hal_cortex.o
                0x0000000008003354                HAL_NVIC_EnableIRQ
 .text.HAL_DMA_Abort
                0x0000000008003370       0xe0 ./Drivers/STM32F4xx_HAL_Driver/Src/stm32f4xx_hal_dma.o
                0x0000000008003370                HAL_DMA_Abort
 .text.HAL_DMA_Abort_IT
                0x0000000008003450       0x44 ./Drivers/STM32F4xx_HAL_Driver/Src/stm32f4xx_hal_dma.o
                0x0000000008003450                HAL_DMA_Abort_IT
 .text.HAL_GPIO_Init
                0x0000000008003494      0x308 ./Drivers/STM32F4xx_HAL_Driver/Src/stm32f4xx_hal_gpio.o
                0x0000000008003494                HAL_GPIO_Init
 .text.HAL_GPIO_WritePin
                0x000000000800379c       0x32 ./Drivers/STM32F4xx_HAL_Driver/Src/stm32f4xx_hal_gpio.o
                0x000000000800379c                HAL_GPIO_WritePin
 *fill*         0x00000000080037ce        0x2 
 .text.HAL_RCC_OscConfig
                0x00000000080037d0      0x4f0 ./Drivers/STM32F4xx_HAL_Driver/Src/stm32f4xx_hal_rcc.o
                0x00000000080037d0                HAL_RCC_OscConfig
 .text.HAL_RCC_ClockConfig
                0x0000000008003cc0      0x1cc ./Drivers/STM32F4xx_HAL_Driver/Src/stm32f4xx_hal_rcc.o
                0x0000000008003cc0                HAL_RCC_ClockConfig
 .text.HAL_RCC_GetSysClockFreq
                0x0000000008003e8c      0x18c ./Drivers/STM32F4xx_HAL_Driver/Src/stm32f4xx_hal_rcc.o
                0x0000000008003e8c                HAL_RCC_GetSysClockFreq
 .text.HAL_RCC_GetHCLKFreq
                0x0000000008004018       0x18 ./Drivers/STM32F4xx_HAL_Driver/Src/stm32f4xx_hal_rcc.o
                0x0000000008004018                HAL_RCC_GetHCLKFreq
 .text.HAL_RCC_GetPCLK1Freq
                0x0000000008004030       0x28 ./Drivers/STM32F4xx_HAL_Driver/Src/stm32f4xx_hal_rcc.o
                0x0000000008004030                HAL_RCC_GetPCLK1Freq
 .text.HAL_RCC_GetPCLK2Freq
                0x0000000008004058       0x28 ./Drivers/STM32F4xx_HAL_Driver/Src/stm32f4xx_hal_rcc.o
                0x0000000008004058                HAL_RCC_GetPCLK2Freq
 .text.HAL_RCC_GetClockConfig
                0x0000000008004080       0x64 ./Drivers/STM32F4xx_HAL_Driver/Src/stm32f4xx_hal_rcc.o
                0x0000000008004080                HAL_RCC_GetClockConfig
 .text.HAL_TIM_Base_Init
                0x00000000080040e4       0x9e ./Drivers/STM32F4xx_HAL_Driver/Src/stm32f4xx_hal_tim.o
                0x00000000080040e4                HAL_TIM_Base_Init
 *fill*         0x0000000008004182        0x2 
 .text.HAL_TIM_Base_Start_IT
                0x0000000008004184       0xc4 ./Drivers/STM32F4xx_HAL_Driver/Src/stm32f4xx_hal_tim.o
                0x0000000008004184                HAL_TIM_Base_Start_IT
 .text.HAL_TIM_PWM_Init
                0x0000000008004248       0x9e ./Drivers/STM32F4xx_HAL_Driver/Src/stm32f4xx_hal_tim.o
                0x0000000008004248                HAL_TIM_PWM_Init
 *fill*         0x00000000080042e6        0x2 
 .text.HAL_TIM_PWM_Start
                0x00000000080042e8      0x160 ./Drivers/STM32F4xx_HAL_Driver/Src/stm32f4xx_hal_tim.o
                0x00000000080042e8                HAL_TIM_PWM_Start
 .text.HAL_TIM_PWM_Stop
                0x0000000008004448       0xc8 ./Drivers/STM32F4xx_HAL_Driver/Src/stm32f4xx_hal_tim.o
                0x0000000008004448                HAL_TIM_PWM_Stop
 .text.HAL_TIM_IC_Init
                0x0000000008004510       0x9e ./Drivers/STM32F4xx_HAL_Driver/Src/stm32f4xx_hal_tim.o
                0x0000000008004510                HAL_TIM_IC_Init
 .text.HAL_TIM_IC_MspInit
                0x00000000080045ae       0x14 ./Drivers/STM32F4xx_HAL_Driver/Src/stm32f4xx_hal_tim.o
                0x00000000080045ae                HAL_TIM_IC_MspInit
 *fill*         0x00000000080045c2        0x2 
 .text.HAL_TIM_IC_Start_IT
                0x00000000080045c4      0x234 ./Drivers/STM32F4xx_HAL_Driver/Src/stm32f4xx_hal_tim.o
                0x00000000080045c4                HAL_TIM_IC_Start_IT
 .text.HAL_TIM_IRQHandler
                0x00000000080047f8      0x210 ./Drivers/STM32F4xx_HAL_Driver/Src/stm32f4xx_hal_tim.o
                0x00000000080047f8                HAL_TIM_IRQHandler
 .text.HAL_TIM_IC_ConfigChannel
                0x0000000008004a08      0x138 ./Drivers/STM32F4xx_HAL_Driver/Src/stm32f4xx_hal_tim.o
                0x0000000008004a08                HAL_TIM_IC_ConfigChannel
 .text.HAL_TIM_PWM_ConfigChannel
                0x0000000008004b40      0x184 ./Drivers/STM32F4xx_HAL_Driver/Src/stm32f4xx_hal_tim.o
                0x0000000008004b40                HAL_TIM_PWM_ConfigChannel
 .text.HAL_TIM_ConfigClockSource
                0x0000000008004cc4      0x18e ./Drivers/STM32F4xx_HAL_Driver/Src/stm32f4xx_hal_tim.o
                0x0000000008004cc4                HAL_TIM_ConfigClockSource
 *fill*         0x0000000008004e52        0x2 
 .text.HAL_TIM_ReadCapturedValue
                0x0000000008004e54       0x88 ./Drivers/STM32F4xx_HAL_Driver/Src/stm32f4xx_hal_tim.o
                0x0000000008004e54                HAL_TIM_ReadCapturedValue
 .text.HAL_TIM_OC_DelayElapsedCallback
                0x0000000008004edc       0x14 ./Drivers/STM32F4xx_HAL_Driver/Src/stm32f4xx_hal_tim.o
                0x0000000008004edc                HAL_TIM_OC_DelayElapsedCallback
 .text.HAL_TIM_PWM_PulseFinishedCallback
                0x0000000008004ef0       0x14 ./Drivers/STM32F4xx_HAL_Driver/Src/stm32f4xx_hal_tim.o
                0x0000000008004ef0                HAL_TIM_PWM_PulseFinishedCallback
 .text.HAL_TIM_TriggerCallback
                0x0000000008004f04       0x14 ./Drivers/STM32F4xx_HAL_Driver/Src/stm32f4xx_hal_tim.o
                0x0000000008004f04                HAL_TIM_TriggerCallback
 .text.TIM_Base_SetConfig
                0x0000000008004f18      0x100 ./Drivers/STM32F4xx_HAL_Driver/Src/stm32f4xx_hal_tim.o
                0x0000000008004f18                TIM_Base_SetConfig
 .text.TIM_OC1_SetConfig
                0x0000000008005018       0xcc ./Drivers/STM32F4xx_HAL_Driver/Src/stm32f4xx_hal_tim.o
 .text.TIM_OC2_SetConfig
                0x00000000080050e4       0xd8 ./Drivers/STM32F4xx_HAL_Driver/Src/stm32f4xx_hal_tim.o
                0x00000000080050e4                TIM_OC2_SetConfig
 .text.TIM_OC3_SetConfig
                0x00000000080051bc       0xd4 ./Drivers/STM32F4xx_HAL_Driver/Src/stm32f4xx_hal_tim.o
 .text.TIM_OC4_SetConfig
                0x0000000008005290       0xa0 ./Drivers/STM32F4xx_HAL_Driver/Src/stm32f4xx_hal_tim.o
 .text.TIM_TI1_SetConfig
                0x0000000008005330       0xd0 ./Drivers/STM32F4xx_HAL_Driver/Src/stm32f4xx_hal_tim.o
                0x0000000008005330                TIM_TI1_SetConfig
 .text.TIM_TI1_ConfigInputStage
                0x0000000008005400       0x5e ./Drivers/STM32F4xx_HAL_Driver/Src/stm32f4xx_hal_tim.o
 .text.TIM_TI2_SetConfig
                0x000000000800545e       0x7a ./Drivers/STM32F4xx_HAL_Driver/Src/stm32f4xx_hal_tim.o
 .text.TIM_TI2_ConfigInputStage
                0x00000000080054d8       0x60 ./Drivers/STM32F4xx_HAL_Driver/Src/stm32f4xx_hal_tim.o
 .text.TIM_TI3_SetConfig
                0x0000000008005538       0x78 ./Drivers/STM32F4xx_HAL_Driver/Src/stm32f4xx_hal_tim.o
 .text.TIM_TI4_SetConfig
                0x00000000080055b0       0x7a ./Drivers/STM32F4xx_HAL_Driver/Src/stm32f4xx_hal_tim.o
 .text.TIM_ITRx_SetConfig
                0x000000000800562a       0x36 ./Drivers/STM32F4xx_HAL_Driver/Src/stm32f4xx_hal_tim.o
 .text.TIM_ETR_SetConfig
                0x0000000008005660       0x40 ./Drivers/STM32F4xx_HAL_Driver/Src/stm32f4xx_hal_tim.o
                0x0000000008005660                TIM_ETR_SetConfig
 .text.TIM_CCxChannelCmd
                0x00000000080056a0       0x4a ./Drivers/STM32F4xx_HAL_Driver/Src/stm32f4xx_hal_tim.o
                0x00000000080056a0                TIM_CCxChannelCmd
 *fill*         0x00000000080056ea        0x2 
 .text.HAL_TIMEx_MasterConfigSynchronization
                0x00000000080056ec       0xdc ./Drivers/STM32F4xx_HAL_Driver/Src/stm32f4xx_hal_tim_ex.o
                0x00000000080056ec                HAL_TIMEx_MasterConfigSynchronization
 .text.HAL_TIMEx_CommutCallback
                0x00000000080057c8       0x14 ./Drivers/STM32F4xx_HAL_Driver/Src/stm32f4xx_hal_tim_ex.o
                0x00000000080057c8                HAL_TIMEx_CommutCallback
 .text.HAL_TIMEx_BreakCallback
                0x00000000080057dc       0x14 ./Drivers/STM32F4xx_HAL_Driver/Src/stm32f4xx_hal_tim_ex.o
                0x00000000080057dc                HAL_TIMEx_BreakCallback
 .text.HAL_UART_Init
                0x00000000080057f0       0x9a ./Drivers/STM32F4xx_HAL_Driver/Src/stm32f4xx_hal_uart.o
                0x00000000080057f0                HAL_UART_Init
 .text.HAL_UART_Transmit
                0x000000000800588a      0x124 ./Drivers/STM32F4xx_HAL_Driver/Src/stm32f4xx_hal_uart.o
                0x000000000800588a                HAL_UART_Transmit
 .text.HAL_UART_Receive_IT
                0x00000000080059ae       0x60 ./Drivers/STM32F4xx_HAL_Driver/Src/stm32f4xx_hal_uart.o
                0x00000000080059ae                HAL_UART_Receive_IT
 *fill*         0x0000000008005a0e        0x2 
 .text.HAL_UART_IRQHandler
                0x0000000008005a10      0x51c ./Drivers/STM32F4xx_HAL_Driver/Src/stm32f4xx_hal_uart.o
                0x0000000008005a10                HAL_UART_IRQHandler
 .text.HAL_UART_TxCpltCallback
                0x0000000008005f2c       0x14 ./Drivers/STM32F4xx_HAL_Driver/Src/stm32f4xx_hal_uart.o
                0x0000000008005f2c                HAL_UART_TxCpltCallback
 .text.HAL_UART_ErrorCallback
                0x0000000008005f40       0x14 ./Drivers/STM32F4xx_HAL_Driver/Src/stm32f4xx_hal_uart.o
                0x0000000008005f40                HAL_UART_ErrorCallback
 .text.HAL_UARTEx_RxEventCallback
                0x0000000008005f54       0x18 ./Drivers/STM32F4xx_HAL_Driver/Src/stm32f4xx_hal_uart.o
                0x0000000008005f54                HAL_UARTEx_RxEventCallback
 .text.UART_WaitOnFlagUntilTimeout
                0x0000000008005f6c       0xdc ./Drivers/STM32F4xx_HAL_Driver/Src/stm32f4xx_hal_uart.o
 .text.UART_Start_Receive_IT
                0x0000000008006048       0x7c ./Drivers/STM32F4xx_HAL_Driver/Src/stm32f4xx_hal_uart.o
                0x0000000008006048                UART_Start_Receive_IT
 .text.UART_EndRxTransfer
                0x00000000080060c4       0xc6 ./Drivers/STM32F4xx_HAL_Driver/Src/stm32f4xx_hal_uart.o
 .text.UART_DMAAbortOnError
                0x000000000800618a       0x28 ./Drivers/STM32F4xx_HAL_Driver/Src/stm32f4xx_hal_uart.o
 .text.UART_Transmit_IT
                0x00000000080061b2       0xa0 ./Drivers/STM32F4xx_HAL_Driver/Src/stm32f4xx_hal_uart.o
 .text.UART_EndTransmit_IT
                0x0000000008006252       0x30 ./Drivers/STM32F4xx_HAL_Driver/Src/stm32f4xx_hal_uart.o
 .text.UART_Receive_IT
                0x0000000008006282      0x176 ./Drivers/STM32F4xx_HAL_Driver/Src/stm32f4xx_hal_uart.o
 .text.UART_SetConfig
                0x00000000080063f8      0x4e8 ./Drivers/STM32F4xx_HAL_Driver/Src/stm32f4xx_hal_uart.o
 .text.__NVIC_SetPriority
                0x00000000080068e0       0x54 ./Middlewares/Third_Party/FreeRTOS/Source/CMSIS_RTOS_V2/cmsis_os2.o
 .text.SysTick_Handler
                0x0000000008006934       0x20 ./Middlewares/Third_Party/FreeRTOS/Source/CMSIS_RTOS_V2/cmsis_os2.o
                0x0000000008006934                SysTick_Handler
 .text.SVC_Setup
                0x0000000008006954       0x12 ./Middlewares/Third_Party/FreeRTOS/Source/CMSIS_RTOS_V2/cmsis_os2.o
 *fill*         0x0000000008006966        0x2 
 .text.osKernelInitialize
                0x0000000008006968       0x48 ./Middlewares/Third_Party/FreeRTOS/Source/CMSIS_RTOS_V2/cmsis_os2.o
                0x0000000008006968                osKernelInitialize
 .text.osKernelStart
                0x00000000080069b0       0x4c ./Middlewares/Third_Party/FreeRTOS/Source/CMSIS_RTOS_V2/cmsis_os2.o
                0x00000000080069b0                osKernelStart
 .text.osThreadNew
                0x00000000080069fc      0x124 ./Middlewares/Third_Party/FreeRTOS/Source/CMSIS_RTOS_V2/cmsis_os2.o
                0x00000000080069fc                osThreadNew
 .text.osDelay  0x0000000008006b20       0x36 ./Middlewares/Third_Party/FreeRTOS/Source/CMSIS_RTOS_V2/cmsis_os2.o
                0x0000000008006b20                osDelay
 .text.osMessageQueueNew
                0x0000000008006b56       0xe6 ./Middlewares/Third_Party/FreeRTOS/Source/CMSIS_RTOS_V2/cmsis_os2.o
                0x0000000008006b56                osMessageQueueNew
 .text.osMessageQueuePut
                0x0000000008006c3c       0xc0 ./Middlewares/Third_Party/FreeRTOS/Source/CMSIS_RTOS_V2/cmsis_os2.o
                0x0000000008006c3c                osMessageQueuePut
 .text.osMessageQueueGet
                0x0000000008006cfc       0xbc ./Middlewares/Third_Party/FreeRTOS/Source/CMSIS_RTOS_V2/cmsis_os2.o
                0x0000000008006cfc                osMessageQueueGet
 .text.vApplicationGetIdleTaskMemory
                0x0000000008006db8       0x34 ./Middlewares/Third_Party/FreeRTOS/Source/CMSIS_RTOS_V2/cmsis_os2.o
                0x0000000008006db8                vApplicationGetIdleTaskMemory
 .text.vApplicationGetTimerTaskMemory
                0x0000000008006dec       0x34 ./Middlewares/Third_Party/FreeRTOS/Source/CMSIS_RTOS_V2/cmsis_os2.o
                0x0000000008006dec                vApplicationGetTimerTaskMemory
 .text.vListInitialise
                0x0000000008006e20       0x40 ./Middlewares/Third_Party/FreeRTOS/Source/list.o
                0x0000000008006e20                vListInitialise
 .text.vListInitialiseItem
                0x0000000008006e60       0x1a ./Middlewares/Third_Party/FreeRTOS/Source/list.o
                0x0000000008006e60                vListInitialiseItem
 .text.vListInsertEnd
                0x0000000008006e7a       0x48 ./Middlewares/Third_Party/FreeRTOS/Source/list.o
                0x0000000008006e7a                vListInsertEnd
 .text.vListInsert
                0x0000000008006ec2       0x72 ./Middlewares/Third_Party/FreeRTOS/Source/list.o
                0x0000000008006ec2                vListInsert
 .text.uxListRemove
                0x0000000008006f34       0x54 ./Middlewares/Third_Party/FreeRTOS/Source/list.o
                0x0000000008006f34                uxListRemove
 .text.xQueueGenericReset
                0x0000000008006f88       0xb6 ./Middlewares/Third_Party/FreeRTOS/Source/queue.o
                0x0000000008006f88                xQueueGenericReset
 .text.xQueueGenericCreateStatic
                0x000000000800703e       0xf0 ./Middlewares/Third_Party/FreeRTOS/Source/queue.o
                0x000000000800703e                xQueueGenericCreateStatic
 .text.xQueueGenericCreate
                0x000000000800712e       0x74 ./Middlewares/Third_Party/FreeRTOS/Source/queue.o
                0x000000000800712e                xQueueGenericCreate
 .text.prvInitialiseNewQueue
                0x00000000080071a2       0x46 ./Middlewares/Third_Party/FreeRTOS/Source/queue.o
 .text.xQueueGenericSend
                0x00000000080071e8      0x1cc ./Middlewares/Third_Party/FreeRTOS/Source/queue.o
                0x00000000080071e8                xQueueGenericSend
 .text.xQueueGenericSendFromISR
                0x00000000080073b4      0x136 ./Middlewares/Third_Party/FreeRTOS/Source/queue.o
                0x00000000080073b4                xQueueGenericSendFromISR
 *fill*         0x00000000080074ea        0x2 
 .text.xQueueReceive
                0x00000000080074ec      0x1a8 ./Middlewares/Third_Party/FreeRTOS/Source/queue.o
                0x00000000080074ec                xQueueReceive
 .text.xQueueReceiveFromISR
                0x0000000008007694      0x100 ./Middlewares/Third_Party/FreeRTOS/Source/queue.o
                0x0000000008007694                xQueueReceiveFromISR
 .text.prvCopyDataToQueue
                0x0000000008007794       0xd4 ./Middlewares/Third_Party/FreeRTOS/Source/queue.o
 .text.prvCopyDataFromQueue
                0x0000000008007868       0x4c ./Middlewares/Third_Party/FreeRTOS/Source/queue.o
 .text.prvUnlockQueue
                0x00000000080078b4       0xa4 ./Middlewares/Third_Party/FreeRTOS/Source/queue.o
 .text.prvIsQueueEmpty
                0x0000000008007958       0x2c ./Middlewares/Third_Party/FreeRTOS/Source/queue.o
 .text.prvIsQueueFull
                0x0000000008007984       0x30 ./Middlewares/Third_Party/FreeRTOS/Source/queue.o
 .text.vQueueAddToRegistry
                0x00000000080079b4       0x54 ./Middlewares/Third_Party/FreeRTOS/Source/queue.o
                0x00000000080079b4                vQueueAddToRegistry
 .text.vQueueWaitForMessageRestricted
                0x0000000008007a08       0x68 ./Middlewares/Third_Party/FreeRTOS/Source/queue.o
                0x0000000008007a08                vQueueWaitForMessageRestricted
 .text.xTaskCreateStatic
                0x0000000008007a70       0xba ./Middlewares/Third_Party/FreeRTOS/Source/tasks.o
                0x0000000008007a70                xTaskCreateStatic
 .text.xTaskCreate
                0x0000000008007b2a       0x8a ./Middlewares/Third_Party/FreeRTOS/Source/tasks.o
                0x0000000008007b2a                xTaskCreate
 .text.prvInitialiseNewTask
                0x0000000008007bb4      0x11e ./Middlewares/Third_Party/FreeRTOS/Source/tasks.o
 *fill*         0x0000000008007cd2        0x2 
 .text.prvAddNewTaskToReadyList
                0x0000000008007cd4       0xc0 ./Middlewares/Third_Party/FreeRTOS/Source/tasks.o
 .text.vTaskDelay
                0x0000000008007d94       0x68 ./Middlewares/Third_Party/FreeRTOS/Source/tasks.o
                0x0000000008007d94                vTaskDelay
 .text.vTaskStartScheduler
                0x0000000008007dfc       0xcc ./Middlewares/Third_Party/FreeRTOS/Source/tasks.o
                0x0000000008007dfc                vTaskStartScheduler
 .text.vTaskSuspendAll
                0x0000000008007ec8       0x1c ./Middlewares/Third_Party/FreeRTOS/Source/tasks.o
                0x0000000008007ec8                vTaskSuspendAll
 .text.xTaskResumeAll
                0x0000000008007ee4      0x120 ./Middlewares/Third_Party/FreeRTOS/Source/tasks.o
                0x0000000008007ee4                xTaskResumeAll
 .text.xTaskGetTickCount
                0x0000000008008004       0x20 ./Middlewares/Third_Party/FreeRTOS/Source/tasks.o
                0x0000000008008004                xTaskGetTickCount
 .text.xTaskIncrementTick
                0x0000000008008024      0x12c ./Middlewares/Third_Party/FreeRTOS/Source/tasks.o
                0x0000000008008024                xTaskIncrementTick
 .text.vTaskSwitchContext
                0x0000000008008150       0xbc ./Middlewares/Third_Party/FreeRTOS/Source/tasks.o
                0x0000000008008150                vTaskSwitchContext
 .text.vTaskPlaceOnEventList
                0x000000000800820c       0x48 ./Middlewares/Third_Party/FreeRTOS/Source/tasks.o
                0x000000000800820c                vTaskPlaceOnEventList
 .text.vTaskPlaceOnEventListRestricted
                0x0000000008008254       0x58 ./Middlewares/Third_Party/FreeRTOS/Source/tasks.o
                0x0000000008008254                vTaskPlaceOnEventListRestricted
 .text.xTaskRemoveFromEventList
                0x00000000080082ac       0xc8 ./Middlewares/Third_Party/FreeRTOS/Source/tasks.o
                0x00000000080082ac                xTaskRemoveFromEventList
 .text.vTaskInternalSetTimeOutState
                0x0000000008008374       0x2c ./Middlewares/Third_Party/FreeRTOS/Source/tasks.o
                0x0000000008008374                vTaskInternalSetTimeOutState
 .text.xTaskCheckForTimeOut
                0x00000000080083a0       0xc4 ./Middlewares/Third_Party/FreeRTOS/Source/tasks.o
                0x00000000080083a0                xTaskCheckForTimeOut
 .text.vTaskMissedYield
                0x0000000008008464       0x18 ./Middlewares/Third_Party/FreeRTOS/Source/tasks.o
                0x0000000008008464                vTaskMissedYield
 .text.prvIdleTask
                0x000000000800847c       0x24 ./Middlewares/Third_Party/FreeRTOS/Source/tasks.o
 .text.prvInitialiseTaskLists
                0x00000000080084a0       0x80 ./Middlewares/Third_Party/FreeRTOS/Source/tasks.o
 .text.prvCheckTasksWaitingTermination
                0x0000000008008520       0x5c ./Middlewares/Third_Party/FreeRTOS/Source/tasks.o
 .text.prvDeleteTCB
                0x000000000800857c       0x5e ./Middlewares/Third_Party/FreeRTOS/Source/tasks.o
 *fill*         0x00000000080085da        0x2 
 .text.prvResetNextTaskUnblockTime
                0x00000000080085dc       0x40 ./Middlewares/Third_Party/FreeRTOS/Source/tasks.o
 .text.xTaskGetSchedulerState
                0x000000000800861c       0x3c ./Middlewares/Third_Party/FreeRTOS/Source/tasks.o
                0x000000000800861c                xTaskGetSchedulerState
 .text.xTaskPriorityDisinherit
                0x0000000008008658       0xdc ./Middlewares/Third_Party/FreeRTOS/Source/tasks.o
                0x0000000008008658                xTaskPriorityDisinherit
 .text.prvAddCurrentTaskToDelayedList
                0x0000000008008734       0xa8 ./Middlewares/Third_Party/FreeRTOS/Source/tasks.o
 .text.xTimerCreateTimerTask
                0x00000000080087dc       0x90 ./Middlewares/Third_Party/FreeRTOS/Source/timers.o
                0x00000000080087dc                xTimerCreateTimerTask
 .text.xTimerGenericCommand
                0x000000000800886c       0x9c ./Middlewares/Third_Party/FreeRTOS/Source/timers.o
                0x000000000800886c                xTimerGenericCommand
 .text.prvProcessExpiredTimer
                0x0000000008008908       0x98 ./Middlewares/Third_Party/FreeRTOS/Source/timers.o
 .text.prvTimerTask
                0x00000000080089a0       0x24 ./Middlewares/Third_Party/FreeRTOS/Source/timers.o
 .text.prvProcessTimerOrBlockTask
                0x00000000080089c4       0x9c ./Middlewares/Third_Party/FreeRTOS/Source/timers.o
 .text.prvGetNextExpireTime
                0x0000000008008a60       0x48 ./Middlewares/Third_Party/FreeRTOS/Source/timers.o
 .text.prvSampleTimeNow
                0x0000000008008aa8       0x40 ./Middlewares/Third_Party/FreeRTOS/Source/timers.o
 .text.prvInsertTimerInActiveList
                0x0000000008008ae8       0x84 ./Middlewares/Third_Party/FreeRTOS/Source/timers.o
 .text.prvProcessReceivedCommands
                0x0000000008008b6c      0x1c4 ./Middlewares/Third_Party/FreeRTOS/Source/timers.o
 .text.prvSwitchTimerLists
                0x0000000008008d30       0xc8 ./Middlewares/Third_Party/FreeRTOS/Source/timers.o
 .text.prvCheckForValidListAndQueue
                0x0000000008008df8       0x80 ./Middlewares/Third_Party/FreeRTOS/Source/timers.o
 .text.pxPortInitialiseStack
                0x0000000008008e78       0x68 ./Middlewares/Third_Party/FreeRTOS/Source/portable/GCC/ARM_CM4F/port.o
                0x0000000008008e78                pxPortInitialiseStack
 .text.prvTaskExitError
                0x0000000008008ee0       0x58 ./Middlewares/Third_Party/FreeRTOS/Source/portable/GCC/ARM_CM4F/port.o
 *fill*         0x0000000008008f38        0x8 
 .text.SVC_Handler
                0x0000000008008f40       0x28 ./Middlewares/Third_Party/FreeRTOS/Source/portable/GCC/ARM_CM4F/port.o
                0x0000000008008f40                SVC_Handler
 .text.prvPortStartFirstTask
                0x0000000008008f68       0x28 ./Middlewares/Third_Party/FreeRTOS/Source/portable/GCC/ARM_CM4F/port.o
 .text.xPortStartScheduler
                0x0000000008008f90      0x144 ./Middlewares/Third_Party/FreeRTOS/Source/portable/GCC/ARM_CM4F/port.o
                0x0000000008008f90                xPortStartScheduler
 .text.vPortEnterCritical
                0x00000000080090d4       0x60 ./Middlewares/Third_Party/FreeRTOS/Source/portable/GCC/ARM_CM4F/port.o
                0x00000000080090d4                vPortEnterCritical
 .text.vPortExitCritical
                0x0000000008009134       0x54 ./Middlewares/Third_Party/FreeRTOS/Source/portable/GCC/ARM_CM4F/port.o
                0x0000000008009134                vPortExitCritical
 *fill*         0x0000000008009188        0x8 
 .text.PendSV_Handler
                0x0000000008009190       0x68 ./Middlewares/Third_Party/FreeRTOS/Source/portable/GCC/ARM_CM4F/port.o
                0x0000000008009190                PendSV_Handler
 .text.xPortSysTickHandler
                0x00000000080091f8       0x44 ./Middlewares/Third_Party/FreeRTOS/Source/portable/GCC/ARM_CM4F/port.o
                0x00000000080091f8                xPortSysTickHandler
 .text.vPortSetupTimerInterrupt
                0x000000000800923c       0x48 ./Middlewares/Third_Party/FreeRTOS/Source/portable/GCC/ARM_CM4F/port.o
                0x000000000800923c                vPortSetupTimerInterrupt
 .text.vPortEnableVFP
                0x0000000008009284       0x14 ./Middlewares/Third_Party/FreeRTOS/Source/portable/GCC/ARM_CM4F/port.o
 .text.vPortValidateInterruptPriority
                0x0000000008009298       0x80 ./Middlewares/Third_Party/FreeRTOS/Source/portable/GCC/ARM_CM4F/port.o
                0x0000000008009298                vPortValidateInterruptPriority
 .text.pvPortMalloc
                0x0000000008009318      0x198 ./Middlewares/Third_Party/FreeRTOS/Source/portable/MemMang/heap_4.o
                0x0000000008009318                pvPortMalloc
 .text.vPortFree
                0x00000000080094b0       0xc4 ./Middlewares/Third_Party/FreeRTOS/Source/portable/MemMang/heap_4.o
                0x00000000080094b0                vPortFree
 .text.prvHeapInit
                0x0000000008009574       0xc4 ./Middlewares/Third_Party/FreeRTOS/Source/portable/MemMang/heap_4.o
 .text.prvInsertBlockIntoFreeList
                0x0000000008009638       0xb4 ./Middlewares/Third_Party/FreeRTOS/Source/portable/MemMang/heap_4.o
 .text.atoi     0x00000000080096ec        0x8 c:/st/stm32cubeide_1.12.1/stm32cubeide/plugins/com.st.stm32cube.ide.mcu.externaltools.gnu-tools-for-stm32.10.3-2021.10.win32_1.0.200.202301161003/tools/bin/../lib/gcc/arm-none-eabi/10.3.1/../../../../arm-none-eabi/lib/thumb/v7e-m+fp/hard\libc_nano.a(lib_a-atoi.o)
                0x00000000080096ec                atoi
 .text.__errno  0x00000000080096f4        0xc c:/st/stm32cubeide_1.12.1/stm32cubeide/plugins/com.st.stm32cube.ide.mcu.externaltools.gnu-tools-for-stm32.10.3-2021.10.win32_1.0.200.202301161003/tools/bin/../lib/gcc/arm-none-eabi/10.3.1/../../../../arm-none-eabi/lib/thumb/v7e-m+fp/hard\libc_nano.a(lib_a-errno.o)
                0x00000000080096f4                __errno
 .text.__libc_init_array
                0x0000000008009700       0x48 c:/st/stm32cubeide_1.12.1/stm32cubeide/plugins/com.st.stm32cube.ide.mcu.externaltools.gnu-tools-for-stm32.10.3-2021.10.win32_1.0.200.202301161003/tools/bin/../lib/gcc/arm-none-eabi/10.3.1/../../../../arm-none-eabi/lib/thumb/v7e-m+fp/hard\libc_nano.a(lib_a-init.o)
                0x0000000008009700                __libc_init_array
 .text.memcpy   0x0000000008009748       0x1c c:/st/stm32cubeide_1.12.1/stm32cubeide/plugins/com.st.stm32cube.ide.mcu.externaltools.gnu-tools-for-stm32.10.3-2021.10.win32_1.0.200.202301161003/tools/bin/../lib/gcc/arm-none-eabi/10.3.1/../../../../arm-none-eabi/lib/thumb/v7e-m+fp/hard\libc_nano.a(lib_a-memcpy-stub.o)
                0x0000000008009748                memcpy
 .text.memset   0x0000000008009764       0x10 c:/st/stm32cubeide_1.12.1/stm32cubeide/plugins/com.st.stm32cube.ide.mcu.externaltools.gnu-tools-for-stm32.10.3-2021.10.win32_1.0.200.202301161003/tools/bin/../lib/gcc/arm-none-eabi/10.3.1/../../../../arm-none-eabi/lib/thumb/v7e-m+fp/hard\libc_nano.a(lib_a-memset.o)
                0x0000000008009764                memset
 .text._strtol_l.constprop.0
                0x0000000008009774      0x104 c:/st/stm32cubeide_1.12.1/stm32cubeide/plugins/com.st.stm32cube.ide.mcu.externaltools.gnu-tools-for-stm32.10.3-2021.10.win32_1.0.200.202301161003/tools/bin/../lib/gcc/arm-none-eabi/10.3.1/../../../../arm-none-eabi/lib/thumb/v7e-m+fp/hard\libc_nano.a(lib_a-strtol.o)
 .text.strtol   0x0000000008009878       0x14 c:/st/stm32cubeide_1.12.1/stm32cubeide/plugins/com.st.stm32cube.ide.mcu.externaltools.gnu-tools-for-stm32.10.3-2021.10.win32_1.0.200.202301161003/tools/bin/../lib/gcc/arm-none-eabi/10.3.1/../../../../arm-none-eabi/lib/thumb/v7e-m+fp/hard\libc_nano.a(lib_a-strtol.o)
                0x0000000008009878                strtol
 *(.glue_7)
 .glue_7        0x000000000800988c        0x0 linker stubs
 *(.glue_7t)
 .glue_7t       0x000000000800988c        0x0 linker stubs
 *(.eh_frame)
 .eh_frame      0x000000000800988c        0x0 c:/st/stm32cubeide_1.12.1/stm32cubeide/plugins/com.st.stm32cube.ide.mcu.externaltools.gnu-tools-for-stm32.10.3-2021.10.win32_1.0.200.202301161003/tools/bin/../lib/gcc/arm-none-eabi/10.3.1/thumb/v7e-m+fp/hard/crtbegin.o
 *(.init)
 .init          0x000000000800988c        0x4 c:/st/stm32cubeide_1.12.1/stm32cubeide/plugins/com.st.stm32cube.ide.mcu.externaltools.gnu-tools-for-stm32.10.3-2021.10.win32_1.0.200.202301161003/tools/bin/../lib/gcc/arm-none-eabi/10.3.1/thumb/v7e-m+fp/hard/crti.o
                0x000000000800988c                _init
 .init          0x0000000008009890        0x8 c:/st/stm32cubeide_1.12.1/stm32cubeide/plugins/com.st.stm32cube.ide.mcu.externaltools.gnu-tools-for-stm32.10.3-2021.10.win32_1.0.200.202301161003/tools/bin/../lib/gcc/arm-none-eabi/10.3.1/thumb/v7e-m+fp/hard/crtn.o
 *(.fini)
 .fini          0x0000000008009898        0x4 c:/st/stm32cubeide_1.12.1/stm32cubeide/plugins/com.st.stm32cube.ide.mcu.externaltools.gnu-tools-for-stm32.10.3-2021.10.win32_1.0.200.202301161003/tools/bin/../lib/gcc/arm-none-eabi/10.3.1/thumb/v7e-m+fp/hard/crti.o
                0x0000000008009898                _fini
 .fini          0x000000000800989c        0x8 c:/st/stm32cubeide_1.12.1/stm32cubeide/plugins/com.st.stm32cube.ide.mcu.externaltools.gnu-tools-for-stm32.10.3-2021.10.win32_1.0.200.202301161003/tools/bin/../lib/gcc/arm-none-eabi/10.3.1/thumb/v7e-m+fp/hard/crtn.o
                0x00000000080098a4                . = ALIGN (0x4)
                0x00000000080098a4                _etext = .

.vfp11_veneer   0x00000000080098a4        0x0
 .vfp11_veneer  0x00000000080098a4        0x0 linker stubs

.v4_bx          0x00000000080098a4        0x0
 .v4_bx         0x00000000080098a4        0x0 linker stubs

.iplt           0x00000000080098a4        0x0
 .iplt          0x00000000080098a4        0x0 c:/st/stm32cubeide_1.12.1/stm32cubeide/plugins/com.st.stm32cube.ide.mcu.externaltools.gnu-tools-for-stm32.10.3-2021.10.win32_1.0.200.202301161003/tools/bin/../lib/gcc/arm-none-eabi/10.3.1/thumb/v7e-m+fp/hard/crtbegin.o

.rodata         0x00000000080098a4      0x284
                0x00000000080098a4                . = ALIGN (0x4)
 *(.rodata)
 .rodata        0x00000000080098a4       0x4f ./Core/Src/freertos.o
 *fill*         0x00000000080098f3        0x1 
 .rodata        0x00000000080098f4        0x5 ./Middlewares/Third_Party/FreeRTOS/Source/tasks.o
 *fill*         0x00000000080098f9        0x3 
 .rodata        0x00000000080098fc        0xd ./Middlewares/Third_Party/FreeRTOS/Source/timers.o
 *(.rodata*)
 *fill*         0x0000000008009909        0x3 
 .rodata.HCSR04_CfgParam
                0x000000000800990c       0x14 ./Core/HCSR04/HCSR04_cfg.o
                0x000000000800990c                HCSR04_CfgParam
 .rodata.SERVO_CfgParam
                0x0000000008009920       0x20 ./Core/SERVO/SERVO_cfg.o
                0x0000000008009920                SERVO_CfgParam
 .rodata.motorTask_attributes
                0x0000000008009940       0x24 ./Core/Src/freertos.o
                0x0000000008009940                motorTask_attributes
 .rodata.ACCTask_attributes
                0x0000000008009964       0x24 ./Core/Src/freertos.o
                0x0000000008009964                ACCTask_attributes
 .rodata.NormalModeTask_attributes
                0x0000000008009988       0x24 ./Core/Src/freertos.o
                0x0000000008009988                NormalModeTask_attributes
 .rodata.GUI_UpdateTask_attributes
                0x00000000080099ac       0x24 ./Core/Src/freertos.o
                0x00000000080099ac                GUI_UpdateTask_attributes
 .rodata.SelfDrivingTask_attributes
                0x00000000080099d0       0x24 ./Core/Src/freertos.o
                0x00000000080099d0                SelfDrivingTask_attributes
 .rodata.motorQueue_attributes
                0x00000000080099f4       0x18 ./Core/Src/freertos.o
                0x00000000080099f4                motorQueue_attributes
 .rodata.AHBPrescTable
                0x0000000008009a0c       0x10 ./Core/Src/system_stm32f4xx.o
                0x0000000008009a0c                AHBPrescTable
 .rodata.APBPrescTable
                0x0000000008009a1c        0x8 ./Core/Src/system_stm32f4xx.o
                0x0000000008009a1c                APBPrescTable
 .rodata._ctype_
                0x0000000008009a24      0x101 c:/st/stm32cubeide_1.12.1/stm32cubeide/plugins/com.st.stm32cube.ide.mcu.externaltools.gnu-tools-for-stm32.10.3-2021.10.win32_1.0.200.202301161003/tools/bin/../lib/gcc/arm-none-eabi/10.3.1/../../../../arm-none-eabi/lib/thumb/v7e-m+fp/hard\libc_nano.a(lib_a-ctype_.o)
                0x0000000008009a24                _ctype_
                0x0000000008009b28                . = ALIGN (0x4)
 *fill*         0x0000000008009b25        0x3 

.ARM.extab      0x0000000008009b28        0x0
                0x0000000008009b28                . = ALIGN (0x4)
 *(.ARM.extab* .gnu.linkonce.armextab.*)
                0x0000000008009b28                . = ALIGN (0x4)

.ARM            0x0000000008009b28        0x8
                0x0000000008009b28                . = ALIGN (0x4)
                0x0000000008009b28                __exidx_start = .
 *(.ARM.exidx*)
 .ARM.exidx     0x0000000008009b28        0x8 c:/st/stm32cubeide_1.12.1/stm32cubeide/plugins/com.st.stm32cube.ide.mcu.externaltools.gnu-tools-for-stm32.10.3-2021.10.win32_1.0.200.202301161003/tools/bin/../lib/gcc/arm-none-eabi/10.3.1/thumb/v7e-m+fp/hard\libgcc.a(_udivmoddi4.o)
                0x0000000008009b30                __exidx_end = .
                0x0000000008009b30                . = ALIGN (0x4)

.rel.dyn        0x0000000008009b30        0x0
 .rel.iplt      0x0000000008009b30        0x0 c:/st/stm32cubeide_1.12.1/stm32cubeide/plugins/com.st.stm32cube.ide.mcu.externaltools.gnu-tools-for-stm32.10.3-2021.10.win32_1.0.200.202301161003/tools/bin/../lib/gcc/arm-none-eabi/10.3.1/thumb/v7e-m+fp/hard/crtbegin.o

.preinit_array  0x0000000008009b30        0x0
                0x0000000008009b30                . = ALIGN (0x4)
                0x0000000008009b30                PROVIDE (__preinit_array_start = .)
 *(.preinit_array*)
                0x0000000008009b30                PROVIDE (__preinit_array_end = .)
                0x0000000008009b30                . = ALIGN (0x4)

.init_array     0x0000000008009b30        0x4
                0x0000000008009b30                . = ALIGN (0x4)
                0x0000000008009b30                PROVIDE (__init_array_start = .)
 *(SORT_BY_NAME(.init_array.*))
 *(.init_array*)
 .init_array    0x0000000008009b30        0x4 c:/st/stm32cubeide_1.12.1/stm32cubeide/plugins/com.st.stm32cube.ide.mcu.externaltools.gnu-tools-for-stm32.10.3-2021.10.win32_1.0.200.202301161003/tools/bin/../lib/gcc/arm-none-eabi/10.3.1/thumb/v7e-m+fp/hard/crtbegin.o
                0x0000000008009b34                PROVIDE (__init_array_end = .)
                0x0000000008009b34                . = ALIGN (0x4)

.fini_array     0x0000000008009b34        0x4
                0x0000000008009b34                . = ALIGN (0x4)
                [!provide]                        PROVIDE (__fini_array_start = .)
 *(SORT_BY_NAME(.fini_array.*))
 *(.fini_array*)
 .fini_array    0x0000000008009b34        0x4 c:/st/stm32cubeide_1.12.1/stm32cubeide/plugins/com.st.stm32cube.ide.mcu.externaltools.gnu-tools-for-stm32.10.3-2021.10.win32_1.0.200.202301161003/tools/bin/../lib/gcc/arm-none-eabi/10.3.1/thumb/v7e-m+fp/hard/crtbegin.o
                [!provide]                        PROVIDE (__fini_array_end = .)
                0x0000000008009b38                . = ALIGN (0x4)
                0x0000000008009b38                _sidata = LOADADDR (.data)

.data           0x0000000020000000       0x88 load address 0x0000000008009b38
                0x0000000020000000                . = ALIGN (0x4)
                0x0000000020000000                _sdata = .
 *(.data)
 *(.data*)
 .data.Car_Current_Status
                0x0000000020000000        0x1 ./Core/Src/main.o
                0x0000000020000000                Car_Current_Status
 .data.Car_Current_Speed
                0x0000000020000001        0x1 ./Core/Src/main.o
                0x0000000020000001                Car_Current_Speed
 *fill*         0x0000000020000002        0x2 
 .data.Buffer_GUI
                0x0000000020000004        0xe ./Core/Src/main.o
                0x0000000020000004                Buffer_GUI
 *fill*         0x0000000020000012        0x2 
 .data.SystemCoreClock
                0x0000000020000014        0x4 ./Core/Src/system_stm32f4xx.o
                0x0000000020000014                SystemCoreClock
 .data.uwTickPrio
                0x0000000020000018        0x4 ./Drivers/STM32F4xx_HAL_Driver/Src/stm32f4xx_hal.o
                0x0000000020000018                uwTickPrio
 .data.uwTickFreq
                0x000000002000001c        0x1 ./Drivers/STM32F4xx_HAL_Driver/Src/stm32f4xx_hal.o
                0x000000002000001c                uwTickFreq
 *fill*         0x000000002000001d        0x3 
 .data.uxCriticalNesting
                0x0000000020000020        0x4 ./Middlewares/Third_Party/FreeRTOS/Source/portable/GCC/ARM_CM4F/port.o
 .data._impure_ptr
                0x0000000020000024        0x4 c:/st/stm32cubeide_1.12.1/stm32cubeide/plugins/com.st.stm32cube.ide.mcu.externaltools.gnu-tools-for-stm32.10.3-2021.10.win32_1.0.200.202301161003/tools/bin/../lib/gcc/arm-none-eabi/10.3.1/../../../../arm-none-eabi/lib/thumb/v7e-m+fp/hard\libc_nano.a(lib_a-impure.o)
                0x0000000020000024                _impure_ptr
 .data.impure_data
                0x0000000020000028       0x60 c:/st/stm32cubeide_1.12.1/stm32cubeide/plugins/com.st.stm32cube.ide.mcu.externaltools.gnu-tools-for-stm32.10.3-2021.10.win32_1.0.200.202301161003/tools/bin/../lib/gcc/arm-none-eabi/10.3.1/../../../../arm-none-eabi/lib/thumb/v7e-m+fp/hard\libc_nano.a(lib_a-impure.o)
 *(.RamFunc)
 *(.RamFunc*)
                0x0000000020000088                . = ALIGN (0x4)
                0x0000000020000088                _edata = .

.igot.plt       0x0000000020000088        0x0 load address 0x0000000008009bc0
 .igot.plt      0x0000000020000088        0x0 c:/st/stm32cubeide_1.12.1/stm32cubeide/plugins/com.st.stm32cube.ide.mcu.externaltools.gnu-tools-for-stm32.10.3-2021.10.win32_1.0.200.202301161003/tools/bin/../lib/gcc/arm-none-eabi/10.3.1/thumb/v7e-m+fp/hard/crtbegin.o
                0x0000000020000088                . = ALIGN (0x4)

.bss            0x0000000020000088     0x4b4c load address 0x0000000008009bc0
                0x0000000020000088                _sbss = .
                0x0000000020000088                __bss_start__ = _sbss
 *(.bss)
 .bss           0x0000000020000088       0x1c c:/st/stm32cubeide_1.12.1/stm32cubeide/plugins/com.st.stm32cube.ide.mcu.externaltools.gnu-tools-for-stm32.10.3-2021.10.win32_1.0.200.202301161003/tools/bin/../lib/gcc/arm-none-eabi/10.3.1/thumb/v7e-m+fp/hard/crtbegin.o
 *(.bss*)
 .bss.gs_HCSR04_info
                0x00000000200000a4       0x24 ./Core/HCSR04/HCSR04.o
 .bss.gs_SERVO_info
                0x00000000200000c8        0x4 ./Core/SERVO/SERVO.o
 .bss.Distance  0x00000000200000cc        0x4 ./Core/Src/freertos.o
                0x00000000200000cc                Distance
 .bss.Distance_Right
                0x00000000200000d0        0x4 ./Core/Src/freertos.o
                0x00000000200000d0                Distance_Right
 .bss.Distance_Left
                0x00000000200000d4        0x4 ./Core/Src/freertos.o
                0x00000000200000d4                Distance_Left
 .bss.motorTaskHandle
                0x00000000200000d8        0x4 ./Core/Src/freertos.o
                0x00000000200000d8                motorTaskHandle
 .bss.ACCTaskHandle
                0x00000000200000dc        0x4 ./Core/Src/freertos.o
                0x00000000200000dc                ACCTaskHandle
 .bss.NormalModeTaskHandle
                0x00000000200000e0        0x4 ./Core/Src/freertos.o
                0x00000000200000e0                NormalModeTaskHandle
 .bss.GUI_UpdateTaskHandle
                0x00000000200000e4        0x4 ./Core/Src/freertos.o
                0x00000000200000e4                GUI_UpdateTaskHandle
 .bss.SelfDrivingTaskHandle
                0x00000000200000e8        0x4 ./Core/Src/freertos.o
                0x00000000200000e8                SelfDrivingTaskHandle
 .bss.motorQueueHandle
                0x00000000200000ec        0x4 ./Core/Src/freertos.o
                0x00000000200000ec                motorQueueHandle
 .bss.TRIG_Ticks.3
                0x00000000200000f0        0x1 ./Core/Src/freertos.o
 *fill*         0x00000000200000f1        0x7 
 .bss.prev_distance.2
                0x00000000200000f8        0x8 ./Core/Src/freertos.o
 .bss.prev_distances.1
                0x0000000020000100       0x10 ./Core/Src/freertos.o
 .bss.TRIG_Ticks.0
                0x0000000020000110        0x1 ./Core/Src/freertos.o
 *fill*         0x0000000020000111        0x1 
 .bss.Buffer_ASCII_TO_INT
                0x0000000020000112        0x2 ./Core/Src/main.o
                0x0000000020000112                Buffer_ASCII_TO_INT
 .bss.Buffer    0x0000000020000114        0x4 ./Core/Src/main.o
                0x0000000020000114                Buffer
 .bss.Car_Current_Mode
                0x0000000020000118        0x1 ./Core/Src/main.o
                0x0000000020000118                Car_Current_Mode
 .bss.Car_Current_Direction
                0x0000000020000119        0x1 ./Core/Src/main.o
                0x0000000020000119                Car_Current_Direction
 .bss.GUI_TRANSMIT_INSTANT
                0x000000002000011a        0x1 ./Core/Src/main.o
                0x000000002000011a                GUI_TRANSMIT_INSTANT
 *fill*         0x000000002000011b        0x1 
 .bss.htim10    0x000000002000011c       0x48 ./Core/Src/stm32f4xx_hal_timebase_tim.o
                0x000000002000011c                htim10
 .bss.htim2     0x0000000020000164       0x48 ./Core/Src/tim.o
                0x0000000020000164                htim2
 .bss.htim5     0x00000000200001ac       0x48 ./Core/Src/tim.o
                0x00000000200001ac                htim5
 .bss.htim11    0x00000000200001f4       0x48 ./Core/Src/tim.o
                0x00000000200001f4                htim11
 .bss.huart2    0x000000002000023c       0x44 ./Core/Src/usart.o
                0x000000002000023c                huart2
 .bss.uwTick    0x0000000020000280        0x4 ./Drivers/STM32F4xx_HAL_Driver/Src/stm32f4xx_hal.o
                0x0000000020000280                uwTick
 .bss.KernelState
                0x0000000020000284        0x4 ./Middlewares/Third_Party/FreeRTOS/Source/CMSIS_RTOS_V2/cmsis_os2.o
 .bss.Idle_TCB.3
                0x0000000020000288       0x5c ./Middlewares/Third_Party/FreeRTOS/Source/CMSIS_RTOS_V2/cmsis_os2.o
 .bss.Idle_Stack.2
                0x00000000200002e4      0x200 ./Middlewares/Third_Party/FreeRTOS/Source/CMSIS_RTOS_V2/cmsis_os2.o
 .bss.Timer_TCB.1
                0x00000000200004e4       0x5c ./Middlewares/Third_Party/FreeRTOS/Source/CMSIS_RTOS_V2/cmsis_os2.o
 .bss.Timer_Stack.0
                0x0000000020000540      0x400 ./Middlewares/Third_Party/FreeRTOS/Source/CMSIS_RTOS_V2/cmsis_os2.o
 .bss.xQueueRegistry
                0x0000000020000940       0x40 ./Middlewares/Third_Party/FreeRTOS/Source/queue.o
                0x0000000020000940                xQueueRegistry
 .bss.pxCurrentTCB
                0x0000000020000980        0x4 ./Middlewares/Third_Party/FreeRTOS/Source/tasks.o
                0x0000000020000980                pxCurrentTCB
 .bss.pxReadyTasksLists
                0x0000000020000984      0x460 ./Middlewares/Third_Party/FreeRTOS/Source/tasks.o
 .bss.xDelayedTaskList1
                0x0000000020000de4       0x14 ./Middlewares/Third_Party/FreeRTOS/Source/tasks.o
 .bss.xDelayedTaskList2
                0x0000000020000df8       0x14 ./Middlewares/Third_Party/FreeRTOS/Source/tasks.o
 .bss.pxDelayedTaskList
                0x0000000020000e0c        0x4 ./Middlewares/Third_Party/FreeRTOS/Source/tasks.o
 .bss.pxOverflowDelayedTaskList
                0x0000000020000e10        0x4 ./Middlewares/Third_Party/FreeRTOS/Source/tasks.o
 .bss.xPendingReadyList
                0x0000000020000e14       0x14 ./Middlewares/Third_Party/FreeRTOS/Source/tasks.o
 .bss.xTasksWaitingTermination
                0x0000000020000e28       0x14 ./Middlewares/Third_Party/FreeRTOS/Source/tasks.o
 .bss.uxDeletedTasksWaitingCleanUp
                0x0000000020000e3c        0x4 ./Middlewares/Third_Party/FreeRTOS/Source/tasks.o
 .bss.xSuspendedTaskList
                0x0000000020000e40       0x14 ./Middlewares/Third_Party/FreeRTOS/Source/tasks.o
 .bss.uxCurrentNumberOfTasks
                0x0000000020000e54        0x4 ./Middlewares/Third_Party/FreeRTOS/Source/tasks.o
 .bss.xTickCount
                0x0000000020000e58        0x4 ./Middlewares/Third_Party/FreeRTOS/Source/tasks.o
 .bss.uxTopReadyPriority
                0x0000000020000e5c        0x4 ./Middlewares/Third_Party/FreeRTOS/Source/tasks.o
 .bss.xSchedulerRunning
                0x0000000020000e60        0x4 ./Middlewares/Third_Party/FreeRTOS/Source/tasks.o
 .bss.xPendedTicks
                0x0000000020000e64        0x4 ./Middlewares/Third_Party/FreeRTOS/Source/tasks.o
 .bss.xYieldPending
                0x0000000020000e68        0x4 ./Middlewares/Third_Party/FreeRTOS/Source/tasks.o
 .bss.xNumOfOverflows
                0x0000000020000e6c        0x4 ./Middlewares/Third_Party/FreeRTOS/Source/tasks.o
 .bss.uxTaskNumber
                0x0000000020000e70        0x4 ./Middlewares/Third_Party/FreeRTOS/Source/tasks.o
 .bss.xNextTaskUnblockTime
                0x0000000020000e74        0x4 ./Middlewares/Third_Party/FreeRTOS/Source/tasks.o
 .bss.xIdleTaskHandle
                0x0000000020000e78        0x4 ./Middlewares/Third_Party/FreeRTOS/Source/tasks.o
 .bss.uxSchedulerSuspended
                0x0000000020000e7c        0x4 ./Middlewares/Third_Party/FreeRTOS/Source/tasks.o
 .bss.xActiveTimerList1
                0x0000000020000e80       0x14 ./Middlewares/Third_Party/FreeRTOS/Source/timers.o
 .bss.xActiveTimerList2
                0x0000000020000e94       0x14 ./Middlewares/Third_Party/FreeRTOS/Source/timers.o
 .bss.pxCurrentTimerList
                0x0000000020000ea8        0x4 ./Middlewares/Third_Party/FreeRTOS/Source/timers.o
 .bss.pxOverflowTimerList
                0x0000000020000eac        0x4 ./Middlewares/Third_Party/FreeRTOS/Source/timers.o
 .bss.xTimerQueue
                0x0000000020000eb0        0x4 ./Middlewares/Third_Party/FreeRTOS/Source/timers.o
 .bss.xTimerTaskHandle
                0x0000000020000eb4        0x4 ./Middlewares/Third_Party/FreeRTOS/Source/timers.o
 .bss.xLastTime.2
                0x0000000020000eb8        0x4 ./Middlewares/Third_Party/FreeRTOS/Source/timers.o
 .bss.ucStaticTimerQueueStorage.1
                0x0000000020000ebc       0xa0 ./Middlewares/Third_Party/FreeRTOS/Source/timers.o
 .bss.xStaticTimerQueue.0
                0x0000000020000f5c       0x50 ./Middlewares/Third_Party/FreeRTOS/Source/timers.o
 .bss.ucMaxSysCallPriority
                0x0000000020000fac        0x1 ./Middlewares/Third_Party/FreeRTOS/Source/portable/GCC/ARM_CM4F/port.o
 *fill*         0x0000000020000fad        0x3 
 .bss.ulMaxPRIGROUPValue
                0x0000000020000fb0        0x4 ./Middlewares/Third_Party/FreeRTOS/Source/portable/GCC/ARM_CM4F/port.o
 .bss.ucHeap    0x0000000020000fb4     0x3c00 ./Middlewares/Third_Party/FreeRTOS/Source/portable/MemMang/heap_4.o
 .bss.xStart    0x0000000020004bb4        0x8 ./Middlewares/Third_Party/FreeRTOS/Source/portable/MemMang/heap_4.o
 .bss.pxEnd     0x0000000020004bbc        0x4 ./Middlewares/Third_Party/FreeRTOS/Source/portable/MemMang/heap_4.o
 .bss.xFreeBytesRemaining
                0x0000000020004bc0        0x4 ./Middlewares/Third_Party/FreeRTOS/Source/portable/MemMang/heap_4.o
 .bss.xMinimumEverFreeBytesRemaining
                0x0000000020004bc4        0x4 ./Middlewares/Third_Party/FreeRTOS/Source/portable/MemMang/heap_4.o
 .bss.xNumberOfSuccessfulAllocations
                0x0000000020004bc8        0x4 ./Middlewares/Third_Party/FreeRTOS/Source/portable/MemMang/heap_4.o
 .bss.xNumberOfSuccessfulFrees
                0x0000000020004bcc        0x4 ./Middlewares/Third_Party/FreeRTOS/Source/portable/MemMang/heap_4.o
 .bss.xBlockAllocatedBit
                0x0000000020004bd0        0x4 ./Middlewares/Third_Party/FreeRTOS/Source/portable/MemMang/heap_4.o
 *(COMMON)
                0x0000000020004bd4                . = ALIGN (0x4)
                0x0000000020004bd4                _ebss = .
                0x0000000020004bd4                __bss_end__ = _ebss

._user_heap_stack
                0x0000000020004bd4      0x604 load address 0x0000000008009bc0
                0x0000000020004bd8                . = ALIGN (0x8)
 *fill*         0x0000000020004bd4        0x4 
                [!provide]                        PROVIDE (end = .)
                0x0000000020004bd8                PROVIDE (_end = .)
                0x0000000020004dd8                . = (. + _Min_Heap_Size)
 *fill*         0x0000000020004bd8      0x200 
                0x00000000200051d8                . = (. + _Min_Stack_Size)
 *fill*         0x0000000020004dd8      0x400 
                0x00000000200051d8                . = ALIGN (0x8)

/DISCARD/
 libc.a(*)
 libm.a(*)
 libgcc.a(*)

.ARM.attributes
                0x0000000000000000       0x30
 *(.ARM.attributes)
 .ARM.attributes
                0x0000000000000000       0x1e c:/st/stm32cubeide_1.12.1/stm32cubeide/plugins/com.st.stm32cube.ide.mcu.externaltools.gnu-tools-for-stm32.10.3-2021.10.win32_1.0.200.202301161003/tools/bin/../lib/gcc/arm-none-eabi/10.3.1/thumb/v7e-m+fp/hard/crti.o
 .ARM.attributes
                0x000000000000001e       0x34 c:/st/stm32cubeide_1.12.1/stm32cubeide/plugins/com.st.stm32cube.ide.mcu.externaltools.gnu-tools-for-stm32.10.3-2021.10.win32_1.0.200.202301161003/tools/bin/../lib/gcc/arm-none-eabi/10.3.1/thumb/v7e-m+fp/hard/crtbegin.o
 .ARM.attributes
                0x0000000000000052       0x34 ./Core/DCMotor/DCMotor.o
 .ARM.attributes
                0x0000000000000086       0x34 ./Core/HCSR04/HCSR04.o
 .ARM.attributes
                0x00000000000000ba       0x34 ./Core/HCSR04/HCSR04_cfg.o
 .ARM.attributes
                0x00000000000000ee       0x34 ./Core/SERVO/SERVO.o
 .ARM.attributes
                0x0000000000000122       0x34 ./Core/SERVO/SERVO_cfg.o
 .ARM.attributes
                0x0000000000000156       0x34 ./Core/Src/freertos.o
 .ARM.attributes
                0x000000000000018a       0x34 ./Core/Src/gpio.o
 .ARM.attributes
                0x00000000000001be       0x34 ./Core/Src/main.o
 .ARM.attributes
                0x00000000000001f2       0x34 ./Core/Src/stm32f4xx_hal_msp.o
 .ARM.attributes
                0x0000000000000226       0x34 ./Core/Src/stm32f4xx_hal_timebase_tim.o
 .ARM.attributes
                0x000000000000025a       0x34 ./Core/Src/stm32f4xx_it.o
 .ARM.attributes
                0x000000000000028e       0x34 ./Core/Src/system_stm32f4xx.o
 .ARM.attributes
                0x00000000000002c2       0x34 ./Core/Src/tim.o
 .ARM.attributes
                0x00000000000002f6       0x34 ./Core/Src/usart.o
 .ARM.attributes
                0x000000000000032a       0x21 ./Core/Startup/startup_stm32f401rctx.o
 .ARM.attributes
                0x000000000000034b       0x34 ./Drivers/STM32F4xx_HAL_Driver/Src/stm32f4xx_hal.o
 .ARM.attributes
                0x000000000000037f       0x34 ./Drivers/STM32F4xx_HAL_Driver/Src/stm32f4xx_hal_cortex.o
 .ARM.attributes
                0x00000000000003b3       0x34 ./Drivers/STM32F4xx_HAL_Driver/Src/stm32f4xx_hal_dma.o
 .ARM.attributes
                0x00000000000003e7       0x34 ./Drivers/STM32F4xx_HAL_Driver/Src/stm32f4xx_hal_gpio.o
 .ARM.attributes
                0x000000000000041b       0x34 ./Drivers/STM32F4xx_HAL_Driver/Src/stm32f4xx_hal_rcc.o
 .ARM.attributes
                0x000000000000044f       0x34 ./Drivers/STM32F4xx_HAL_Driver/Src/stm32f4xx_hal_tim.o
 .ARM.attributes
                0x0000000000000483       0x34 ./Drivers/STM32F4xx_HAL_Driver/Src/stm32f4xx_hal_tim_ex.o
 .ARM.attributes
                0x00000000000004b7       0x34 ./Drivers/STM32F4xx_HAL_Driver/Src/stm32f4xx_hal_uart.o
 .ARM.attributes
                0x00000000000004eb       0x34 ./Middlewares/Third_Party/FreeRTOS/Source/CMSIS_RTOS_V2/cmsis_os2.o
 .ARM.attributes
                0x000000000000051f       0x34 ./Middlewares/Third_Party/FreeRTOS/Source/list.o
 .ARM.attributes
                0x0000000000000553       0x34 ./Middlewares/Third_Party/FreeRTOS/Source/queue.o
 .ARM.attributes
                0x0000000000000587       0x34 ./Middlewares/Third_Party/FreeRTOS/Source/tasks.o
 .ARM.attributes
                0x00000000000005bb       0x34 ./Middlewares/Third_Party/FreeRTOS/Source/timers.o
 .ARM.attributes
                0x00000000000005ef       0x34 ./Middlewares/Third_Party/FreeRTOS/Source/portable/GCC/ARM_CM4F/port.o
 .ARM.attributes
                0x0000000000000623       0x34 ./Middlewares/Third_Party/FreeRTOS/Source/portable/MemMang/heap_4.o
 .ARM.attributes
                0x0000000000000657       0x34 c:/st/stm32cubeide_1.12.1/stm32cubeide/plugins/com.st.stm32cube.ide.mcu.externaltools.gnu-tools-for-stm32.10.3-2021.10.win32_1.0.200.202301161003/tools/bin/../lib/gcc/arm-none-eabi/10.3.1/../../../../arm-none-eabi/lib/thumb/v7e-m+fp/hard\libc_nano.a(lib_a-atoi.o)
 .ARM.attributes
                0x000000000000068b       0x34 c:/st/stm32cubeide_1.12.1/stm32cubeide/plugins/com.st.stm32cube.ide.mcu.externaltools.gnu-tools-for-stm32.10.3-2021.10.win32_1.0.200.202301161003/tools/bin/../lib/gcc/arm-none-eabi/10.3.1/../../../../arm-none-eabi/lib/thumb/v7e-m+fp/hard\libc_nano.a(lib_a-errno.o)
 .ARM.attributes
                0x00000000000006bf       0x34 c:/st/stm32cubeide_1.12.1/stm32cubeide/plugins/com.st.stm32cube.ide.mcu.externaltools.gnu-tools-for-stm32.10.3-2021.10.win32_1.0.200.202301161003/tools/bin/../lib/gcc/arm-none-eabi/10.3.1/../../../../arm-none-eabi/lib/thumb/v7e-m+fp/hard\libc_nano.a(lib_a-impure.o)
 .ARM.attributes
                0x00000000000006f3       0x34 c:/st/stm32cubeide_1.12.1/stm32cubeide/plugins/com.st.stm32cube.ide.mcu.externaltools.gnu-tools-for-stm32.10.3-2021.10.win32_1.0.200.202301161003/tools/bin/../lib/gcc/arm-none-eabi/10.3.1/../../../../arm-none-eabi/lib/thumb/v7e-m+fp/hard\libc_nano.a(lib_a-init.o)
 .ARM.attributes
                0x0000000000000727       0x34 c:/st/stm32cubeide_1.12.1/stm32cubeide/plugins/com.st.stm32cube.ide.mcu.externaltools.gnu-tools-for-stm32.10.3-2021.10.win32_1.0.200.202301161003/tools/bin/../lib/gcc/arm-none-eabi/10.3.1/../../../../arm-none-eabi/lib/thumb/v7e-m+fp/hard\libc_nano.a(lib_a-memcpy-stub.o)
 .ARM.attributes
                0x000000000000075b       0x34 c:/st/stm32cubeide_1.12.1/stm32cubeide/plugins/com.st.stm32cube.ide.mcu.externaltools.gnu-tools-for-stm32.10.3-2021.10.win32_1.0.200.202301161003/tools/bin/../lib/gcc/arm-none-eabi/10.3.1/../../../../arm-none-eabi/lib/thumb/v7e-m+fp/hard\libc_nano.a(lib_a-memset.o)
 .ARM.attributes
                0x000000000000078f       0x34 c:/st/stm32cubeide_1.12.1/stm32cubeide/plugins/com.st.stm32cube.ide.mcu.externaltools.gnu-tools-for-stm32.10.3-2021.10.win32_1.0.200.202301161003/tools/bin/../lib/gcc/arm-none-eabi/10.3.1/../../../../arm-none-eabi/lib/thumb/v7e-m+fp/hard\libc_nano.a(lib_a-strtol.o)
 .ARM.attributes
                0x00000000000007c3       0x34 c:/st/stm32cubeide_1.12.1/stm32cubeide/plugins/com.st.stm32cube.ide.mcu.externaltools.gnu-tools-for-stm32.10.3-2021.10.win32_1.0.200.202301161003/tools/bin/../lib/gcc/arm-none-eabi/10.3.1/../../../../arm-none-eabi/lib/thumb/v7e-m+fp/hard\libc_nano.a(lib_a-ctype_.o)
 .ARM.attributes
                0x00000000000007f7       0x1e c:/st/stm32cubeide_1.12.1/stm32cubeide/plugins/com.st.stm32cube.ide.mcu.externaltools.gnu-tools-for-stm32.10.3-2021.10.win32_1.0.200.202301161003/tools/bin/../lib/gcc/arm-none-eabi/10.3.1/thumb/v7e-m+fp/hard\libgcc.a(_arm_addsubdf3.o)
 .ARM.attributes
                0x0000000000000815       0x1e c:/st/stm32cubeide_1.12.1/stm32cubeide/plugins/com.st.stm32cube.ide.mcu.externaltools.gnu-tools-for-stm32.10.3-2021.10.win32_1.0.200.202301161003/tools/bin/../lib/gcc/arm-none-eabi/10.3.1/thumb/v7e-m+fp/hard\libgcc.a(_arm_muldivdf3.o)
 .ARM.attributes
                0x0000000000000833       0x1e c:/st/stm32cubeide_1.12.1/stm32cubeide/plugins/com.st.stm32cube.ide.mcu.externaltools.gnu-tools-for-stm32.10.3-2021.10.win32_1.0.200.202301161003/tools/bin/../lib/gcc/arm-none-eabi/10.3.1/thumb/v7e-m+fp/hard\libgcc.a(_arm_fixunsdfsi.o)
 .ARM.attributes
                0x0000000000000851       0x1e c:/st/stm32cubeide_1.12.1/stm32cubeide/plugins/com.st.stm32cube.ide.mcu.externaltools.gnu-tools-for-stm32.10.3-2021.10.win32_1.0.200.202301161003/tools/bin/../lib/gcc/arm-none-eabi/10.3.1/thumb/v7e-m+fp/hard\libgcc.a(_arm_truncdfsf2.o)
 .ARM.attributes
                0x000000000000086f       0x1e c:/st/stm32cubeide_1.12.1/stm32cubeide/plugins/com.st.stm32cube.ide.mcu.externaltools.gnu-tools-for-stm32.10.3-2021.10.win32_1.0.200.202301161003/tools/bin/../lib/gcc/arm-none-eabi/10.3.1/thumb/v7e-m+fp/hard\libgcc.a(_aeabi_uldivmod.o)
 .ARM.attributes
                0x000000000000088d       0x34 c:/st/stm32cubeide_1.12.1/stm32cubeide/plugins/com.st.stm32cube.ide.mcu.externaltools.gnu-tools-for-stm32.10.3-2021.10.win32_1.0.200.202301161003/tools/bin/../lib/gcc/arm-none-eabi/10.3.1/thumb/v7e-m+fp/hard\libgcc.a(_udivmoddi4.o)
 .ARM.attributes
                0x00000000000008c1       0x1e c:/st/stm32cubeide_1.12.1/stm32cubeide/plugins/com.st.stm32cube.ide.mcu.externaltools.gnu-tools-for-stm32.10.3-2021.10.win32_1.0.200.202301161003/tools/bin/../lib/gcc/arm-none-eabi/10.3.1/thumb/v7e-m+fp/hard\libgcc.a(_dvmd_tls.o)
 .ARM.attributes
                0x00000000000008df       0x1e c:/st/stm32cubeide_1.12.1/stm32cubeide/plugins/com.st.stm32cube.ide.mcu.externaltools.gnu-tools-for-stm32.10.3-2021.10.win32_1.0.200.202301161003/tools/bin/../lib/gcc/arm-none-eabi/10.3.1/thumb/v7e-m+fp/hard/crtn.o
OUTPUT(NTI_RTOS_MOTOR_USART_SELF_GP.elf elf32-littlearm)
LOAD linker stubs
LOAD c:/st/stm32cubeide_1.12.1/stm32cubeide/plugins/com.st.stm32cube.ide.mcu.externaltools.gnu-tools-for-stm32.10.3-2021.10.win32_1.0.200.202301161003/tools/bin/../lib/gcc/arm-none-eabi/10.3.1/../../../../arm-none-eabi/lib/thumb/v7e-m+fp/hard\libc.a
LOAD c:/st/stm32cubeide_1.12.1/stm32cubeide/plugins/com.st.stm32cube.ide.mcu.externaltools.gnu-tools-for-stm32.10.3-2021.10.win32_1.0.200.202301161003/tools/bin/../lib/gcc/arm-none-eabi/10.3.1/../../../../arm-none-eabi/lib/thumb/v7e-m+fp/hard\libm.a
LOAD c:/st/stm32cubeide_1.12.1/stm32cubeide/plugins/com.st.stm32cube.ide.mcu.externaltools.gnu-tools-for-stm32.10.3-2021.10.win32_1.0.200.202301161003/tools/bin/../lib/gcc/arm-none-eabi/10.3.1/thumb/v7e-m+fp/hard\libgcc.a

.debug_info     0x0000000000000000    0x1ceb1
 .debug_info    0x0000000000000000      0x4cc ./Core/DCMotor/DCMotor.o
 .debug_info    0x00000000000004cc     0x10b7 ./Core/HCSR04/HCSR04.o
 .debug_info    0x0000000000001583      0x31a ./Core/HCSR04/HCSR04_cfg.o
 .debug_info    0x000000000000189d     0x111c ./Core/SERVO/SERVO.o
 .debug_info    0x00000000000029b9      0x34e ./Core/SERVO/SERVO_cfg.o
 .debug_info    0x0000000000002d07      0xdf0 ./Core/Src/freertos.o
 .debug_info    0x0000000000003af7      0x463 ./Core/Src/gpio.o
 .debug_info    0x0000000000003f5a     0x1054 ./Core/Src/main.o
 .debug_info    0x0000000000004fae      0x48c ./Core/Src/stm32f4xx_hal_msp.o
 .debug_info    0x000000000000543a      0xbca ./Core/Src/stm32f4xx_hal_timebase_tim.o
 .debug_info    0x0000000000006004      0xa28 ./Core/Src/stm32f4xx_it.o
 .debug_info    0x0000000000006a2c      0x54f ./Core/Src/system_stm32f4xx.o
 .debug_info    0x0000000000006f7b     0x1134 ./Core/Src/tim.o
 .debug_info    0x00000000000080af      0xba2 ./Core/Src/usart.o
 .debug_info    0x0000000000008c51       0x22 ./Core/Startup/startup_stm32f401rctx.o
 .debug_info    0x0000000000008c73      0x906 ./Drivers/STM32F4xx_HAL_Driver/Src/stm32f4xx_hal.o
 .debug_info    0x0000000000009579      0xd85 ./Drivers/STM32F4xx_HAL_Driver/Src/stm32f4xx_hal_cortex.o
 .debug_info    0x000000000000a2fe      0x947 ./Drivers/STM32F4xx_HAL_Driver/Src/stm32f4xx_hal_dma.o
 .debug_info    0x000000000000ac45      0x78e ./Drivers/STM32F4xx_HAL_Driver/Src/stm32f4xx_hal_gpio.o
 .debug_info    0x000000000000b3d3      0x98c ./Drivers/STM32F4xx_HAL_Driver/Src/stm32f4xx_hal_rcc.o
 .debug_info    0x000000000000bd5f     0x2bb6 ./Drivers/STM32F4xx_HAL_Driver/Src/stm32f4xx_hal_tim.o
 .debug_info    0x000000000000e915     0x15d8 ./Drivers/STM32F4xx_HAL_Driver/Src/stm32f4xx_hal_tim_ex.o
 .debug_info    0x000000000000feed     0x31b4 ./Drivers/STM32F4xx_HAL_Driver/Src/stm32f4xx_hal_uart.o
 .debug_info    0x00000000000130a1     0x3b9a ./Middlewares/Third_Party/FreeRTOS/Source/CMSIS_RTOS_V2/cmsis_os2.o
 .debug_info    0x0000000000016c3b      0x2d1 ./Middlewares/Third_Party/FreeRTOS/Source/list.o
 .debug_info    0x0000000000016f0c     0x1cbf ./Middlewares/Third_Party/FreeRTOS/Source/queue.o
 .debug_info    0x0000000000018bcb     0x2362 ./Middlewares/Third_Party/FreeRTOS/Source/tasks.o
 .debug_info    0x000000000001af2d     0x1572 ./Middlewares/Third_Party/FreeRTOS/Source/timers.o
 .debug_info    0x000000000001c49f      0x507 ./Middlewares/Third_Party/FreeRTOS/Source/portable/GCC/ARM_CM4F/port.o
 .debug_info    0x000000000001c9a6      0x50b ./Middlewares/Third_Party/FreeRTOS/Source/portable/MemMang/heap_4.o

.debug_abbrev   0x0000000000000000     0x4106
 .debug_abbrev  0x0000000000000000      0x1c1 ./Core/DCMotor/DCMotor.o
 .debug_abbrev  0x00000000000001c1      0x252 ./Core/HCSR04/HCSR04.o
 .debug_abbrev  0x0000000000000413       0xd4 ./Core/HCSR04/HCSR04_cfg.o
 .debug_abbrev  0x00000000000004e7      0x22c ./Core/SERVO/SERVO.o
 .debug_abbrev  0x0000000000000713       0xd4 ./Core/SERVO/SERVO_cfg.o
 .debug_abbrev  0x00000000000007e7      0x261 ./Core/Src/freertos.o
 .debug_abbrev  0x0000000000000a48      0x146 ./Core/Src/gpio.o
 .debug_abbrev  0x0000000000000b8e      0x291 ./Core/Src/main.o
 .debug_abbrev  0x0000000000000e1f      0x115 ./Core/Src/stm32f4xx_hal_msp.o
 .debug_abbrev  0x0000000000000f34      0x1f7 ./Core/Src/stm32f4xx_hal_timebase_tim.o
 .debug_abbrev  0x000000000000112b      0x1a0 ./Core/Src/stm32f4xx_it.o
 .debug_abbrev  0x00000000000012cb      0x116 ./Core/Src/system_stm32f4xx.o
 .debug_abbrev  0x00000000000013e1      0x287 ./Core/Src/tim.o
 .debug_abbrev  0x0000000000001668      0x205 ./Core/Src/usart.o
 .debug_abbrev  0x000000000000186d       0x12 ./Core/Startup/startup_stm32f401rctx.o
 .debug_abbrev  0x000000000000187f      0x23e ./Drivers/STM32F4xx_HAL_Driver/Src/stm32f4xx_hal.o
 .debug_abbrev  0x0000000000001abd      0x316 ./Drivers/STM32F4xx_HAL_Driver/Src/stm32f4xx_hal_cortex.o
 .debug_abbrev  0x0000000000001dd3      0x21b ./Drivers/STM32F4xx_HAL_Driver/Src/stm32f4xx_hal_dma.o
 .debug_abbrev  0x0000000000001fee      0x1c4 ./Drivers/STM32F4xx_HAL_Driver/Src/stm32f4xx_hal_gpio.o
 .debug_abbrev  0x00000000000021b2      0x2aa ./Drivers/STM32F4xx_HAL_Driver/Src/stm32f4xx_hal_rcc.o
 .debug_abbrev  0x000000000000245c      0x26e ./Drivers/STM32F4xx_HAL_Driver/Src/stm32f4xx_hal_tim.o
 .debug_abbrev  0x00000000000026ca      0x276 ./Drivers/STM32F4xx_HAL_Driver/Src/stm32f4xx_hal_tim_ex.o
 .debug_abbrev  0x0000000000002940      0x305 ./Drivers/STM32F4xx_HAL_Driver/Src/stm32f4xx_hal_uart.o
 .debug_abbrev  0x0000000000002c45      0x500 ./Middlewares/Third_Party/FreeRTOS/Source/CMSIS_RTOS_V2/cmsis_os2.o
 .debug_abbrev  0x0000000000003145       0xf2 ./Middlewares/Third_Party/FreeRTOS/Source/list.o
 .debug_abbrev  0x0000000000003237      0x3a1 ./Middlewares/Third_Party/FreeRTOS/Source/queue.o
 .debug_abbrev  0x00000000000035d8      0x37d ./Middlewares/Third_Party/FreeRTOS/Source/tasks.o
 .debug_abbrev  0x0000000000003955      0x346 ./Middlewares/Third_Party/FreeRTOS/Source/timers.o
 .debug_abbrev  0x0000000000003c9b      0x259 ./Middlewares/Third_Party/FreeRTOS/Source/portable/GCC/ARM_CM4F/port.o
 .debug_abbrev  0x0000000000003ef4      0x212 ./Middlewares/Third_Party/FreeRTOS/Source/portable/MemMang/heap_4.o

.debug_aranges  0x0000000000000000     0x1640
 .debug_aranges
                0x0000000000000000       0x48 ./Core/DCMotor/DCMotor.o
 .debug_aranges
                0x0000000000000048       0x50 ./Core/HCSR04/HCSR04.o
 .debug_aranges
                0x0000000000000098       0x18 ./Core/HCSR04/HCSR04_cfg.o
 .debug_aranges
                0x00000000000000b0       0x58 ./Core/SERVO/SERVO.o
 .debug_aranges
                0x0000000000000108       0x18 ./Core/SERVO/SERVO_cfg.o
 .debug_aranges
                0x0000000000000120       0x50 ./Core/Src/freertos.o
 .debug_aranges
                0x0000000000000170       0x20 ./Core/Src/gpio.o
 .debug_aranges
                0x0000000000000190       0x48 ./Core/Src/main.o
 .debug_aranges
                0x00000000000001d8       0x20 ./Core/Src/stm32f4xx_hal_msp.o
 .debug_aranges
                0x00000000000001f8       0x30 ./Core/Src/stm32f4xx_hal_timebase_tim.o
 .debug_aranges
                0x0000000000000228       0x60 ./Core/Src/stm32f4xx_it.o
 .debug_aranges
                0x0000000000000288       0x28 ./Core/Src/system_stm32f4xx.o
 .debug_aranges
                0x00000000000002b0       0x70 ./Core/Src/tim.o
 .debug_aranges
                0x0000000000000320       0x30 ./Core/Src/usart.o
 .debug_aranges
                0x0000000000000350       0x28 ./Core/Startup/startup_stm32f401rctx.o
 .debug_aranges
                0x0000000000000378       0xf0 ./Drivers/STM32F4xx_HAL_Driver/Src/stm32f4xx_hal.o
 .debug_aranges
                0x0000000000000468      0x118 ./Drivers/STM32F4xx_HAL_Driver/Src/stm32f4xx_hal_cortex.o
 .debug_aranges
                0x0000000000000580       0x90 ./Drivers/STM32F4xx_HAL_Driver/Src/stm32f4xx_hal_dma.o
 .debug_aranges
                0x0000000000000610       0x58 ./Drivers/STM32F4xx_HAL_Driver/Src/stm32f4xx_hal_gpio.o
 .debug_aranges
                0x0000000000000668       0x88 ./Drivers/STM32F4xx_HAL_Driver/Src/stm32f4xx_hal_rcc.o
 .debug_aranges
                0x00000000000006f0      0x3d0 ./Drivers/STM32F4xx_HAL_Driver/Src/stm32f4xx_hal_tim.o
 .debug_aranges
                0x0000000000000ac0      0x168 ./Drivers/STM32F4xx_HAL_Driver/Src/stm32f4xx_hal_tim_ex.o
 .debug_aranges
                0x0000000000000c28      0x200 ./Drivers/STM32F4xx_HAL_Driver/Src/stm32f4xx_hal_uart.o
 .debug_aranges
                0x0000000000000e28      0x2b0 ./Middlewares/Third_Party/FreeRTOS/Source/CMSIS_RTOS_V2/cmsis_os2.o
 .debug_aranges
                0x00000000000010d8       0x40 ./Middlewares/Third_Party/FreeRTOS/Source/list.o
 .debug_aranges
                0x0000000000001118      0x158 ./Middlewares/Third_Party/FreeRTOS/Source/queue.o
 .debug_aranges
                0x0000000000001270      0x208 ./Middlewares/Third_Party/FreeRTOS/Source/tasks.o
 .debug_aranges
                0x0000000000001478       0xf0 ./Middlewares/Third_Party/FreeRTOS/Source/timers.o
 .debug_aranges
                0x0000000000001568       0x80 ./Middlewares/Third_Party/FreeRTOS/Source/portable/GCC/ARM_CM4F/port.o
 .debug_aranges
                0x00000000000015e8       0x58 ./Middlewares/Third_Party/FreeRTOS/Source/portable/MemMang/heap_4.o

.debug_ranges   0x0000000000000000     0x1488
 .debug_ranges  0x0000000000000000       0x38 ./Core/DCMotor/DCMotor.o
 .debug_ranges  0x0000000000000038       0x40 ./Core/HCSR04/HCSR04.o
 .debug_ranges  0x0000000000000078       0x48 ./Core/SERVO/SERVO.o
 .debug_ranges  0x00000000000000c0       0x40 ./Core/Src/freertos.o
 .debug_ranges  0x0000000000000100       0x10 ./Core/Src/gpio.o
 .debug_ranges  0x0000000000000110       0x38 ./Core/Src/main.o
 .debug_ranges  0x0000000000000148       0x10 ./Core/Src/stm32f4xx_hal_msp.o
 .debug_ranges  0x0000000000000158       0x20 ./Core/Src/stm32f4xx_hal_timebase_tim.o
 .debug_ranges  0x0000000000000178       0x50 ./Core/Src/stm32f4xx_it.o
 .debug_ranges  0x00000000000001c8       0x18 ./Core/Src/system_stm32f4xx.o
 .debug_ranges  0x00000000000001e0       0x60 ./Core/Src/tim.o
 .debug_ranges  0x0000000000000240       0x20 ./Core/Src/usart.o
 .debug_ranges  0x0000000000000260       0x20 ./Core/Startup/startup_stm32f401rctx.o
 .debug_ranges  0x0000000000000280       0xe0 ./Drivers/STM32F4xx_HAL_Driver/Src/stm32f4xx_hal.o
 .debug_ranges  0x0000000000000360      0x108 ./Drivers/STM32F4xx_HAL_Driver/Src/stm32f4xx_hal_cortex.o
 .debug_ranges  0x0000000000000468       0x80 ./Drivers/STM32F4xx_HAL_Driver/Src/stm32f4xx_hal_dma.o
 .debug_ranges  0x00000000000004e8       0x48 ./Drivers/STM32F4xx_HAL_Driver/Src/stm32f4xx_hal_gpio.o
 .debug_ranges  0x0000000000000530       0x78 ./Drivers/STM32F4xx_HAL_Driver/Src/stm32f4xx_hal_rcc.o
 .debug_ranges  0x00000000000005a8      0x3c0 ./Drivers/STM32F4xx_HAL_Driver/Src/stm32f4xx_hal_tim.o
 .debug_ranges  0x0000000000000968      0x158 ./Drivers/STM32F4xx_HAL_Driver/Src/stm32f4xx_hal_tim_ex.o
 .debug_ranges  0x0000000000000ac0      0x220 ./Drivers/STM32F4xx_HAL_Driver/Src/stm32f4xx_hal_uart.o