../Core/Src/freertos.c:178:6:MX_FREERTOS_Init	8	static
../Core/Src/freertos.c:251:6:StartmotorTask	48	static
../Core/Src/freertos.c:332:6:StartACCTask	16	static
../Core/Src/freertos.c:401:6:StartNormalMode	16	static
../Core/Src/freertos.c:457:6:StartGUI_UpdateTask	16	static
../Core/Src/freertos.c:500:6:StartSelfDrivingTask	16	static
../Core/Src/freertos.c:850:6:LaneDepartureWarning	16	static
../Core/Src/freertos.c:936:6:RainDetection	24	static
../Core/Src/freertos.c:981:6:LaneKeepAssist	16	static
../Core/Src/freertos.c:1048:6:StartBlindspot	24	static
../Core/Src/freertos.c:1103:6:StartRearLightsTask	24	static
