../Core/Src/freertos.c:160:6:MX_FREERTOS_Init	8	static
../Core/Src/freertos.c:230:6:StartmotorTask	48	static
../Core/Src/freertos.c:289:6:StartACCTask	16	static
../Core/Src/freertos.c:582:6:StartNormalMode	16	static
../Core/Src/freertos.c:638:6:StartGUI_UpdateTask	16	static
../Core/Src/freertos.c:683:6:StartSelfDrivingTask	24	static
../Core/Src/freertos.c:772:6:LaneDepartureWarning	16	static
../Core/Src/freertos.c:844:6:RainDetection	24	static
../Core/Src/freertos.c:888:6:LaneKeepAssist	24	static
../Core/Src/freertos.c:937:6:StartBlindspot	24	static
../Core/Src/freertos.c:970:6:SelfDrivingCheck_side	8	static
