Archive member included to satisfy reference by file (symbol)

c:/st/stm32cubeide_1.12.1/stm32cubeide/plugins/com.st.stm32cube.ide.mcu.externaltools.gnu-tools-for-stm32.10.3-2021.10.win32_1.0.200.202301161003/tools/bin/../lib/gcc/arm-none-eabi/10.3.1/../../../../arm-none-eabi/lib/thumb/v7e-m+fp/hard\libc_nano.a(lib_a-errno.o)
                              ./Core/Src/syscalls.o (__errno)
c:/st/stm32cubeide_1.12.1/stm32cubeide/plugins/com.st.stm32cube.ide.mcu.externaltools.gnu-tools-for-stm32.10.3-2021.10.win32_1.0.200.202301161003/tools/bin/../lib/gcc/arm-none-eabi/10.3.1/../../../../arm-none-eabi/lib/thumb/v7e-m+fp/hard\libc_nano.a(lib_a-exit.o)
                              c:/st/stm32cubeide_1.12.1/stm32cubeide/plugins/com.st.stm32cube.ide.mcu.externaltools.gnu-tools-for-stm32.10.3-2021.10.win32_1.0.200.202301161003/tools/bin/../lib/gcc/arm-none-eabi/10.3.1/../../../../arm-none-eabi/lib/thumb/v7e-m+fp/hard/crt0.o (exit)
c:/st/stm32cubeide_1.12.1/stm32cubeide/plugins/com.st.stm32cube.ide.mcu.externaltools.gnu-tools-for-stm32.10.3-2021.10.win32_1.0.200.202301161003/tools/bin/../lib/gcc/arm-none-eabi/10.3.1/../../../../arm-none-eabi/lib/thumb/v7e-m+fp/hard\libc_nano.a(lib_a-impure.o)
                              c:/st/stm32cubeide_1.12.1/stm32cubeide/plugins/com.st.stm32cube.ide.mcu.externaltools.gnu-tools-for-stm32.10.3-2021.10.win32_1.0.200.202301161003/tools/bin/../lib/gcc/arm-none-eabi/10.3.1/../../../../arm-none-eabi/lib/thumb/v7e-m+fp/hard\libc_nano.a(lib_a-exit.o) (_global_impure_ptr)
c:/st/stm32cubeide_1.12.1/stm32cubeide/plugins/com.st.stm32cube.ide.mcu.externaltools.gnu-tools-for-stm32.10.3-2021.10.win32_1.0.200.202301161003/tools/bin/../lib/gcc/arm-none-eabi/10.3.1/../../../../arm-none-eabi/lib/thumb/v7e-m+fp/hard\libc_nano.a(lib_a-init.o)
                              c:/st/stm32cubeide_1.12.1/stm32cubeide/plugins/com.st.stm32cube.ide.mcu.externaltools.gnu-tools-for-stm32.10.3-2021.10.win32_1.0.200.202301161003/tools/bin/../lib/gcc/arm-none-eabi/10.3.1/../../../../arm-none-eabi/lib/thumb/v7e-m+fp/hard/crt0.o (__libc_init_array)
c:/st/stm32cubeide_1.12.1/stm32cubeide/plugins/com.st.stm32cube.ide.mcu.externaltools.gnu-tools-for-stm32.10.3-2021.10.win32_1.0.200.202301161003/tools/bin/../lib/gcc/arm-none-eabi/10.3.1/../../../../arm-none-eabi/lib/thumb/v7e-m+fp/hard\libc_nano.a(lib_a-memcpy-stub.o)
                              ./Middlewares/Third_Party/FreeRTOS/Source/CMSIS_RTOS_V2/cmsis_os2.o (memcpy)
c:/st/stm32cubeide_1.12.1/stm32cubeide/plugins/com.st.stm32cube.ide.mcu.externaltools.gnu-tools-for-stm32.10.3-2021.10.win32_1.0.200.202301161003/tools/bin/../lib/gcc/arm-none-eabi/10.3.1/../../../../arm-none-eabi/lib/thumb/v7e-m+fp/hard\libc_nano.a(lib_a-memset.o)
                              c:/st/stm32cubeide_1.12.1/stm32cubeide/plugins/com.st.stm32cube.ide.mcu.externaltools.gnu-tools-for-stm32.10.3-2021.10.win32_1.0.200.202301161003/tools/bin/../lib/gcc/arm-none-eabi/10.3.1/../../../../arm-none-eabi/lib/thumb/v7e-m+fp/hard/crt0.o (memset)
c:/st/stm32cubeide_1.12.1/stm32cubeide/plugins/com.st.stm32cube.ide.mcu.externaltools.gnu-tools-for-stm32.10.3-2021.10.win32_1.0.200.202301161003/tools/bin/../lib/gcc/arm-none-eabi/10.3.1/thumb/v7e-m+fp/hard\libgcc.a(_arm_muldf3.o)
                              ./Core/HCSR04/HCSR04.o (__aeabi_dmul)
c:/st/stm32cubeide_1.12.1/stm32cubeide/plugins/com.st.stm32cube.ide.mcu.externaltools.gnu-tools-for-stm32.10.3-2021.10.win32_1.0.200.202301161003/tools/bin/../lib/gcc/arm-none-eabi/10.3.1/thumb/v7e-m+fp/hard\libgcc.a(_arm_addsubdf3.o)
                              ./Core/DCMotor/DCMotor.o (__aeabi_ui2d)
c:/st/stm32cubeide_1.12.1/stm32cubeide/plugins/com.st.stm32cube.ide.mcu.externaltools.gnu-tools-for-stm32.10.3-2021.10.win32_1.0.200.202301161003/tools/bin/../lib/gcc/arm-none-eabi/10.3.1/thumb/v7e-m+fp/hard\libgcc.a(_arm_muldivdf3.o)
                              ./Core/HCSR04/HCSR04.o (__aeabi_ddiv)
c:/st/stm32cubeide_1.12.1/stm32cubeide/plugins/com.st.stm32cube.ide.mcu.externaltools.gnu-tools-for-stm32.10.3-2021.10.win32_1.0.200.202301161003/tools/bin/../lib/gcc/arm-none-eabi/10.3.1/thumb/v7e-m+fp/hard\libgcc.a(_arm_fixunsdfsi.o)
                              ./Core/Src/tim.o (__aeabi_d2uiz)
c:/st/stm32cubeide_1.12.1/stm32cubeide/plugins/com.st.stm32cube.ide.mcu.externaltools.gnu-tools-for-stm32.10.3-2021.10.win32_1.0.200.202301161003/tools/bin/../lib/gcc/arm-none-eabi/10.3.1/thumb/v7e-m+fp/hard\libgcc.a(_arm_truncdfsf2.o)
                              ./Core/HCSR04/HCSR04.o (__aeabi_d2f)
c:/st/stm32cubeide_1.12.1/stm32cubeide/plugins/com.st.stm32cube.ide.mcu.externaltools.gnu-tools-for-stm32.10.3-2021.10.win32_1.0.200.202301161003/tools/bin/../lib/gcc/arm-none-eabi/10.3.1/thumb/v7e-m+fp/hard\libgcc.a(_aeabi_uldivmod.o)
                              ./Drivers/STM32F4xx_HAL_Driver/Src/stm32f4xx_hal_rcc.o (__aeabi_uldivmod)
[...]
Memory Configuration

Name             Origin             Length             Attributes
RAM              0x0000000020000000 0x0000000000010000 xrw
FLASH            0x0000000008000000 0x0000000000040000 xr
*default*        0x0000000000000000 0xffffffffffffffff

Linker script and memory map

LOAD c:/st/stm32cubeide_1.12.1/stm32cubeide/plugins/com.st.stm32cube.ide.mcu.externaltools.gnu-tools-for-stm32.10.3-2021.10.win32_1.0.200.202301161003/tools/bin/../lib/gcc/arm-none-eabi/10.3.1/thumb/v7e-m+fp/hard/crti.o
LOAD c:/st/stm32cubeide_1.12.1/stm32cubeide/plugins/com.st.stm32cube.ide.mcu.externaltools.gnu-tools-for-stm32.10.3-2021.10.win32_1.0.200.202301161003/tools/bin/../lib/gcc/arm-none-eabi/10.3.1/thumb/v7e-m+fp/hard/crtbegin.o
LOAD c:/st/stm32cubeide_1.12.1/stm32cubeide/plugins/com.st.stm32cube.ide.mcu.externaltools.gnu-tools-for-stm32.10.3-2021.10.win32_1.0.200.202301161003/tools/bin/../lib/gcc/arm-none-eabi/10.3.1/../../../../arm-none-eabi/lib/thumb/v7e-m+fp/hard/crt0.o
LOAD ./Core/DCMotor/DCMotor.o
LOAD ./Core/HCSR04/HCSR04.o
LOAD ./Core/HCSR04/HCSR04_cfg.o
LOAD ./Core/Src/freertos.o
LOAD ./Core/Src/gpio.o
LOAD ./Core/Src/main.o
LOAD ./Core/Src/stm32f4xx_hal_msp.o
LOAD ./Core/Src/stm32f4xx_hal_timebase_tim.o
LOAD ./Core/Src/stm32f4xx_it.o
LOAD ./Core/Src/syscalls.o
LOAD ./Core/Src/sysmem.o
LOAD ./Core/Src/system_stm32f4xx.o
LOAD ./Core/Src/tim.o
LOAD ./Core/Src/usart.o
LOAD ./Core/Startup/startup_stm32f401rctx.o
LOAD ./Drivers/STM32F4xx_HAL_Driver/Src/stm32f4xx_hal.o
LOAD ./Drivers/STM32F4xx_HAL_Driver/Src/stm32f4xx_hal_cortex.o
LOAD ./Drivers/STM32F4xx_HAL_Driver/Src/stm32f4xx_hal_dma.o
LOAD ./Drivers/STM32F4xx_HAL_Driver/Src/stm32f4xx_hal_dma_ex.o
LOAD ./Drivers/STM32F4xx_HAL_Driver/Src/stm32f4xx_hal_exti.o
LOAD ./Drivers/STM32F4xx_HAL_Driver/Src/stm32f4xx_hal_flash.o
LOAD ./Drivers/STM32F4xx_HAL_Driver/Src/stm32f4xx_hal_flash_ex.o
LOAD ./Drivers/STM32F4xx_HAL_Driver/Src/stm32f4xx_hal_flash_ramfunc.o
LOAD ./Drivers/STM32F4xx_HAL_Driver/Src/stm32f4xx_hal_gpio.o
LOAD ./Drivers/STM32F4xx_HAL_Driver/Src/stm32f4xx_hal_pwr.o
LOAD ./Drivers/STM32F4xx_HAL_Driver/Src/stm32f4xx_hal_pwr_ex.o
LOAD ./Drivers/STM32F4xx_HAL_Driver/Src/stm32f4xx_hal_rcc.o
LOAD ./Drivers/STM32F4xx_HAL_Driver/Src/stm32f4xx_hal_rcc_ex.o
LOAD ./Drivers/STM32F4xx_HAL_Driver/Src/stm32f4xx_hal_tim.o
LOAD ./Drivers/STM32F4xx_HAL_Driver/Src/stm32f4xx_hal_tim_ex.o
LOAD ./Drivers/STM32F4xx_HAL_Driver/Src/stm32f4xx_hal_uart.o
LOAD ./Middlewares/Third_Party/FreeRTOS/Source/CMSIS_RTOS_V2/cmsis_os2.o
LOAD ./Middlewares/Third_Party/FreeRTOS/Source/croutine.o
LOAD ./Middlewares/Third_Party/FreeRTOS/Source/event_groups.o
LOAD ./Middlewares/Third_Party/FreeRTOS/Source/list.o
LOAD ./Middlewares/Third_Party/FreeRTOS/Source/queue.o
LOAD ./Middlewares/Third_Party/FreeRTOS/Source/stream_buffer.o
LOAD ./Middlewares/Third_Party/FreeRTOS/Source/tasks.o
LOAD ./Middlewares/Third_Party/FreeRTOS/Source/timers.o
LOAD ./Middlewares/Third_Party/FreeRTOS/Source/portable/GCC/ARM_CM4F/port.o
LOAD ./Middlewares/Third_Party/FreeRTOS/Source/portable/MemMang/heap_4.o
START GROUP
LOAD c:/st/stm32cubeide_1.12.1/stm32cubeide/plugins/com.st.stm32cube.ide.mcu.externaltools.gnu-tools-for-stm32.10.3-2021.10.win32_1.0.200.202301161003/tools/bin/../lib/gcc/arm-none-eabi/10.3.1/../../../../arm-none-eabi/lib/thumb/v7e-m+fp/hard\libc_nano.a
LOAD c:/st/stm32cubeide_1.12.1/stm32cubeide/plugins/com.st.stm32cube.ide.mcu.externaltools.gnu-tools-for-stm32.10.3-2021.10.win32_1.0.200.202301161003/tools/bin/../lib/gcc/arm-none-eabi/10.3.1/../../../../arm-none-eabi/lib/thumb/v7e-m+fp/hard\libm.a
END GROUP
START GROUP
LOAD c:/st/stm32cubeide_1.12.1/stm32cubeide/plugins/com.st.stm32cube.ide.mcu.externaltools.gnu-tools-for-stm32.10.3-2021.10.win32_1.0.200.202301161003/tools/bin/../lib/gcc/arm-none-eabi/10.3.1/thumb/v7e-m+fp/hard\libgcc.a
LOAD c:/st/stm32cubeide_1.12.1/stm32cubeide/plugins/com.st.stm32cube.ide.mcu.externaltools.gnu-tools-for-stm32.10.3-2021.10.win32_1.0.200.202301161003/tools/bin/../lib/gcc/arm-none-eabi/10.3.1/../../../../arm-none-eabi/lib/thumb/v7e-m+fp/hard\libc_nano.a
END GROUP
START GROUP
LOAD c:/st/stm32cubeide_1.12.1/stm32cubeide/plugins/com.st.stm32cube.ide.mcu.externaltools.gnu-tools-for-stm32.10.3-2021.10.win32_1.0.200.202301161003/tools/bin/../lib/gcc/arm-none-eabi/10.3.1/thumb/v7e-m+fp/hard\libgcc.a
LOAD c:/st/stm32cubeide_1.12.1/stm32cubeide/plugins/com.st.stm32cube.ide.mcu.externaltools.gnu-tools-for-stm32.10.3-2021.10.win32_1.0.200.202301161003/tools/bin/../lib/gcc/arm-none-eabi/10.3.1/../../../../arm-none-eabi/lib/thumb/v7e-m+fp/hard\libc_nano.a
LOAD c:/st/stm32cubeide_1.12.1/stm32cubeide/plugins/com.st.stm32cube.ide.mcu.externaltools.gnu-tools-for-stm32.10.3-2021.10.win32_1.0.200.202301161003/tools/bin/../lib/gcc/arm-none-eabi/10.3.1/../../../../arm-none-eabi/lib/thumb/v7e-m+fp/hard\libnosys.a
END GROUP
START GROUP
LOAD c:/st/stm32cubeide_1.12.1/stm32cubeide/plugins/com.st.stm32cube.ide.mcu.externaltools.gnu-tools-for-stm32.10.3-2021.10.win32_1.0.200.202301161003/tools/bin/../lib/gcc/arm-none-eabi/10.3.1/thumb/v7e-m+fp/hard\libgcc.a
LOAD c:/st/stm32cubeide_1.12.1/stm32cubeide/plugins/com.st.stm32cube.ide.mcu.externaltools.gnu-tools-for-stm32.10.3-2021.10.win32_1.0.200.202301161003/tools/bin/../lib/gcc/arm-none-eabi/10.3.1/../../../../arm-none-eabi/lib/thumb/v7e-m+fp/hard\libc_nano.a
LOAD c:/st/stm32cubeide_1.12.1/stm32cubeide/plugins/com.st.stm32cube.ide.mcu.externaltools.gnu-tools-for-stm32.10.3-2021.10.win32_1.0.200.202301161003/tools/bin/../lib/gcc/arm-none-eabi/10.3.1/../../../../arm-none-eabi/lib/thumb/v7e-m+fp/hard\libnosys.a
END GROUP
LOAD c:/st/stm32cubeide_1.12.1/stm32cubeide/plugins/com.st.stm32cube.ide.mcu.externaltools.gnu-tools-for-stm32.10.3-2021.10.win32_1.0.200.202301161003/tools/bin/../lib/gcc/arm-none-eabi/10.3.1/thumb/v7e-m+fp/hard/crtend.o
LOAD c:/st/stm32cubeide_1.12.1/stm32cubeide/plugins/com.st.stm32cube.ide.mcu.externaltools.gnu-tools-for-stm32.10.3-2021.10.win32_1.0.200.202301161003/tools/bin/../lib/gcc/arm-none-eabi/10.3.1/thumb/v7e-m+fp/hard/crtn.o
                0x0000000020010000                _estack = (ORIGIN (RAM) + LENGTH (RAM))
                0x0000000000000200                _Min_Heap_Size = 0x200
                0x0000000000000400                _Min_Stack_Size = 0x400

.isr_vector     0x0000000008000000      0x194
                0x0000000008000000                . = ALIGN (0x4)
 *(.isr_vector)
 .isr_vector    0x0000000008000000      0x194 ./Core/Startup/startup_stm32f401rctx.o
                0x0000000008000000                g_pfnVectors
                0x0000000008000194                . = ALIGN (0x4)

.text           0x00000000080001a0     0x8a88
                0x00000000080001a0                . = ALIGN (0x4)
 *(.text)
 .text          0x00000000080001a0       0x40 c:/st/stm32cubeide_1.12.1/stm32cubeide/plugins/com.st.stm32cube.ide.mcu.externaltools.gnu-tools-for-stm32.10.3-2021.10.win32_1.0.200.202301161003/tools/bin/../lib/gcc/arm-none-eabi/10.3.1/thumb/v7e-m+fp/hard/crtbegin.o
 .text          0x00000000080001e0      0x378 c:/st/stm32cubeide_1.12.1/stm32cubeide/plugins/com.st.stm32cube.ide.mcu.externaltools.gnu-tools-for-stm32.10.3-2021.10.win32_1.0.200.202301161003/tools/bin/../lib/gcc/arm-none-eabi/10.3.1/thumb/v7e-m+fp/hard\libgcc.a(_arm_addsubdf3.o)
                0x00000000080001e0                __aeabi_drsub
                0x00000000080001e8                __aeabi_dsub
                0x00000000080001e8                __subdf3
                0x00000000080001ec                __aeabi_dadd
                0x00000000080001ec                __adddf3
                0x0000000008000464                __floatunsidf
                0x0000000008000464                __aeabi_ui2d
                0x0000000008000484                __floatsidf
                0x0000000008000484                __aeabi_i2d
                0x00000000080004a8                __aeabi_f2d
                0x00000000080004a8                __extendsfdf2
                0x00000000080004ec                __floatundidf
                0x00000000080004ec                __aeabi_ul2d
                0x00000000080004fc                __floatdidf
                0x00000000080004fc                __aeabi_l2d
 .text          0x0000000008000558      0x424 c:/st/stm32cubeide_1.12.1/stm32cubeide/plugins/com.st.stm32cube.ide.mcu.externaltools.gnu-tools-for-stm32.10.3-2021.10.win32_1.0.200.202301161003/tools/bin/../lib/gcc/arm-none-eabi/10.3.1/thumb/v7e-m+fp/hard\libgcc.a(_arm_muldivdf3.o)
                0x0000000008000558                __aeabi_dmul
                0x0000000008000558                __muldf3
                0x00000000080007ac                __divdf3
                0x00000000080007ac                __aeabi_ddiv
 .text          0x000000000800097c       0x40 c:/st/stm32cubeide_1.12.1/stm32cubeide/plugins/com.st.stm32cube.ide.mcu.externaltools.gnu-tools-for-stm32.10.3-2021.10.win32_1.0.200.202301161003/tools/bin/../lib/gcc/arm-none-eabi/10.3.1/thumb/v7e-m+fp/hard\libgcc.a(_arm_fixunsdfsi.o)
                0x000000000800097c                __aeabi_d2uiz
                0x000000000800097c                __fixunsdfsi
 .text          0x00000000080009bc       0xa0 c:/st/stm32cubeide_1.12.1/stm32cubeide/plugins/com.st.stm32cube.ide.mcu.externaltools.gnu-tools-for-stm32.10.3-2021.10.win32_1.0.200.202301161003/tools/bin/../lib/gcc/arm-none-eabi/10.3.1/thumb/v7e-m+fp/hard\libgcc.a(_arm_truncdfsf2.o)
                0x00000000080009bc                __truncdfsf2
                0x00000000080009bc                __aeabi_d2f
 .text          0x0000000008000a5c       0x30 c:/st/stm32cubeide_1.12.1/stm32cubeide/plugins/com.st.stm32cube.ide.mcu.externaltools.gnu-tools-for-stm32.10.3-2021.10.win32_1.0.200.202301161003/tools/bin/../lib/gcc/arm-none-eabi/10.3.1/thumb/v7e-m+fp/hard\libgcc.a(_aeabi_uldivmod.o)
                0x0000000008000a5c                __aeabi_uldivmod
 .text          0x0000000008000a8c      0x2d0 c:/st/stm32cubeide_1.12.1/stm32cubeide/plugins/com.st.stm32cube.ide.mcu.externaltools.gnu-tools-for-stm32.10.3-2021.10.win32_1.0.200.202301161003/tools/bin/../lib/gcc/arm-none-eabi/10.3.1/thumb/v7e-m+fp/hard\libgcc.a(_udivmoddi4.o)
                0x0000000008000a8c                __udivmoddi4
 .text          0x0000000008000d5c        0x4 c:/st/stm32cubeide_1.12.1/stm32cubeide/plugins/com.st.stm32cube.ide.mcu.externaltools.gnu-tools-for-stm32.10.3-2021.10.win32_1.0.200.202301161003/tools/bin/../lib/gcc/arm-none-eabi/10.3.1/thumb/v7e-m+fp/hard\libgcc.a(_dvmd_tls.o)
                0x0000000008000d5c                __aeabi_idiv0
                0x0000000008000d5c                __aeabi_ldiv0
 *(.text*)
 .text.DCMotor_stop
                0x0000000008000d60       0x70 ./Core/DCMotor/DCMotor.o
                0x0000000008000d60                DCMotor_stop
 .text.DCMotor_moveForward
                0x0000000008000dd0       0x78 ./Core/DCMotor/DCMotor.o
                0x0000000008000dd0                DCMotor_moveForward
 .text.DCMotor_handleRequest
                0x0000000008000e48      0x128 ./Core/DCMotor/DCMotor.o
                0x0000000008000e48                DCMotor_handleRequest
 .text.DWT_Delay_Init
                0x0000000008000f70       0x60 ./Core/HCSR04/HCSR04.o
 .text.DWT_Delay_us
                0x0000000008000fd0       0x48 ./Core/HCSR04/HCSR04.o
 .text.HCSR04_Init
                0x0000000008001018      0x3fc ./Core/HCSR04/HCSR04.o
                0x0000000008001018                HCSR04_Init
 .text.HCSR04_TMR_OVF_ISR
                0x0000000008001414       0x78 ./Core/HCSR04/HCSR04.o
                0x0000000008001414                HCSR04_TMR_OVF_ISR
 *fill*         0x000000000800148c        0x4 
 .text.HCSR04_TMR_IC_ISR
                0x0000000008001490      0x4a0 ./Core/HCSR04/HCSR04.o
                0x0000000008001490                HCSR04_TMR_IC_ISR
 .text.HCSR04_Read
                0x0000000008001930       0x34 ./Core/HCSR04/HCSR04.o
                0x0000000008001930                HCSR04_Read
 .text.HCSR04_Trigger
                0x0000000008001964       0x70 ./Core/HCSR04/HCSR04.o
                0x0000000008001964                HCSR04_Trigger
 .text.MX_FREERTOS_Init
                0x00000000080019d4       0x74 ./Core/Src/freertos.o
                0x00000000080019d4                MX_FREERTOS_Init
 .text.StartmotorTask
                0x0000000008001a48       0x38 ./Core/Src/freertos.o
                0x0000000008001a48                StartmotorTask
 .text.StartACCTask
                0x0000000008001a80      0x1a8 ./Core/Src/freertos.o
                0x0000000008001a80                StartACCTask
 .text.StartNormalMode
                0x0000000008001c28       0x10 ./Core/Src/freertos.o
                0x0000000008001c28                StartNormalMode
 .text.MX_GPIO_Init
                0x0000000008001c38       0xb8 ./Core/Src/gpio.o
                0x0000000008001c38                MX_GPIO_Init
 .text.main     0x0000000008001cf0       0x5c ./Core/Src/main.o
                0x0000000008001cf0                main
 .text.SystemClock_Config
                0x0000000008001d4c       0xc0 ./Core/Src/main.o
                0x0000000008001d4c                SystemClock_Config
 .text.HAL_TIM_IC_CaptureCallback
                0x0000000008001e0c       0x16 ./Core/Src/main.o
                0x0000000008001e0c                HAL_TIM_IC_CaptureCallback
 *fill*         0x0000000008001e22        0x2 
 .text.HAL_UART_RxCpltCallback
                0x0000000008001e24       0x24 ./Core/Src/main.o
                0x0000000008001e24                HAL_UART_RxCpltCallback
 .text.HAL_TIM_PeriodElapsedCallback
                0x0000000008001e48       0x28 ./Core/Src/main.o
                0x0000000008001e48                HAL_TIM_PeriodElapsedCallback
 .text.Error_Handler
                0x0000000008001e70        0xa ./Core/Src/main.o
                0x0000000008001e70                Error_Handler
 *fill*         0x0000000008001e7a        0x2 
 .text.HAL_MspInit
                0x0000000008001e7c       0x58 ./Core/Src/stm32f4xx_hal_msp.o
                0x0000000008001e7c                HAL_MspInit
 .text.HAL_InitTick
                0x0000000008001ed4       0xe4 ./Core/Src/stm32f4xx_hal_timebase_tim.o
                0x0000000008001ed4                HAL_InitTick
 .text.NMI_Handler
                0x0000000008001fb8        0x6 ./Core/Src/stm32f4xx_it.o
                0x0000000008001fb8                NMI_Handler
 .text.HardFault_Handler
                0x0000000008001fbe        0x6 ./Core/Src/stm32f4xx_it.o
                0x0000000008001fbe                HardFault_Handler
 .text.MemManage_Handler
                0x0000000008001fc4        0x6 ./Core/Src/stm32f4xx_it.o
                0x0000000008001fc4                MemManage_Handler
 .text.BusFault_Handler
                0x0000000008001fca        0x6 ./Core/Src/stm32f4xx_it.o
                0x0000000008001fca                BusFault_Handler
 .text.UsageFault_Handler
                0x0000000008001fd0        0x6 ./Core/Src/stm32f4xx_it.o
                0x0000000008001fd0                UsageFault_Handler
 .text.DebugMon_Handler
                0x0000000008001fd6        0xe ./Core/Src/stm32f4xx_it.o
                0x0000000008001fd6                DebugMon_Handler
 .text.TIM1_UP_TIM10_IRQHandler
                0x0000000008001fe4       0x14 ./Core/Src/stm32f4xx_it.o
                0x0000000008001fe4                TIM1_UP_TIM10_IRQHandler
 .text.TIM2_IRQHandler
                0x0000000008001ff8       0x14 ./Core/Src/stm32f4xx_it.o
                0x0000000008001ff8                TIM2_IRQHandler
 .text.USART2_IRQHandler
                0x000000000800200c       0x20 ./Core/Src/stm32f4xx_it.o
                0x000000000800200c                USART2_IRQHandler
 .text.SystemInit
                0x000000000800202c       0x24 ./Core/Src/system_stm32f4xx.o
                0x000000000800202c                SystemInit
 .text.MX_TIM2_Init
                0x0000000008002050       0xe0 ./Core/Src/tim.o
                0x0000000008002050                MX_TIM2_Init
 .text.MX_TIM5_Init
                0x0000000008002130       0xc8 ./Core/Src/tim.o
                0x0000000008002130                MX_TIM5_Init
 .text.HAL_TIM_Base_MspInit
                0x00000000080021f8       0x9c ./Core/Src/tim.o
                0x00000000080021f8                HAL_TIM_Base_MspInit
 .text.HAL_TIM_PWM_MspInit
                0x0000000008002294       0x44 ./Core/Src/tim.o
                0x0000000008002294                HAL_TIM_PWM_MspInit
 .text.HAL_TIM_MspPostInit
                0x00000000080022d8       0x74 ./Core/Src/tim.o
                0x00000000080022d8                HAL_TIM_MspPostInit
 *fill*         0x000000000800234c        0x4 
 .text.Motor1_SetSpeed
                0x0000000008002350       0xa0 ./Core/Src/tim.o
                0x0000000008002350                Motor1_SetSpeed
 .text.Motor2_SetSpeed
                0x00000000080023f0       0xa0 ./Core/Src/tim.o
                0x00000000080023f0                Motor2_SetSpeed
 .text.MX_USART2_UART_Init
                0x0000000008002490       0x54 ./Core/Src/usart.o
                0x0000000008002490                MX_USART2_UART_Init
 .text.HAL_UART_MspInit
                0x00000000080024e4       0xa0 ./Core/Src/usart.o
                0x00000000080024e4                HAL_UART_MspInit
 .text.Reset_Handler
                0x0000000008002584       0x50 ./Core/Startup/startup_stm32f401rctx.o
                0x0000000008002584                Reset_Handler
 .text.Default_Handler
                0x00000000080025d4        0x2 ./Core/Startup/startup_stm32f401rctx.o
                0x00000000080025d4                RTC_Alarm_IRQHandler
                0x00000000080025d4                EXTI2_IRQHandler
                0x00000000080025d4                SPI4_IRQHandler
                0x00000000080025d4                TIM1_CC_IRQHandler
                0x00000000080025d4                DMA2_Stream5_IRQHandler
                0x00000000080025d4                DMA1_Stream5_IRQHandler
                0x00000000080025d4                PVD_IRQHandler
                0x00000000080025d4                SDIO_IRQHandler
                0x00000000080025d4                TAMP_STAMP_IRQHandler
                0x00000000080025d4                EXTI3_IRQHandler
                0x00000000080025d4                I2C3_ER_IRQHandler
                0x00000000080025d4                EXTI0_IRQHandler
                0x00000000080025d4                I2C2_EV_IRQHandler
                0x00000000080025d4                DMA1_Stream2_IRQHandler
                0x00000000080025d4                FPU_IRQHandler
                0x00000000080025d4                DMA2_Stream2_IRQHandler
                0x00000000080025d4                SPI1_IRQHandler
                0x00000000080025d4                TIM1_BRK_TIM9_IRQHandler
                0x00000000080025d4                DMA2_Stream3_IRQHandler
                0x00000000080025d4                USART6_IRQHandler
                0x00000000080025d4                DMA2_Stream0_IRQHandler
                0x00000000080025d4                TIM4_IRQHandler
                0x00000000080025d4                I2C1_EV_IRQHandler
                0x00000000080025d4                DMA1_Stream6_IRQHandler
                0x00000000080025d4                DMA1_Stream1_IRQHandler
                0x00000000080025d4                TIM3_IRQHandler
                0x00000000080025d4                RCC_IRQHandler
                0x00000000080025d4                Default_Handler
                0x00000000080025d4                EXTI15_10_IRQHandler
                0x00000000080025d4                ADC_IRQHandler
                0x00000000080025d4                DMA1_Stream7_IRQHandler
                0x00000000080025d4                TIM5_IRQHandler
                0x00000000080025d4                DMA2_Stream7_IRQHandler
                0x00000000080025d4                I2C3_EV_IRQHandler
                0x00000000080025d4                EXTI9_5_IRQHandler
                0x00000000080025d4                RTC_WKUP_IRQHandler
                0x00000000080025d4                SPI2_IRQHandler
                0x00000000080025d4                DMA1_Stream0_IRQHandler
                0x00000000080025d4                EXTI4_IRQHandler
                0x00000000080025d4                WWDG_IRQHandler
                0x00000000080025d4                OTG_FS_WKUP_IRQHandler
                0x00000000080025d4                TIM1_TRG_COM_TIM11_IRQHandler
                0x00000000080025d4                EXTI1_IRQHandler
                0x00000000080025d4                I2C2_ER_IRQHandler
                0x00000000080025d4                DMA2_Stream1_IRQHandler
                0x00000000080025d4                FLASH_IRQHandler
                0x00000000080025d4                DMA2_Stream4_IRQHandler
                0x00000000080025d4                USART1_IRQHandler
                0x00000000080025d4                OTG_FS_IRQHandler
                0x00000000080025d4                SPI3_IRQHandler
                0x00000000080025d4                DMA1_Stream4_IRQHandler
                0x00000000080025d4                I2C1_ER_IRQHandler
                0x00000000080025d4                DMA2_Stream6_IRQHandler
                0x00000000080025d4                DMA1_Stream3_IRQHandler
 *fill*         0x00000000080025d6        0x2 
 .text.HAL_Init
                0x00000000080025d8       0x44 ./Drivers/STM32F4xx_HAL_Driver/Src/stm32f4xx_hal.o
                0x00000000080025d8                HAL_Init
 .text.HAL_IncTick
                0x000000000800261c       0x28 ./Drivers/STM32F4xx_HAL_Driver/Src/stm32f4xx_hal.o
                0x000000000800261c                HAL_IncTick
 .text.HAL_GetTick
                0x0000000008002644       0x18 ./Drivers/STM32F4xx_HAL_Driver/Src/stm32f4xx_hal.o
                0x0000000008002644                HAL_GetTick
 .text.__NVIC_SetPriorityGrouping
                0x000000000800265c       0x48 ./Drivers/STM32F4xx_HAL_Driver/Src/stm32f4xx_hal_cortex.o
 .text.__NVIC_GetPriorityGrouping
                0x00000000080026a4       0x1c ./Drivers/STM32F4xx_HAL_Driver/Src/stm32f4xx_hal_cortex.o
 .text.__NVIC_EnableIRQ
                0x00000000080026c0       0x3c ./Drivers/STM32F4xx_HAL_Driver/Src/stm32f4xx_hal_cortex.o
 .text.__NVIC_SetPriority
                0x00000000080026fc       0x54 ./Drivers/STM32F4xx_HAL_Driver/Src/stm32f4xx_hal_cortex.o
 .text.NVIC_EncodePriority
                0x0000000008002750       0x66 ./Drivers/STM32F4xx_HAL_Driver/Src/stm32f4xx_hal_cortex.o
 .text.HAL_NVIC_SetPriorityGrouping
                0x00000000080027b6       0x16 ./Drivers/STM32F4xx_HAL_Driver/Src/stm32f4xx_hal_cortex.o
                0x00000000080027b6                HAL_NVIC_SetPriorityGrouping
 .text.HAL_NVIC_SetPriority
                0x00000000080027cc       0x38 ./Drivers/STM32F4xx_HAL_Driver/Src/stm32f4xx_hal_cortex.o
                0x00000000080027cc                HAL_NVIC_SetPriority
 .text.HAL_NVIC_EnableIRQ
                0x0000000008002804       0x1c ./Drivers/STM32F4xx_HAL_Driver/Src/stm32f4xx_hal_cortex.o
                0x0000000008002804                HAL_NVIC_EnableIRQ
 .text.HAL_DMA_Abort
                0x0000000008002820       0xe0 ./Drivers/STM32F4xx_HAL_Driver/Src/stm32f4xx_hal_dma.o
                0x0000000008002820                HAL_DMA_Abort
 .text.HAL_DMA_Abort_IT
                0x0000000008002900       0x44 ./Drivers/STM32F4xx_HAL_Driver/Src/stm32f4xx_hal_dma.o
                0x0000000008002900                HAL_DMA_Abort_IT
 .text.HAL_GPIO_Init
                0x0000000008002944      0x308 ./Drivers/STM32F4xx_HAL_Driver/Src/stm32f4xx_hal_gpio.o
                0x0000000008002944                HAL_GPIO_Init
 .text.HAL_GPIO_WritePin
                0x0000000008002c4c       0x32 ./Drivers/STM32F4xx_HAL_Driver/Src/stm32f4xx_hal_gpio.o
                0x0000000008002c4c                HAL_GPIO_WritePin
 *fill*         0x0000000008002c7e        0x2 
 .text.HAL_RCC_OscConfig
                0x0000000008002c80      0x4f0 ./Drivers/STM32F4xx_HAL_Driver/Src/stm32f4xx_hal_rcc.o
                0x0000000008002c80                HAL_RCC_OscConfig
 .text.HAL_RCC_ClockConfig
                0x0000000008003170      0x1cc ./Drivers/STM32F4xx_HAL_Driver/Src/stm32f4xx_hal_rcc.o
                0x0000000008003170                HAL_RCC_ClockConfig
 .text.HAL_RCC_GetSysClockFreq
                0x000000000800333c      0x18c ./Drivers/STM32F4xx_HAL_Driver/Src/stm32f4xx_hal_rcc.o
                0x000000000800333c                HAL_RCC_GetSysClockFreq
 .text.HAL_RCC_GetHCLKFreq
                0x00000000080034c8       0x18 ./Drivers/STM32F4xx_HAL_Driver/Src/stm32f4xx_hal_rcc.o
                0x00000000080034c8                HAL_RCC_GetHCLKFreq
 .text.HAL_RCC_GetPCLK1Freq
                0x00000000080034e0       0x28 ./Drivers/STM32F4xx_HAL_Driver/Src/stm32f4xx_hal_rcc.o
                0x00000000080034e0                HAL_RCC_GetPCLK1Freq
 .text.HAL_RCC_GetPCLK2Freq
                0x0000000008003508       0x28 ./Drivers/STM32F4xx_HAL_Driver/Src/stm32f4xx_hal_rcc.o
                0x0000000008003508                HAL_RCC_GetPCLK2Freq
 .text.HAL_RCC_GetClockConfig
                0x0000000008003530       0x64 ./Drivers/STM32F4xx_HAL_Driver/Src/stm32f4xx_hal_rcc.o
                0x0000000008003530                HAL_RCC_GetClockConfig
 .text.HAL_TIM_Base_Init
                0x0000000008003594       0x9e ./Drivers/STM32F4xx_HAL_Driver/Src/stm32f4xx_hal_tim.o
                0x0000000008003594                HAL_TIM_Base_Init
 *fill*         0x0000000008003632        0x2 
 .text.HAL_TIM_Base_Start_IT
                0x0000000008003634       0xc4 ./Drivers/STM32F4xx_HAL_Driver/Src/stm32f4xx_hal_tim.o
                0x0000000008003634                HAL_TIM_Base_Start_IT
 .text.HAL_TIM_PWM_Init
                0x00000000080036f8       0x9e ./Drivers/STM32F4xx_HAL_Driver/Src/stm32f4xx_hal_tim.o
                0x00000000080036f8                HAL_TIM_PWM_Init
 *fill*         0x0000000008003796        0x2 
 .text.HAL_TIM_PWM_Start
                0x0000000008003798      0x160 ./Drivers/STM32F4xx_HAL_Driver/Src/stm32f4xx_hal_tim.o
                0x0000000008003798                HAL_TIM_PWM_Start
 .text.HAL_TIM_PWM_Stop
                0x00000000080038f8       0xc8 ./Drivers/STM32F4xx_HAL_Driver/Src/stm32f4xx_hal_tim.o
                0x00000000080038f8                HAL_TIM_PWM_Stop
 .text.HAL_TIM_IC_Init
                0x00000000080039c0       0x9e ./Drivers/STM32F4xx_HAL_Driver/Src/stm32f4xx_hal_tim.o
                0x00000000080039c0                HAL_TIM_IC_Init
 .text.HAL_TIM_IC_MspInit
                0x0000000008003a5e       0x14 ./Drivers/STM32F4xx_HAL_Driver/Src/stm32f4xx_hal_tim.o
                0x0000000008003a5e                HAL_TIM_IC_MspInit
 *fill*         0x0000000008003a72        0x2 
 .text.HAL_TIM_IC_Start_IT
                0x0000000008003a74      0x234 ./Drivers/STM32F4xx_HAL_Driver/Src/stm32f4xx_hal_tim.o
                0x0000000008003a74                HAL_TIM_IC_Start_IT
 .text.HAL_TIM_IRQHandler
                0x0000000008003ca8      0x210 ./Drivers/STM32F4xx_HAL_Driver/Src/stm32f4xx_hal_tim.o
                0x0000000008003ca8                HAL_TIM_IRQHandler
 .text.HAL_TIM_IC_ConfigChannel
                0x0000000008003eb8      0x138 ./Drivers/STM32F4xx_HAL_Driver/Src/stm32f4xx_hal_tim.o
                0x0000000008003eb8                HAL_TIM_IC_ConfigChannel
 .text.HAL_TIM_PWM_ConfigChannel
                0x0000000008003ff0      0x184 ./Drivers/STM32F4xx_HAL_Driver/Src/stm32f4xx_hal_tim.o
                0x0000000008003ff0                HAL_TIM_PWM_ConfigChannel
 .text.HAL_TIM_ConfigClockSource
                0x0000000008004174      0x18e ./Drivers/STM32F4xx_HAL_Driver/Src/stm32f4xx_hal_tim.o
                0x0000000008004174                HAL_TIM_ConfigClockSource
 *fill*         0x0000000008004302        0x2 
 .text.HAL_TIM_ReadCapturedValue
                0x0000000008004304       0x88 ./Drivers/STM32F4xx_HAL_Driver/Src/stm32f4xx_hal_tim.o
                0x0000000008004304                HAL_TIM_ReadCapturedValue
 .text.HAL_TIM_OC_DelayElapsedCallback
                0x000000000800438c       0x14 ./Drivers/STM32F4xx_HAL_Driver/Src/stm32f4xx_hal_tim.o
                0x000000000800438c                HAL_TIM_OC_DelayElapsedCallback
 .text.HAL_TIM_PWM_PulseFinishedCallback
                0x00000000080043a0       0x14 ./Drivers/STM32F4xx_HAL_Driver/Src/stm32f4xx_hal_tim.o
                0x00000000080043a0                HAL_TIM_PWM_PulseFinishedCallback
 .text.HAL_TIM_TriggerCallback
                0x00000000080043b4       0x14 ./Drivers/STM32F4xx_HAL_Driver/Src/stm32f4xx_hal_tim.o
                0x00000000080043b4                HAL_TIM_TriggerCallback
 .text.TIM_Base_SetConfig
                0x00000000080043c8      0x100 ./Drivers/STM32F4xx_HAL_Driver/Src/stm32f4xx_hal_tim.o
                0x00000000080043c8                TIM_Base_SetConfig
 .text.TIM_OC1_SetConfig
                0x00000000080044c8       0xcc ./Drivers/STM32F4xx_HAL_Driver/Src/stm32f4xx_hal_tim.o
 .text.TIM_OC2_SetConfig
                0x0000000008004594       0xd8 ./Drivers/STM32F4xx_HAL_Driver/Src/stm32f4xx_hal_tim.o
                0x0000000008004594                TIM_OC2_SetConfig
 .text.TIM_OC3_SetConfig
                0x000000000800466c       0xd4 ./Drivers/STM32F4xx_HAL_Driver/Src/stm32f4xx_hal_tim.o
 .text.TIM_OC4_SetConfig
                0x0000000008004740       0xa0 ./Drivers/STM32F4xx_HAL_Driver/Src/stm32f4xx_hal_tim.o
 .text.TIM_TI1_SetConfig
                0x00000000080047e0       0xd0 ./Drivers/STM32F4xx_HAL_Driver/Src/stm32f4xx_hal_tim.o
                0x00000000080047e0                TIM_TI1_SetConfig
 .text.TIM_TI1_ConfigInputStage
                0x00000000080048b0       0x5e ./Drivers/STM32F4xx_HAL_Driver/Src/stm32f4xx_hal_tim.o
 .text.TIM_TI2_SetConfig
                0x000000000800490e       0x7a ./Drivers/STM32F4xx_HAL_Driver/Src/stm32f4xx_hal_tim.o
 .text.TIM_TI2_ConfigInputStage
                0x0000000008004988       0x60 ./Drivers/STM32F4xx_HAL_Driver/Src/stm32f4xx_hal_tim.o
 .text.TIM_TI3_SetConfig
                0x00000000080049e8       0x78 ./Drivers/STM32F4xx_HAL_Driver/Src/stm32f4xx_hal_tim.o
 .text.TIM_TI4_SetConfig
                0x0000000008004a60       0x7a ./Drivers/STM32F4xx_HAL_Driver/Src/stm32f4xx_hal_tim.o
 .text.TIM_ITRx_SetConfig
                0x0000000008004ada       0x36 ./Drivers/STM32F4xx_HAL_Driver/Src/stm32f4xx_hal_tim.o
 .text.TIM_ETR_SetConfig
                0x0000000008004b10       0x40 ./Drivers/STM32F4xx_HAL_Driver/Src/stm32f4xx_hal_tim.o
                0x0000000008004b10                TIM_ETR_SetConfig
 .text.TIM_CCxChannelCmd
                0x0000000008004b50       0x4a ./Drivers/STM32F4xx_HAL_Driver/Src/stm32f4xx_hal_tim.o
                0x0000000008004b50                TIM_CCxChannelCmd
 *fill*         0x0000000008004b9a        0x2 
 .text.HAL_TIMEx_MasterConfigSynchronization
                0x0000000008004b9c       0xdc ./Drivers/STM32F4xx_HAL_Driver/Src/stm32f4xx_hal_tim_ex.o
                0x0000000008004b9c                HAL_TIMEx_MasterConfigSynchronization
 .text.HAL_TIMEx_CommutCallback
                0x0000000008004c78       0x14 ./Drivers/STM32F4xx_HAL_Driver/Src/stm32f4xx_hal_tim_ex.o
                0x0000000008004c78                HAL_TIMEx_CommutCallback
 .text.HAL_TIMEx_BreakCallback
                0x0000000008004c8c       0x14 ./Drivers/STM32F4xx_HAL_Driver/Src/stm32f4xx_hal_tim_ex.o
                0x0000000008004c8c                HAL_TIMEx_BreakCallback
 .text.HAL_UART_Init
                0x0000000008004ca0       0x9a ./Drivers/STM32F4xx_HAL_Driver/Src/stm32f4xx_hal_uart.o
                0x0000000008004ca0                HAL_UART_Init
 .text.HAL_UART_Transmit
                0x0000000008004d3a      0x124 ./Drivers/STM32F4xx_HAL_Driver/Src/stm32f4xx_hal_uart.o
                0x0000000008004d3a                HAL_UART_Transmit
 .text.HAL_UART_Receive_IT
                0x0000000008004e5e       0x60 ./Drivers/STM32F4xx_HAL_Driver/Src/stm32f4xx_hal_uart.o
                0x0000000008004e5e                HAL_UART_Receive_IT
 *fill*         0x0000000008004ebe        0x2 
 .text.HAL_UART_IRQHandler
                0x0000000008004ec0      0x51c ./Drivers/STM32F4xx_HAL_Driver/Src/stm32f4xx_hal_uart.o
                0x0000000008004ec0                HAL_UART_IRQHandler
 .text.HAL_UART_TxCpltCallback
                0x00000000080053dc       0x14 ./Drivers/STM32F4xx_HAL_Driver/Src/stm32f4xx_hal_uart.o
                0x00000000080053dc                HAL_UART_TxCpltCallback
 .text.HAL_UART_ErrorCallback
                0x00000000080053f0       0x14 ./Drivers/STM32F4xx_HAL_Driver/Src/stm32f4xx_hal_uart.o
                0x00000000080053f0                HAL_UART_ErrorCallback
 .text.HAL_UARTEx_RxEventCallback
                0x0000000008005404       0x18 ./Drivers/STM32F4xx_HAL_Driver/Src/stm32f4xx_hal_uart.o
                0x0000000008005404                HAL_UARTEx_RxEventCallback
 .text.UART_WaitOnFlagUntilTimeout
                0x000000000800541c       0xdc ./Drivers/STM32F4xx_HAL_Driver/Src/stm32f4xx_hal_uart.o
 .text.UART_Start_Receive_IT
                0x00000000080054f8       0x7c ./Drivers/STM32F4xx_HAL_Driver/Src/stm32f4xx_hal_uart.o
                0x00000000080054f8                UART_Start_Receive_IT
 .text.UART_EndRxTransfer
                0x0000000008005574       0xc6 ./Drivers/STM32F4xx_HAL_Driver/Src/stm32f4xx_hal_uart.o
 .text.UART_DMAAbortOnError
                0x000000000800563a       0x28 ./Drivers/STM32F4xx_HAL_Driver/Src/stm32f4xx_hal_uart.o
 .text.UART_Transmit_IT
                0x0000000008005662       0xa0 ./Drivers/STM32F4xx_HAL_Driver/Src/stm32f4xx_hal_uart.o
 .text.UART_EndTransmit_IT
                0x0000000008005702       0x30 ./Drivers/STM32F4xx_HAL_Driver/Src/stm32f4xx_hal_uart.o
 .text.UART_Receive_IT
                0x0000000008005732      0x176 ./Drivers/STM32F4xx_HAL_Driver/Src/stm32f4xx_hal_uart.o
 .text.UART_SetConfig
                0x00000000080058a8      0x4e8 ./Drivers/STM32F4xx_HAL_Driver/Src/stm32f4xx_hal_uart.o
 .text.__NVIC_SetPriority
                0x0000000008005d90       0x54 ./Middlewares/Third_Party/FreeRTOS/Source/CMSIS_RTOS_V2/cmsis_os2.o
 .text.SysTick_Handler
                0x0000000008005de4       0x20 ./Middlewares/Third_Party/FreeRTOS/Source/CMSIS_RTOS_V2/cmsis_os2.o
                0x0000000008005de4                SysTick_Handler
 .text.SVC_Setup
                0x0000000008005e04       0x12 ./Middlewares/Third_Party/FreeRTOS/Source/CMSIS_RTOS_V2/cmsis_os2.o
 *fill*         0x0000000008005e16        0x2 
 .text.osKernelInitialize
                0x0000000008005e18       0x48 ./Middlewares/Third_Party/FreeRTOS/Source/CMSIS_RTOS_V2/cmsis_os2.o
                0x0000000008005e18                osKernelInitialize
 .text.osKernelStart
                0x0000000008005e60       0x4c ./Middlewares/Third_Party/FreeRTOS/Source/CMSIS_RTOS_V2/cmsis_os2.o
                0x0000000008005e60                osKernelStart
 .text.osThreadNew
                0x0000000008005eac      0x124 ./Middlewares/Third_Party/FreeRTOS/Source/CMSIS_RTOS_V2/cmsis_os2.o
                0x0000000008005eac                osThreadNew
 .text.osDelay  0x0000000008005fd0       0x36 ./Middlewares/Third_Party/FreeRTOS/Source/CMSIS_RTOS_V2/cmsis_os2.o
                0x0000000008005fd0                osDelay
 .text.osMessageQueueNew
                0x0000000008006006       0xe6 ./Middlewares/Third_Party/FreeRTOS/Source/CMSIS_RTOS_V2/cmsis_os2.o
                0x0000000008006006                osMessageQueueNew
 .text.osMessageQueuePut
                0x00000000080060ec       0xc0 ./Middlewares/Third_Party/FreeRTOS/Source/CMSIS_RTOS_V2/cmsis_os2.o
                0x00000000080060ec                osMessageQueuePut
 .text.osMessageQueueGet
                0x00000000080061ac       0xbc ./Middlewares/Third_Party/FreeRTOS/Source/CMSIS_RTOS_V2/cmsis_os2.o
                0x00000000080061ac                osMessageQueueGet
 .text.vApplicationGetIdleTaskMemory
                0x0000000008006268       0x34 ./Middlewares/Third_Party/FreeRTOS/Source/CMSIS_RTOS_V2/cmsis_os2.o
                0x0000000008006268                vApplicationGetIdleTaskMemory
 .text.vApplicationGetTimerTaskMemory
                0x000000000800629c       0x34 ./Middlewares/Third_Party/FreeRTOS/Source/CMSIS_RTOS_V2/cmsis_os2.o
                0x000000000800629c                vApplicationGetTimerTaskMemory
 .text.vListInitialise
                0x00000000080062d0       0x40 ./Middlewares/Third_Party/FreeRTOS/Source/list.o
                0x00000000080062d0                vListInitialise
 .text.vListInitialiseItem
                0x0000000008006310       0x1a ./Middlewares/Third_Party/FreeRTOS/Source/list.o
                0x0000000008006310                vListInitialiseItem
 .text.vListInsertEnd
                0x000000000800632a       0x48 ./Middlewares/Third_Party/FreeRTOS/Source/list.o
                0x000000000800632a                vListInsertEnd
 .text.vListInsert
                0x0000000008006372       0x72 ./Middlewares/Third_Party/FreeRTOS/Source/list.o
                0x0000000008006372                vListInsert
 .text.uxListRemove
                0x00000000080063e4       0x54 ./Middlewares/Third_Party/FreeRTOS/Source/list.o
                0x00000000080063e4                uxListRemove
 .text.xQueueGenericReset
                0x0000000008006438       0xb6 ./Middlewares/Third_Party/FreeRTOS/Source/queue.o
                0x0000000008006438                xQueueGenericReset
 .text.xQueueGenericCreateStatic
                0x00000000080064ee       0xf0 ./Middlewares/Third_Party/FreeRTOS/Source/queue.o
                0x00000000080064ee                xQueueGenericCreateStatic
 .text.xQueueGenericCreate
                0x00000000080065de       0x74 ./Middlewares/Third_Party/FreeRTOS/Source/queue.o
                0x00000000080065de                xQueueGenericCreate
 .text.prvInitialiseNewQueue
                0x0000000008006652       0x46 ./Middlewares/Third_Party/FreeRTOS/Source/queue.o
 .text.xQueueGenericSend
                0x0000000008006698      0x1cc ./Middlewares/Third_Party/FreeRTOS/Source/queue.o
                0x0000000008006698                xQueueGenericSend
 .text.xQueueGenericSendFromISR
                0x0000000008006864      0x136 ./Middlewares/Third_Party/FreeRTOS/Source/queue.o
                0x0000000008006864                xQueueGenericSendFromISR
 *fill*         0x000000000800699a        0x2 
 .text.xQueueReceive
                0x000000000800699c      0x1a8 ./Middlewares/Third_Party/FreeRTOS/Source/queue.o
                0x000000000800699c                xQueueReceive
 .text.xQueueReceiveFromISR
                0x0000000008006b44      0x100 ./Middlewares/Third_Party/FreeRTOS/Source/queue.o
                0x0000000008006b44                xQueueReceiveFromISR
 .text.prvCopyDataToQueue
                0x0000000008006c44       0xd4 ./Middlewares/Third_Party/FreeRTOS/Source/queue.o
 .text.prvCopyDataFromQueue
                0x0000000008006d18       0x4c ./Middlewares/Third_Party/FreeRTOS/Source/queue.o
 .text.prvUnlockQueue
                0x0000000008006d64       0xa4 ./Middlewares/Third_Party/FreeRTOS/Source/queue.o
 .text.prvIsQueueEmpty
                0x0000000008006e08       0x2c ./Middlewares/Third_Party/FreeRTOS/Source/queue.o
 .text.prvIsQueueFull
                0x0000000008006e34       0x30 ./Middlewares/Third_Party/FreeRTOS/Source/queue.o
 .text.vQueueAddToRegistry
                0x0000000008006e64       0x54 ./Middlewares/Third_Party/FreeRTOS/Source/queue.o
                0x0000000008006e64                vQueueAddToRegistry
 .text.vQueueWaitForMessageRestricted
                0x0000000008006eb8       0x68 ./Middlewares/Third_Party/FreeRTOS/Source/queue.o
                0x0000000008006eb8                vQueueWaitForMessageRestricted
 .text.xTaskCreateStatic
                0x0000000008006f20       0xba ./Middlewares/Third_Party/FreeRTOS/Source/tasks.o
                0x0000000008006f20                xTaskCreateStatic
 .text.xTaskCreate
                0x0000000008006fda       0x8a ./Middlewares/Third_Party/FreeRTOS/Source/tasks.o
                0x0000000008006fda                xTaskCreate
 .text.prvInitialiseNewTask
                0x0000000008007064      0x11e ./Middlewares/Third_Party/FreeRTOS/Source/tasks.o
 *fill*         0x0000000008007182        0x2 
 .text.prvAddNewTaskToReadyList
                0x0000000008007184       0xc0 ./Middlewares/Third_Party/FreeRTOS/Source/tasks.o
 .text.vTaskDelay
                0x0000000008007244       0x68 ./Middlewares/Third_Party/FreeRTOS/Source/tasks.o
                0x0000000008007244                vTaskDelay
 .text.vTaskStartScheduler
                0x00000000080072ac       0xcc ./Middlewares/Third_Party/FreeRTOS/Source/tasks.o
                0x00000000080072ac                vTaskStartScheduler
 .text.vTaskSuspendAll
                0x0000000008007378       0x1c ./Middlewares/Third_Party/FreeRTOS/Source/tasks.o
                0x0000000008007378                vTaskSuspendAll
 .text.xTaskResumeAll
                0x0000000008007394      0x120 ./Middlewares/Third_Party/FreeRTOS/Source/tasks.o
                0x0000000008007394                xTaskResumeAll
 .text.xTaskGetTickCount
                0x00000000080074b4       0x20 ./Middlewares/Third_Party/FreeRTOS/Source/tasks.o
                0x00000000080074b4                xTaskGetTickCount
 .text.xTaskIncrementTick
                0x00000000080074d4      0x12c ./Middlewares/Third_Party/FreeRTOS/Source/tasks.o
                0x00000000080074d4                xTaskIncrementTick
 .text.vTaskSwitchContext
                0x0000000008007600       0xbc ./Middlewares/Third_Party/FreeRTOS/Source/tasks.o
                0x0000000008007600                vTaskSwitchContext
 .text.vTaskPlaceOnEventList
                0x00000000080076bc       0x48 ./Middlewares/Third_Party/FreeRTOS/Source/tasks.o
                0x00000000080076bc                vTaskPlaceOnEventList
 .text.vTaskPlaceOnEventListRestricted
                0x0000000008007704       0x58 ./Middlewares/Third_Party/FreeRTOS/Source/tasks.o
                0x0000000008007704                vTaskPlaceOnEventListRestricted
 .text.xTaskRemoveFromEventList
                0x000000000800775c       0xc8 ./Middlewares/Third_Party/FreeRTOS/Source/tasks.o
                0x000000000800775c                xTaskRemoveFromEventList
 .text.vTaskInternalSetTimeOutState
                0x0000000008007824       0x2c ./Middlewares/Third_Party/FreeRTOS/Source/tasks.o
                0x0000000008007824                vTaskInternalSetTimeOutState
 .text.xTaskCheckForTimeOut
                0x0000000008007850       0xc4 ./Middlewares/Third_Party/FreeRTOS/Source/tasks.o
                0x0000000008007850                xTaskCheckForTimeOut
 .text.vTaskMissedYield
                0x0000000008007914       0x18 ./Middlewares/Third_Party/FreeRTOS/Source/tasks.o
                0x0000000008007914                vTaskMissedYield
 .text.prvIdleTask
                0x000000000800792c       0x24 ./Middlewares/Third_Party/FreeRTOS/Source/tasks.o
 .text.prvInitialiseTaskLists
                0x0000000008007950       0x80 ./Middlewares/Third_Party/FreeRTOS/Source/tasks.o
 .text.prvCheckTasksWaitingTermination
                0x00000000080079d0       0x5c ./Middlewares/Third_Party/FreeRTOS/Source/tasks.o
 .text.prvDeleteTCB
                0x0000000008007a2c       0x5e ./Middlewares/Third_Party/FreeRTOS/Source/tasks.o
 *fill*         0x0000000008007a8a        0x2 
 .text.prvResetNextTaskUnblockTime
                0x0000000008007a8c       0x40 ./Middlewares/Third_Party/FreeRTOS/Source/tasks.o
 .text.xTaskGetSchedulerState
                0x0000000008007acc       0x3c ./Middlewares/Third_Party/FreeRTOS/Source/tasks.o
                0x0000000008007acc                xTaskGetSchedulerState
 .text.xTaskPriorityDisinherit
                0x0000000008007b08       0xdc ./Middlewares/Third_Party/FreeRTOS/Source/tasks.o
                0x0000000008007b08                xTaskPriorityDisinherit
 .text.prvAddCurrentTaskToDelayedList
                0x0000000008007be4       0xa8 ./Middlewares/Third_Party/FreeRTOS/Source/tasks.o
 .text.xTimerCreateTimerTask
                0x0000000008007c8c       0x90 ./Middlewares/Third_Party/FreeRTOS/Source/timers.o
                0x0000000008007c8c                xTimerCreateTimerTask
 .text.xTimerGenericCommand
                0x0000000008007d1c       0x9c ./Middlewares/Third_Party/FreeRTOS/Source/timers.o
                0x0000000008007d1c                xTimerGenericCommand
 .text.prvProcessExpiredTimer
                0x0000000008007db8       0x98 ./Middlewares/Third_Party/FreeRTOS/Source/timers.o
 .text.prvTimerTask
                0x0000000008007e50       0x24 ./Middlewares/Third_Party/FreeRTOS/Source/timers.o
 .text.prvProcessTimerOrBlockTask
                0x0000000008007e74       0x9c ./Middlewares/Third_Party/FreeRTOS/Source/timers.o
 .text.prvGetNextExpireTime
                0x0000000008007f10       0x48 ./Middlewares/Third_Party/FreeRTOS/Source/timers.o
 .text.prvSampleTimeNow
                0x0000000008007f58       0x40 ./Middlewares/Third_Party/FreeRTOS/Source/timers.o
 .text.prvInsertTimerInActiveList
                0x0000000008007f98       0x84 ./Middlewares/Third_Party/FreeRTOS/Source/timers.o
 .text.prvProcessReceivedCommands
                0x000000000800801c      0x1c4 ./Middlewares/Third_Party/FreeRTOS/Source/timers.o
 .text.prvSwitchTimerLists
                0x00000000080081e0       0xc8 ./Middlewares/Third_Party/FreeRTOS/Source/timers.o
 .text.prvCheckForValidListAndQueue
                0x00000000080082a8       0x80 ./Middlewares/Third_Party/FreeRTOS/Source/timers.o
 .text.pxPortInitialiseStack
                0x0000000008008328       0x68 ./Middlewares/Third_Party/FreeRTOS/Source/portable/GCC/ARM_CM4F/port.o
                0x0000000008008328                pxPortInitialiseStack
 .text.prvTaskExitError
                0x0000000008008390       0x58 ./Middlewares/Third_Party/FreeRTOS/Source/portable/GCC/ARM_CM4F/port.o
 *fill*         0x00000000080083e8        0x8 
 .text.SVC_Handler
                0x00000000080083f0       0x28 ./Middlewares/Third_Party/FreeRTOS/Source/portable/GCC/ARM_CM4F/port.o
                0x00000000080083f0                SVC_Handler
 .text.prvPortStartFirstTask
                0x0000000008008418       0x28 ./Middlewares/Third_Party/FreeRTOS/Source/portable/GCC/ARM_CM4F/port.o
 .text.xPortStartScheduler
                0x0000000008008440      0x144 ./Middlewares/Third_Party/FreeRTOS/Source/portable/GCC/ARM_CM4F/port.o
                0x0000000008008440                xPortStartScheduler
 .text.vPortEnterCritical
                0x0000000008008584       0x60 ./Middlewares/Third_Party/FreeRTOS/Source/portable/GCC/ARM_CM4F/port.o
                0x0000000008008584                vPortEnterCritical
 .text.vPortExitCritical
                0x00000000080085e4       0x54 ./Middlewares/Third_Party/FreeRTOS/Source/portable/GCC/ARM_CM4F/port.o
                0x00000000080085e4                vPortExitCritical
 *fill*         0x0000000008008638        0x8 
 .text.PendSV_Handler
                0x0000000008008640       0x68 ./Middlewares/Third_Party/FreeRTOS/Source/portable/GCC/ARM_CM4F/port.o
                0x0000000008008640                PendSV_Handler
 .text.xPortSysTickHandler
                0x00000000080086a8       0x44 ./Middlewares/Third_Party/FreeRTOS/Source/portable/GCC/ARM_CM4F/port.o
                0x00000000080086a8                xPortSysTickHandler
 .text.vPortSetupTimerInterrupt
                0x00000000080086ec       0x48 ./Middlewares/Third_Party/FreeRTOS/Source/portable/GCC/ARM_CM4F/port.o
                0x00000000080086ec                vPortSetupTimerInterrupt
 .text.vPortEnableVFP
                0x0000000008008734       0x14 ./Middlewares/Third_Party/FreeRTOS/Source/portable/GCC/ARM_CM4F/port.o
 .text.vPortValidateInterruptPriority
                0x0000000008008748       0x80 ./Middlewares/Third_Party/FreeRTOS/Source/portable/GCC/ARM_CM4F/port.o
                0x0000000008008748                vPortValidateInterruptPriority
 .text.pvPortMalloc
                0x00000000080087c8      0x198 ./Middlewares/Third_Party/FreeRTOS/Source/portable/MemMang/heap_4.o
                0x00000000080087c8                pvPortMalloc
 .text.vPortFree
                0x0000000008008960       0xc4 ./Middlewares/Third_Party/FreeRTOS/Source/portable/MemMang/heap_4.o
                0x0000000008008960                vPortFree
 .text.prvHeapInit
                0x0000000008008a24       0xc4 ./Middlewares/Third_Party/FreeRTOS/Source/portable/MemMang/heap_4.o
 .text.prvInsertBlockIntoFreeList
                0x0000000008008ae8       0xb4 ./Middlewares/Third_Party/FreeRTOS/Source/portable/MemMang/heap_4.o
 .text.__libc_init_array
                0x0000000008008b9c       0x48 c:/st/stm32cubeide_1.12.1/stm32cubeide/plugins/com.st.stm32cube.ide.mcu.externaltools.gnu-tools-for-stm32.10.3-2021.10.win32_1.0.200.202301161003/tools/bin/../lib/gcc/arm-none-eabi/10.3.1/../../../../arm-none-eabi/lib/thumb/v7e-m+fp/hard\libc_nano.a(lib_a-init.o)
                0x0000000008008b9c                __libc_init_array
 .text.memcpy   0x0000000008008be4       0x1c c:/st/stm32cubeide_1.12.1/stm32cubeide/plugins/com.st.stm32cube.ide.mcu.externaltools.gnu-tools-for-stm32.10.3-2021.10.win32_1.0.200.202301161003/tools/bin/../lib/gcc/arm-none-eabi/10.3.1/../../../../arm-none-eabi/lib/thumb/v7e-m+fp/hard\libc_nano.a(lib_a-memcpy-stub.o)
                0x0000000008008be4                memcpy
 .text.memset   0x0000000008008c00       0x10 c:/st/stm32cubeide_1.12.1/stm32cubeide/plugins/com.st.stm32cube.ide.mcu.externaltools.gnu-tools-for-stm32.10.3-2021.10.win32_1.0.200.202301161003/tools/bin/../lib/gcc/arm-none-eabi/10.3.1/../../../../arm-none-eabi/lib/thumb/v7e-m+fp/hard\libc_nano.a(lib_a-memset.o)
                0x0000000008008c00                memset
 *(.glue_7)
 .glue_7        0x0000000008008c10        0x0 linker stubs
 *(.glue_7t)
 .glue_7t       0x0000000008008c10        0x0 linker stubs
 *(.eh_frame)
 .eh_frame      0x0000000008008c10        0x0 c:/st/stm32cubeide_1.12.1/stm32cubeide/plugins/com.st.stm32cube.ide.mcu.externaltools.gnu-tools-for-stm32.10.3-2021.10.win32_1.0.200.202301161003/tools/bin/../lib/gcc/arm-none-eabi/10.3.1/thumb/v7e-m+fp/hard/crtbegin.o
 *(.init)
 .init          0x0000000008008c10        0x4 c:/st/stm32cubeide_1.12.1/stm32cubeide/plugins/com.st.stm32cube.ide.mcu.externaltools.gnu-tools-for-stm32.10.3-2021.10.win32_1.0.200.202301161003/tools/bin/../lib/gcc/arm-none-eabi/10.3.1/thumb/v7e-m+fp/hard/crti.o
                0x0000000008008c10                _init
 .init          0x0000000008008c14        0x8 c:/st/stm32cubeide_1.12.1/stm32cubeide/plugins/com.st.stm32cube.ide.mcu.externaltools.gnu-tools-for-stm32.10.3-2021.10.win32_1.0.200.202301161003/tools/bin/../lib/gcc/arm-none-eabi/10.3.1/thumb/v7e-m+fp/hard/crtn.o
 *(.fini)
 .fini          0x0000000008008c1c        0x4 c:/st/stm32cubeide_1.12.1/stm32cubeide/plugins/com.st.stm32cube.ide.mcu.externaltools.gnu-tools-for-stm32.10.3-2021.10.win32_1.0.200.202301161003/tools/bin/../lib/gcc/arm-none-eabi/10.3.1/thumb/v7e-m+fp/hard/crti.o
                0x0000000008008c1c                _fini
 .fini          0x0000000008008c20        0x8 c:/st/stm32cubeide_1.12.1/stm32cubeide/plugins/com.st.stm32cube.ide.mcu.externaltools.gnu-tools-for-stm32.10.3-2021.10.win32_1.0.200.202301161003/tools/bin/../lib/gcc/arm-none-eabi/10.3.1/thumb/v7e-m+fp/hard/crtn.o
                0x0000000008008c28                . = ALIGN (0x4)
                0x0000000008008c28                _etext = .

.vfp11_veneer   0x0000000008008c28        0x0
 .vfp11_veneer  0x0000000008008c28        0x0 linker stubs

.v4_bx          0x0000000008008c28        0x0
 .v4_bx         0x0000000008008c28        0x0 linker stubs

.iplt           0x0000000008008c28        0x0
 .iplt          0x0000000008008c28        0x0 c:/st/stm32cubeide_1.12.1/stm32cubeide/plugins/com.st.stm32cube.ide.mcu.externaltools.gnu-tools-for-stm32.10.3-2021.10.win32_1.0.200.202301161003/tools/bin/../lib/gcc/arm-none-eabi/10.3.1/thumb/v7e-m+fp/hard/crtbegin.o

.rodata         0x0000000008008c28       0xf8
                0x0000000008008c28                . = ALIGN (0x4)
 *(.rodata)
 .rodata        0x0000000008008c28       0x2f ./Core/Src/freertos.o
 *fill*         0x0000000008008c57        0x1 
 .rodata        0x0000000008008c58        0x5 ./Middlewares/Third_Party/FreeRTOS/Source/tasks.o
 *fill*         0x0000000008008c5d        0x3 
 .rodata        0x0000000008008c60        0xd ./Middlewares/Third_Party/FreeRTOS/Source/timers.o
 *(.rodata*)
 *fill*         0x0000000008008c6d        0x3 
 .rodata.HCSR04_CfgParam
                0x0000000008008c70       0x14 ./Core/HCSR04/HCSR04_cfg.o
                0x0000000008008c70                HCSR04_CfgParam
 .rodata.motorTask_attributes
                0x0000000008008c84       0x24 ./Core/Src/freertos.o
                0x0000000008008c84                motorTask_attributes
 .rodata.ACCTask_attributes
                0x0000000008008ca8       0x24 ./Core/Src/freertos.o
                0x0000000008008ca8                ACCTask_attributes
 .rodata.NormalModeTask_attributes
                0x0000000008008ccc       0x24 ./Core/Src/freertos.o
                0x0000000008008ccc                NormalModeTask_attributes
 .rodata.motorQueue_attributes
                0x0000000008008cf0       0x18 ./Core/Src/freertos.o
                0x0000000008008cf0                motorQueue_attributes
 .rodata.AHBPrescTable
                0x0000000008008d08       0x10 ./Core/Src/system_stm32f4xx.o
                0x0000000008008d08                AHBPrescTable
 .rodata.APBPrescTable
                0x0000000008008d18        0x8 ./Core/Src/system_stm32f4xx.o
                0x0000000008008d18                APBPrescTable
                0x0000000008008d20                . = ALIGN (0x4)

.ARM.extab      0x0000000008008d20        0x0
                0x0000000008008d20                . = ALIGN (0x4)
 *(.ARM.extab* .gnu.linkonce.armextab.*)
                0x0000000008008d20                . = ALIGN (0x4)

.ARM            0x0000000008008d20        0x8
                0x0000000008008d20                . = ALIGN (0x4)
                0x0000000008008d20                __exidx_start = .
 *(.ARM.exidx*)
 .ARM.exidx     0x0000000008008d20        0x8 c:/st/stm32cubeide_1.12.1/stm32cubeide/plugins/com.st.stm32cube.ide.mcu.externaltools.gnu-tools-for-stm32.10.3-2021.10.win32_1.0.200.202301161003/tools/bin/../lib/gcc/arm-none-eabi/10.3.1/thumb/v7e-m+fp/hard\libgcc.a(_udivmoddi4.o)
                0x0000000008008d28                __exidx_end = .
                0x0000000008008d28                . = ALIGN (0x4)

.rel.dyn        0x0000000008008d28        0x0
 .rel.iplt      0x0000000008008d28        0x0 c:/st/stm32cubeide_1.12.1/stm32cubeide/plugins/com.st.stm32cube.ide.mcu.externaltools.gnu-tools-for-stm32.10.3-2021.10.win32_1.0.200.202301161003/tools/bin/../lib/gcc/arm-none-eabi/10.3.1/thumb/v7e-m+fp/hard/crtbegin.o

.preinit_array  0x0000000008008d28        0x0
                0x0000000008008d28                . = ALIGN (0x4)
                0x0000000008008d28                PROVIDE (__preinit_array_start = .)
 *(.preinit_array*)
                0x0000000008008d28                PROVIDE (__preinit_array_end = .)
                0x0000000008008d28                . = ALIGN (0x4)

.init_array     0x0000000008008d28        0x4
                0x0000000008008d28                . = ALIGN (0x4)
                0x0000000008008d28                PROVIDE (__init_array_start = .)
 *(SORT_BY_NAME(.init_array.*))
 *(.init_array*)
 .init_array    0x0000000008008d28        0x4 c:/st/stm32cubeide_1.12.1/stm32cubeide/plugins/com.st.stm32cube.ide.mcu.externaltools.gnu-tools-for-stm32.10.3-2021.10.win32_1.0.200.202301161003/tools/bin/../lib/gcc/arm-none-eabi/10.3.1/thumb/v7e-m+fp/hard/crtbegin.o
                0x0000000008008d2c                PROVIDE (__init_array_end = .)
                0x0000000008008d2c                . = ALIGN (0x4)

.fini_array     0x0000000008008d2c        0x4
                0x0000000008008d2c                . = ALIGN (0x4)
                [!provide]                        PROVIDE (__fini_array_start = .)
 *(SORT_BY_NAME(.fini_array.*))
 *(.fini_array*)
 .fini_array    0x0000000008008d2c        0x4 c:/st/stm32cubeide_1.12.1/stm32cubeide/plugins/com.st.stm32cube.ide.mcu.externaltools.gnu-tools-for-stm32.10.3-2021.10.win32_1.0.200.202301161003/tools/bin/../lib/gcc/arm-none-eabi/10.3.1/thumb/v7e-m+fp/hard/crtbegin.o
                [!provide]                        PROVIDE (__fini_array_end = .)
                0x0000000008008d30                . = ALIGN (0x4)
                0x0000000008008d30                _sidata = LOADADDR (.data)

.data           0x0000000020000000       0x20 load address 0x0000000008008d30
                0x0000000020000000                . = ALIGN (0x4)
                0x0000000020000000                _sdata = .
 *(.data)
 *(.data*)
 .data.Buffer_GUI
                0x0000000020000000        0xe ./Core/Src/main.o
                0x0000000020000000                Buffer_GUI
 *fill*         0x000000002000000e        0x2 
 .data.SystemCoreClock
                0x0000000020000010        0x4 ./Core/Src/system_stm32f4xx.o
                0x0000000020000010                SystemCoreClock
 .data.uwTickPrio
                0x0000000020000014        0x4 ./Drivers/STM32F4xx_HAL_Driver/Src/stm32f4xx_hal.o
                0x0000000020000014                uwTickPrio
 .data.uwTickFreq
                0x0000000020000018        0x1 ./Drivers/STM32F4xx_HAL_Driver/Src/stm32f4xx_hal.o
                0x0000000020000018                uwTickFreq
 *fill*         0x0000000020000019        0x3 
 .data.uxCriticalNesting
                0x000000002000001c        0x4 ./Middlewares/Third_Party/FreeRTOS/Source/portable/GCC/ARM_CM4F/port.o
 *(.RamFunc)
 *(.RamFunc*)
                0x0000000020000020                . = ALIGN (0x4)
                0x0000000020000020                _edata = .

.igot.plt       0x0000000020000020        0x0 load address 0x0000000008008d50
 .igot.plt      0x0000000020000020        0x0 c:/st/stm32cubeide_1.12.1/stm32cubeide/plugins/com.st.stm32cube.ide.mcu.externaltools.gnu-tools-for-stm32.10.3-2021.10.win32_1.0.200.202301161003/tools/bin/../lib/gcc/arm-none-eabi/10.3.1/thumb/v7e-m+fp/hard/crtbegin.o
                0x0000000020000020                . = ALIGN (0x4)

.bss            0x0000000020000020     0x4ae4 load address 0x0000000008008d50
                0x0000000020000020                _sbss = .
                0x0000000020000020                __bss_start__ = _sbss
 *(.bss)
 .bss           0x0000000020000020       0x1c c:/st/stm32cubeide_1.12.1/stm32cubeide/plugins/com.st.stm32cube.ide.mcu.externaltools.gnu-tools-for-stm32.10.3-2021.10.win32_1.0.200.202301161003/tools/bin/../lib/gcc/arm-none-eabi/10.3.1/thumb/v7e-m+fp/hard/crtbegin.o
 *(.bss*)
 .bss.gs_HCSR04_info
                0x000000002000003c       0x24 ./Core/HCSR04/HCSR04.o
 .bss.Distance  0x0000000020000060        0x4 ./Core/Src/freertos.o
                0x0000000020000060                Distance
 .bss.motorTaskHandle
                0x0000000020000064        0x4 ./Core/Src/freertos.o
                0x0000000020000064                motorTaskHandle
 .bss.ACCTaskHandle
                0x0000000020000068        0x4 ./Core/Src/freertos.o
                0x0000000020000068                ACCTaskHandle
 .bss.NormalModeTaskHandle
                0x000000002000006c        0x4 ./Core/Src/freertos.o
                0x000000002000006c                NormalModeTaskHandle
 .bss.motorQueueHandle
                0x0000000020000070        0x4 ./Core/Src/freertos.o
                0x0000000020000070                motorQueueHandle
 .bss.TRIG_Ticks.2
                0x0000000020000074        0x1 ./Core/Src/freertos.o
 *fill*         0x0000000020000075        0x3 
 .bss.prev_distance.1
                0x0000000020000078        0x8 ./Core/Src/freertos.o
 .bss.prev_distances.0
                0x0000000020000080       0x10 ./Core/Src/freertos.o
 .bss.Buffer    0x0000000020000090        0x4 ./Core/Src/main.o
                0x0000000020000090                Buffer
 .bss.htim10    0x0000000020000094       0x48 ./Core/Src/stm32f4xx_hal_timebase_tim.o
                0x0000000020000094                htim10
 .bss.htim2     0x00000000200000dc       0x48 ./Core/Src/tim.o
                0x00000000200000dc                htim2
 .bss.htim5     0x0000000020000124       0x48 ./Core/Src/tim.o
                0x0000000020000124                htim5
 .bss.huart2    0x000000002000016c       0x44 ./Core/Src/usart.o
                0x000000002000016c                huart2
 .bss.uwTick    0x00000000200001b0        0x4 ./Drivers/STM32F4xx_HAL_Driver/Src/stm32f4xx_hal.o
                0x00000000200001b0                uwTick
 .bss.KernelState
                0x00000000200001b4        0x4 ./Middlewares/Third_Party/FreeRTOS/Source/CMSIS_RTOS_V2/cmsis_os2.o
 .bss.Idle_TCB.3
                0x00000000200001b8       0x5c ./Middlewares/Third_Party/FreeRTOS/Source/CMSIS_RTOS_V2/cmsis_os2.o
 .bss.Idle_Stack.2
                0x0000000020000214      0x200 ./Middlewares/Third_Party/FreeRTOS/Source/CMSIS_RTOS_V2/cmsis_os2.o
 .bss.Timer_TCB.1
                0x0000000020000414       0x5c ./Middlewares/Third_Party/FreeRTOS/Source/CMSIS_RTOS_V2/cmsis_os2.o
 .bss.Timer_Stack.0
                0x0000000020000470      0x400 ./Middlewares/Third_Party/FreeRTOS/Source/CMSIS_RTOS_V2/cmsis_os2.o
 .bss.xQueueRegistry
                0x0000000020000870       0x40 ./Middlewares/Third_Party/FreeRTOS/Source/queue.o
                0x0000000020000870                xQueueRegistry
 .bss.pxCurrentTCB
                0x00000000200008b0        0x4 ./Middlewares/Third_Party/FreeRTOS/Source/tasks.o
                0x00000000200008b0                pxCurrentTCB
 .bss.pxReadyTasksLists
                0x00000000200008b4      0x460 ./Middlewares/Third_Party/FreeRTOS/Source/tasks.o
 .bss.xDelayedTaskList1
                0x0000000020000d14       0x14 ./Middlewares/Third_Party/FreeRTOS/Source/tasks.o
 .bss.xDelayedTaskList2
                0x0000000020000d28       0x14 ./Middlewares/Third_Party/FreeRTOS/Source/tasks.o
 .bss.pxDelayedTaskList
                0x0000000020000d3c        0x4 ./Middlewares/Third_Party/FreeRTOS/Source/tasks.o
 .bss.pxOverflowDelayedTaskList
                0x0000000020000d40        0x4 ./Middlewares/Third_Party/FreeRTOS/Source/tasks.o
 .bss.xPendingReadyList
                0x0000000020000d44       0x14 ./Middlewares/Third_Party/FreeRTOS/Source/tasks.o
 .bss.xTasksWaitingTermination
                0x0000000020000d58       0x14 ./Middlewares/Third_Party/FreeRTOS/Source/tasks.o
 .bss.uxDeletedTasksWaitingCleanUp
                0x0000000020000d6c        0x4 ./Middlewares/Third_Party/FreeRTOS/Source/tasks.o
 .bss.xSuspendedTaskList
                0x0000000020000d70       0x14 ./Middlewares/Third_Party/FreeRTOS/Source/tasks.o
 .bss.uxCurrentNumberOfTasks
                0x0000000020000d84        0x4 ./Middlewares/Third_Party/FreeRTOS/Source/tasks.o
 .bss.xTickCount
                0x0000000020000d88        0x4 ./Middlewares/Third_Party/FreeRTOS/Source/tasks.o
 .bss.uxTopReadyPriority
                0x0000000020000d8c        0x4 ./Middlewares/Third_Party/FreeRTOS/Source/tasks.o
 .bss.xSchedulerRunning
                0x0000000020000d90        0x4 ./Middlewares/Third_Party/FreeRTOS/Source/tasks.o
 .bss.xPendedTicks
                0x0000000020000d94        0x4 ./Middlewares/Third_Party/FreeRTOS/Source/tasks.o
 .bss.xYieldPending
                0x0000000020000d98        0x4 ./Middlewares/Third_Party/FreeRTOS/Source/tasks.o
 .bss.xNumOfOverflows
                0x0000000020000d9c        0x4 ./Middlewares/Third_Party/FreeRTOS/Source/tasks.o
 .bss.uxTaskNumber
                0x0000000020000da0        0x4 ./Middlewares/Third_Party/FreeRTOS/Source/tasks.o
 .bss.xNextTaskUnblockTime
                0x0000000020000da4        0x4 ./Middlewares/Third_Party/FreeRTOS/Source/tasks.o
 .bss.xIdleTaskHandle
                0x0000000020000da8        0x4 ./Middlewares/Third_Party/FreeRTOS/Source/tasks.o
 .bss.uxSchedulerSuspended
                0x0000000020000dac        0x4 ./Middlewares/Third_Party/FreeRTOS/Source/tasks.o
 .bss.xActiveTimerList1
                0x0000000020000db0       0x14 ./Middlewares/Third_Party/FreeRTOS/Source/timers.o
 .bss.xActiveTimerList2
                0x0000000020000dc4       0x14 ./Middlewares/Third_Party/FreeRTOS/Source/timers.o
 .bss.pxCurrentTimerList
                0x0000000020000dd8        0x4 ./Middlewares/Third_Party/FreeRTOS/Source/timers.o
 .bss.pxOverflowTimerList
                0x0000000020000ddc        0x4 ./Middlewares/Third_Party/FreeRTOS/Source/timers.o
 .bss.xTimerQueue
                0x0000000020000de0        0x4 ./Middlewares/Third_Party/FreeRTOS/Source/timers.o
 .bss.xTimerTaskHandle
                0x0000000020000de4        0x4 ./Middlewares/Third_Party/FreeRTOS/Source/timers.o
 .bss.xLastTime.2
                0x0000000020000de8        0x4 ./Middlewares/Third_Party/FreeRTOS/Source/timers.o
 .bss.ucStaticTimerQueueStorage.1
                0x0000000020000dec       0xa0 ./Middlewares/Third_Party/FreeRTOS/Source/timers.o
 .bss.xStaticTimerQueue.0
                0x0000000020000e8c       0x50 ./Middlewares/Third_Party/FreeRTOS/Source/timers.o
 .bss.ucMaxSysCallPriority
                0x0000000020000edc        0x1 ./Middlewares/Third_Party/FreeRTOS/Source/portable/GCC/ARM_CM4F/port.o
 *fill*         0x0000000020000edd        0x3 
 .bss.ulMaxPRIGROUPValue
                0x0000000020000ee0        0x4 ./Middlewares/Third_Party/FreeRTOS/Source/portable/GCC/ARM_CM4F/port.o
 .bss.ucHeap    0x0000000020000ee4     0x3c00 ./Middlewares/Third_Party/FreeRTOS/Source/portable/MemMang/heap_4.o
 .bss.xStart    0x0000000020004ae4        0x8 ./Middlewares/Third_Party/FreeRTOS/Source/portable/MemMang/heap_4.o
 .bss.pxEnd     0x0000000020004aec        0x4 ./Middlewares/Third_Party/FreeRTOS/Source/portable/MemMang/heap_4.o
 .bss.xFreeBytesRemaining
                0x0000000020004af0        0x4 ./Middlewares/Third_Party/FreeRTOS/Source/portable/MemMang/heap_4.o
 .bss.xMinimumEverFreeBytesRemaining
                0x0000000020004af4        0x4 ./Middlewares/Third_Party/FreeRTOS/Source/portable/MemMang/heap_4.o
 .bss.xNumberOfSuccessfulAllocations
                0x0000000020004af8        0x4 ./Middlewares/Third_Party/FreeRTOS/Source/portable/MemMang/heap_4.o
 .bss.xNumberOfSuccessfulFrees
                0x0000000020004afc        0x4 ./Middlewares/Third_Party/FreeRTOS/Source/portable/MemMang/heap_4.o
 .bss.xBlockAllocatedBit
                0x0000000020004b00        0x4 ./Middlewares/Third_Party/FreeRTOS/Source/portable/MemMang/heap_4.o
 *(COMMON)
                0x0000000020004b04                . = ALIGN (0x4)
                0x0000000020004b04                _ebss = .
                0x0000000020004b04                __bss_end__ = _ebss

._user_heap_stack
                0x0000000020004b04      0x604 load address 0x0000000008008d50
                0x0000000020004b08                . = ALIGN (0x8)
 *fill*         0x0000000020004b04        0x4 
                [!provide]                        PROVIDE (end = .)
                0x0000000020004b08                PROVIDE (_end = .)
                0x0000000020004d08                . = (. + _Min_Heap_Size)
 *fill*         0x0000000020004b08      0x200 
                0x0000000020005108                . = (. + _Min_Stack_Size)
 *fill*         0x0000000020004d08      0x400 
                0x0000000020005108                . = ALIGN (0x8)

/DISCARD/
 libc.a(*)
 libm.a(*)
 libgcc.a(*)

.ARM.attributes
                0x0000000000000000       0x30
 *(.ARM.attributes)
 .ARM.attributes
                0x0000000000000000       0x1e c:/st/stm32cubeide_1.12.1/stm32cubeide/plugins/com.st.stm32cube.ide.mcu.externaltools.gnu-tools-for-stm32.10.3-2021.10.win32_1.0.200.202301161003/tools/bin/../lib/gcc/arm-none-eabi/10.3.1/thumb/v7e-m+fp/hard/crti.o
 .ARM.attributes
                0x000000000000001e       0x34 c:/st/stm32cubeide_1.12.1/stm32cubeide/plugins/com.st.stm32cube.ide.mcu.externaltools.gnu-tools-for-stm32.10.3-2021.10.win32_1.0.200.202301161003/tools/bin/../lib/gcc/arm-none-eabi/10.3.1/thumb/v7e-m+fp/hard/crtbegin.o
 .ARM.attributes
                0x0000000000000052       0x34 ./Core/DCMotor/DCMotor.o
 .ARM.attributes
                0x0000000000000086       0x34 ./Core/HCSR04/HCSR04.o
 .ARM.attributes
                0x00000000000000ba       0x34 ./Core/HCSR04/HCSR04_cfg.o
 .ARM.attributes
                0x00000000000000ee       0x34 ./Core/Src/freertos.o
 .ARM.attributes
                0x0000000000000122       0x34 ./Core/Src/gpio.o
 .ARM.attributes
                0x0000000000000156       0x34 ./Core/Src/main.o
 .ARM.attributes
                0x000000000000018a       0x34 ./Core/Src/stm32f4xx_hal_msp.o
 .ARM.attributes
                0x00000000000001be       0x34 ./Core/Src/stm32f4xx_hal_timebase_tim.o
 .ARM.attributes
                0x00000000000001f2       0x34 ./Core/Src/stm32f4xx_it.o
 .ARM.attributes
                0x0000000000000226       0x34 ./Core/Src/system_stm32f4xx.o
 .ARM.attributes
                0x000000000000025a       0x34 ./Core/Src/tim.o
 .ARM.attributes
                0x000000000000028e       0x34 ./Core/Src/usart.o
 .ARM.attributes
                0x00000000000002c2       0x21 ./Core/Startup/startup_stm32f401rctx.o
 .ARM.attributes
                0x00000000000002e3       0x34 ./Drivers/STM32F4xx_HAL_Driver/Src/stm32f4xx_hal.o
 .ARM.attributes
                0x0000000000000317       0x34 ./Drivers/STM32F4xx_HAL_Driver/Src/stm32f4xx_hal_cortex.o
 .ARM.attributes
                0x000000000000034b       0x34 ./Drivers/STM32F4xx_HAL_Driver/Src/stm32f4xx_hal_dma.o
 .ARM.attributes
                0x000000000000037f       0x34 ./Drivers/STM32F4xx_HAL_Driver/Src/stm32f4xx_hal_gpio.o
 .ARM.attributes
                0x00000000000003b3       0x34 ./Drivers/STM32F4xx_HAL_Driver/Src/stm32f4xx_hal_rcc.o
 .ARM.attributes
                0x00000000000003e7       0x34 ./Drivers/STM32F4xx_HAL_Driver/Src/stm32f4xx_hal_tim.o
 .ARM.attributes
                0x000000000000041b       0x34 ./Drivers/STM32F4xx_HAL_Driver/Src/stm32f4xx_hal_tim_ex.o
 .ARM.attributes
                0x000000000000044f       0x34 ./Drivers/STM32F4xx_HAL_Driver/Src/stm32f4xx_hal_uart.o
 .ARM.attributes
                0x0000000000000483       0x34 ./Middlewares/Third_Party/FreeRTOS/Source/CMSIS_RTOS_V2/cmsis_os2.o
 .ARM.attributes
                0x00000000000004b7       0x34 ./Middlewares/Third_Party/FreeRTOS/Source/list.o
 .ARM.attributes
                0x00000000000004eb       0x34 ./Middlewares/Third_Party/FreeRTOS/Source/queue.o
 .ARM.attributes
                0x000000000000051f       0x34 ./Middlewares/Third_Party/FreeRTOS/Source/tasks.o
 .ARM.attributes
                0x0000000000000553       0x34 ./Middlewares/Third_Party/FreeRTOS/Source/timers.o
 .ARM.attributes
                0x0000000000000587       0x34 ./Middlewares/Third_Party/FreeRTOS/Source/portable/GCC/ARM_CM4F/port.o
 .ARM.attributes
                0x00000000000005bb       0x34 ./Middlewares/Third_Party/FreeRTOS/Source/portable/MemMang/heap_4.o
 .ARM.attributes
                0x00000000000005ef       0x34 c:/st/stm32cubeide_1.12.1/stm32cubeide/plugins/com.st.stm32cube.ide.mcu.externaltools.gnu-tools-for-stm32.10.3-2021.10.win32_1.0.200.202301161003/tools/bin/../lib/gcc/arm-none-eabi/10.3.1/../../../../arm-none-eabi/lib/thumb/v7e-m+fp/hard\libc_nano.a(lib_a-init.o)
 .ARM.attributes
                0x0000000000000623       0x34 c:/st/stm32cubeide_1.12.1/stm32cubeide/plugins/com.st.stm32cube.ide.mcu.externaltools.gnu-tools-for-stm32.10.3-2021.10.win32_1.0.200.202301161003/tools/bin/../lib/gcc/arm-none-eabi/10.3.1/../../../../arm-none-eabi/lib/thumb/v7e-m+fp/hard\libc_nano.a(lib_a-memcpy-stub.o)
 .ARM.attributes
                0x0000000000000657       0x34 c:/st/stm32cubeide_1.12.1/stm32cubeide/plugins/com.st.stm32cube.ide.mcu.externaltools.gnu-tools-for-stm32.10.3-2021.10.win32_1.0.200.202301161003/tools/bin/../lib/gcc/arm-none-eabi/10.3.1/../../../../arm-none-eabi/lib/thumb/v7e-m+fp/hard\libc_nano.a(lib_a-memset.o)
 .ARM.attributes
                0x000000000000068b       0x1e c:/st/stm32cubeide_1.12.1/stm32cubeide/plugins/com.st.stm32cube.ide.mcu.externaltools.gnu-tools-for-stm32.10.3-2021.10.win32_1.0.200.202301161003/tools/bin/../lib/gcc/arm-none-eabi/10.3.1/thumb/v7e-m+fp/hard\libgcc.a(_arm_addsubdf3.o)
 .ARM.attributes
                0x00000000000006a9       0x1e c:/st/stm32cubeide_1.12.1/stm32cubeide/plugins/com.st.stm32cube.ide.mcu.externaltools.gnu-tools-for-stm32.10.3-2021.10.win32_1.0.200.202301161003/tools/bin/../lib/gcc/arm-none-eabi/10.3.1/thumb/v7e-m+fp/hard\libgcc.a(_arm_muldivdf3.o)
 .ARM.attributes
                0x00000000000006c7       0x1e c:/st/stm32cubeide_1.12.1/stm32cubeide/plugins/com.st.stm32cube.ide.mcu.externaltools.gnu-tools-for-stm32.10.3-2021.10.win32_1.0.200.202301161003/tools/bin/../lib/gcc/arm-none-eabi/10.3.1/thumb/v7e-m+fp/hard\libgcc.a(_arm_fixunsdfsi.o)
 .ARM.attributes
                0x00000000000006e5       0x1e c:/st/stm32cubeide_1.12.1/stm32cubeide/plugins/com.st.stm32cube.ide.mcu.externaltools.gnu-tools-for-stm32.10.3-2021.10.win32_1.0.200.202301161003/tools/bin/../lib/gcc/arm-none-eabi/10.3.1/thumb/v7e-m+fp/hard\libgcc.a(_arm_truncdfsf2.o)
 .ARM.attributes
                0x0000000000000703       0x1e c:/st/stm32cubeide_1.12.1/stm32cubeide/plugins/com.st.stm32cube.ide.mcu.externaltools.gnu-tools-for-stm32.10.3-2021.10.win32_1.0.200.202301161003/tools/bin/../lib/gcc/arm-none-eabi/10.3.1/thumb/v7e-m+fp/hard\libgcc.a(_aeabi_uldivmod.o)
 .ARM.attributes
                0x0000000000000721       0x34 c:/st/stm32cubeide_1.12.1/stm32cubeide/plugins/com.st.stm32cube.ide.mcu.externaltools.gnu-tools-for-stm32.10.3-2021.10.win32_1.0.200.202301161003/tools/bin/../lib/gcc/arm-none-eabi/10.3.1/thumb/v7e-m+fp/hard\libgcc.a(_udivmoddi4.o)
 .ARM.attributes
                0x0000000000000755       0x1e c:/st/stm32cubeide_1.12.1/stm32cubeide/plugins/com.st.stm32cube.ide.mcu.externaltools.gnu-tools-for-stm32.10.3-2021.10.win32_1.0.200.202301161003/tools/bin/../lib/gcc/arm-none-eabi/10.3.1/thumb/v7e-m+fp/hard\libgcc.a(_dvmd_tls.o)
 .ARM.attributes
                0x0000000000000773       0x1e c:/st/stm32cubeide_1.12.1/stm32cubeide/plugins/com.st.stm32cube.ide.mcu.externaltools.gnu-tools-for-stm32.10.3-2021.10.win32_1.0.200.202301161003/tools/bin/../lib/gcc/arm-none-eabi/10.3.1/thumb/v7e-m+fp/hard/crtn.o
OUTPUT(NTI_RTOS_MOTOR_USART_GP.elf elf32-littlearm)
LOAD linker stubs
LOAD c:/st/stm32cubeide_1.12.1/stm32cubeide/plugins/com.st.stm32cube.ide.mcu.externaltools.gnu-tools-for-stm32.10.3-2021.10.win32_1.0.200.202301161003/tools/bin/../lib/gcc/arm-none-eabi/10.3.1/../../../../arm-none-eabi/lib/thumb/v7e-m+fp/hard\libc.a
LOAD c:/st/stm32cubeide_1.12.1/stm32cubeide/plugins/com.st.stm32cube.ide.mcu.externaltools.gnu-tools-for-stm32.10.3-2021.10.win32_1.0.200.202301161003/tools/bin/../lib/gcc/arm-none-eabi/10.3.1/../../../../arm-none-eabi/lib/thumb/v7e-m+fp/hard\libm.a
LOAD c:/st/stm32cubeide_1.12.1/stm32cubeide/plugins/com.st.stm32cube.ide.mcu.externaltools.gnu-tools-for-stm32.10.3-2021.10.win32_1.0.200.202301161003/tools/bin/../lib/gcc/arm-none-eabi/10.3.1/thumb/v7e-m+fp/hard\libgcc.a

.debug_info     0x0000000000000000    0x1b1ab
 .debug_info    0x0000000000000000      0x4cc ./Core/DCMotor/DCMotor.o
 .debug_info    0x00000000000004cc     0x10b7 ./Core/HCSR04/HCSR04.o
 .debug_info    0x0000000000001583      0x31a ./Core/HCSR04/HCSR04_cfg.o
 .debug_info    0x000000000000189d      0x6bf ./Core/Src/freertos.o
 .debug_info    0x0000000000001f5c      0x463 ./Core/Src/gpio.o
 .debug_info    0x00000000000023bf      0xf6b ./Core/Src/main.o
 .debug_info    0x000000000000332a      0x48c ./Core/Src/stm32f4xx_hal_msp.o
 .debug_info    0x00000000000037b6      0xbca ./Core/Src/stm32f4xx_hal_timebase_tim.o
 .debug_info    0x0000000000004380      0xa28 ./Core/Src/stm32f4xx_it.o
 .debug_info    0x0000000000004da8      0x54f ./Core/Src/system_stm32f4xx.o
 .debug_info    0x00000000000052f7     0x10b2 ./Core/Src/tim.o
 .debug_info    0x00000000000063a9      0xba2 ./Core/Src/usart.o
 .debug_info    0x0000000000006f4b       0x22 ./Core/Startup/startup_stm32f401rctx.o
 .debug_info    0x0000000000006f6d      0x906 ./Drivers/STM32F4xx_HAL_Driver/Src/stm32f4xx_hal.o
 .debug_info    0x0000000000007873      0xd85 ./Drivers/STM32F4xx_HAL_Driver/Src/stm32f4xx_hal_cortex.o
 .debug_info    0x00000000000085f8      0x947 ./Drivers/STM32F4xx_HAL_Driver/Src/stm32f4xx_hal_dma.o
 .debug_info    0x0000000000008f3f      0x78e ./Drivers/STM32F4xx_HAL_Driver/Src/stm32f4xx_hal_gpio.o
 .debug_info    0x00000000000096cd      0x98c ./Drivers/STM32F4xx_HAL_Driver/Src/stm32f4xx_hal_rcc.o
 .debug_info    0x000000000000a059     0x2bb6 ./Drivers/STM32F4xx_HAL_Driver/Src/stm32f4xx_hal_tim.o
 .debug_info    0x000000000000cc0f     0x15d8 ./Drivers/STM32F4xx_HAL_Driver/Src/stm32f4xx_hal_tim_ex.o
 .debug_info    0x000000000000e1e7     0x31b4 ./Drivers/STM32F4xx_HAL_Driver/Src/stm32f4xx_hal_uart.o
 .debug_info    0x000000000001139b     0x3b9a ./Middlewares/Third_Party/FreeRTOS/Source/CMSIS_RTOS_V2/cmsis_os2.o
 .debug_info    0x0000000000014f35      0x2d1 ./Middlewares/Third_Party/FreeRTOS/Source/list.o
 .debug_info    0x0000000000015206     0x1cbf ./Middlewares/Third_Party/FreeRTOS/Source/queue.o
 .debug_info    0x0000000000016ec5     0x2362 ./Middlewares/Third_Party/FreeRTOS/Source/tasks.o
 .debug_info    0x0000000000019227     0x1572 ./Middlewares/Third_Party/FreeRTOS/Source/timers.o
 .debug_info    0x000000000001a799      0x507 ./Middlewares/Third_Party/FreeRTOS/Source/portable/GCC/ARM_CM4F/port.o
 .debug_info    0x000000000001aca0      0x50b ./Middlewares/Third_Party/FreeRTOS/Source/portable/MemMang/heap_4.o

.debug_abbrev   0x0000000000000000     0x3d6c
 .debug_abbrev  0x0000000000000000      0x1c1 ./Core/DCMotor/DCMotor.o
 .debug_abbrev  0x00000000000001c1      0x252 ./Core/HCSR04/HCSR04.o
 .debug_abbrev  0x0000000000000413       0xd4 ./Core/HCSR04/HCSR04_cfg.o
 .debug_abbrev  0x00000000000004e7      0x1fa ./Core/Src/freertos.o
 .debug_abbrev  0x00000000000006e1      0x146 ./Core/Src/gpio.o
 .debug_abbrev  0x0000000000000827      0x27a ./Core/Src/main.o
 .debug_abbrev  0x0000000000000aa1      0x115 ./Core/Src/stm32f4xx_hal_msp.o
 .debug_abbrev  0x0000000000000bb6      0x1f7 ./Core/Src/stm32f4xx_hal_timebase_tim.o
 .debug_abbrev  0x0000000000000dad      0x1a0 ./Core/Src/stm32f4xx_it.o
 .debug_abbrev  0x0000000000000f4d      0x116 ./Core/Src/system_stm32f4xx.o
 .debug_abbrev  0x0000000000001063      0x26b ./Core/Src/tim.o
 .debug_abbrev  0x00000000000012ce      0x205 ./Core/Src/usart.o
 .debug_abbrev  0x00000000000014d3       0x12 ./Core/Startup/startup_stm32f401rctx.o
 .debug_abbrev  0x00000000000014e5      0x23e ./Drivers/STM32F4xx_HAL_Driver/Src/stm32f4xx_hal.o
 .debug_abbrev  0x0000000000001723      0x316 ./Drivers/STM32F4xx_HAL_Driver/Src/stm32f4xx_hal_cortex.o
 .debug_abbrev  0x0000000000001a39      0x21b ./Drivers/STM32F4xx_HAL_Driver/Src/stm32f4xx_hal_dma.o
 .debug_abbrev  0x0000000000001c54      0x1c4 ./Drivers/STM32F4xx_HAL_Driver/Src/stm32f4xx_hal_gpio.o
 .debug_abbrev  0x0000000000001e18      0x2aa ./Drivers/STM32F4xx_HAL_Driver/Src/stm32f4xx_hal_rcc.o
 .debug_abbrev  0x00000000000020c2      0x26e ./Drivers/STM32F4xx_HAL_Driver/Src/stm32f4xx_hal_tim.o
 .debug_abbrev  0x0000000000002330      0x276 ./Drivers/STM32F4xx_HAL_Driver/Src/stm32f4xx_hal_tim_ex.o
 .debug_abbrev  0x00000000000025a6      0x305 ./Drivers/STM32F4xx_HAL_Driver/Src/stm32f4xx_hal_uart.o
 .debug_abbrev  0x00000000000028ab      0x500 ./Middlewares/Third_Party/FreeRTOS/Source/CMSIS_RTOS_V2/cmsis_os2.o
 .debug_abbrev  0x0000000000002dab       0xf2 ./Middlewares/Third_Party/FreeRTOS/Source/list.o
 .debug_abbrev  0x0000000000002e9d      0x3a1 ./Middlewares/Third_Party/FreeRTOS/Source/queue.o
 .debug_abbrev  0x000000000000323e      0x37d ./Middlewares/Third_Party/FreeRTOS/Source/tasks.o
 .debug_abbrev  0x00000000000035bb      0x346 ./Middlewares/Third_Party/FreeRTOS/Source/timers.o
 .debug_abbrev  0x0000000000003901      0x259 ./Middlewares/Third_Party/FreeRTOS/Source/portable/GCC/ARM_CM4F/port.o
 .debug_abbrev  0x0000000000003b5a      0x212 ./Middlewares/Third_Party/FreeRTOS/Source/portable/MemMang/heap_4.o

.debug_aranges  0x0000000000000000     0x15b0
 .debug_aranges
                0x0000000000000000       0x48 ./Core/DCMotor/DCMotor.o
 .debug_aranges
                0x0000000000000048       0x50 ./Core/HCSR04/HCSR04.o
 .debug_aranges
                0x0000000000000098       0x18 ./Core/HCSR04/HCSR04_cfg.o
 .debug_aranges
                0x00000000000000b0       0x38 ./Core/Src/freertos.o
 .debug_aranges
                0x00000000000000e8       0x20 ./Core/Src/gpio.o
 .debug_aranges
                0x0000000000000108       0x48 ./Core/Src/main.o
 .debug_aranges
                0x0000000000000150       0x20 ./Core/Src/stm32f4xx_hal_msp.o
 .debug_aranges
                0x0000000000000170       0x30 ./Core/Src/stm32f4xx_hal_timebase_tim.o
 .debug_aranges
                0x00000000000001a0       0x60 ./Core/Src/stm32f4xx_it.o
 .debug_aranges
                0x0000000000000200       0x28 ./Core/Src/system_stm32f4xx.o
 .debug_aranges
                0x0000000000000228       0x68 ./Core/Src/tim.o
 .debug_aranges
                0x0000000000000290       0x30 ./Core/Src/usart.o
 .debug_aranges
                0x00000000000002c0       0x28 ./Core/Startup/startup_stm32f401rctx.o
 .debug_aranges
                0x00000000000002e8       0xf0 ./Drivers/STM32F4xx_HAL_Driver/Src/stm32f4xx_hal.o
 .debug_aranges
                0x00000000000003d8      0x118 ./Drivers/STM32F4xx_HAL_Driver/Src/stm32f4xx_hal_cortex.o
 .debug_aranges
                0x00000000000004f0       0x90 ./Drivers/STM32F4xx_HAL_Driver/Src/stm32f4xx_hal_dma.o
 .debug_aranges
                0x0000000000000580       0x58 ./Drivers/STM32F4xx_HAL_Driver/Src/stm32f4xx_hal_gpio.o
 .debug_aranges
                0x00000000000005d8       0x88 ./Drivers/STM32F4xx_HAL_Driver/Src/stm32f4xx_hal_rcc.o
 .debug_aranges
                0x0000000000000660      0x3d0 ./Drivers/STM32F4xx_HAL_Driver/Src/stm32f4xx_hal_tim.o
 .debug_aranges
                0x0000000000000a30      0x168 ./Drivers/STM32F4xx_HAL_Driver/Src/stm32f4xx_hal_tim_ex.o
 .debug_aranges
                0x0000000000000b98      0x200 ./Drivers/STM32F4xx_HAL_Driver/Src/stm32f4xx_hal_uart.o
 .debug_aranges
                0x0000000000000d98      0x2b0 ./Middlewares/Third_Party/FreeRTOS/Source/CMSIS_RTOS_V2/cmsis_os2.o
 .debug_aranges
                0x0000000000001048       0x40 ./Middlewares/Third_Party/FreeRTOS/Source/list.o
 .debug_aranges
                0x0000000000001088      0x158 ./Middlewares/Third_Party/FreeRTOS/Source/queue.o
 .debug_aranges
                0x00000000000011e0      0x208 ./Middlewares/Third_Party/FreeRTOS/Source/tasks.o
 .debug_aranges
                0x00000000000013e8       0xf0 ./Middlewares/Third_Party/FreeRTOS/Source/timers.o
 .debug_aranges
                0x00000000000014d8       0x80 ./Middlewares/Third_Party/FreeRTOS/Source/portable/GCC/ARM_CM4F/port.o
 .debug_aranges
                0x0000000000001558       0x58 ./Middlewares/Third_Party/FreeRTOS/Source/portable/MemMang/heap_4.o

.debug_ranges   0x0000000000000000     0x1420
 .debug_ranges  0x0000000000000000       0x38 ./Core/DCMotor/DCMotor.o
 .debug_ranges  0x0000000000000038       0x40 ./Core/HCSR04/HCSR04.o
 .debug_ranges  0x0000000000000078       0x28 ./Core/Src/freertos.o
 .debug_ranges  0x00000000000000a0       0x10 ./Core/Src/gpio.o
 .debug_ranges  0x00000000000000b0       0x38 ./Core/Src/main.o
 .debug_ranges  0x00000000000000e8       0x10 ./Core/Src/stm32f4xx_hal_msp.o
 .debug_ranges  0x00000000000000f8       0x20 ./Core/Src/stm32f4xx_hal_timebase_tim.o
 .debug_ranges  0x0000000000000118       0x50 ./Core/Src/stm32f4xx_it.o
 .debug_ranges  0x0000000000000168       0x18 ./Core/Src/system_stm32f4xx.o
 .debug_ranges  0x0000000000000180       0x58 ./Core/Src/tim.o
 .debug_ranges  0x00000000000001d8       0x20 ./Core/Src/usart.o
 .debug_ranges  0x00000000000001f8       0x20 ./Core/Startup/startup_stm32f401rctx.o
 .debug_ranges  0x0000000000000218       0xe0 ./Drivers/STM32F4xx_HAL_Driver/Src/stm32f4xx_hal.o
 .debug_ranges  0x00000000000002f8      0x108 ./Drivers/STM32F4xx_HAL_Driver/Src/stm32f4xx_hal_cortex.o
 .debug_ranges  0x0000000000000400       0x80 ./Drivers/STM32F4xx_HAL_Driver/Src/stm32f4xx_hal_dma.o
 .debug_ranges  0x0000000000000480       0x48 ./Drivers/STM32F4xx_HAL_Driver/Src/stm32f4xx_hal_gpio.o
 .debug_ranges  0x00000000000004c8       0x78 ./Drivers/STM32F4xx_HAL_Driver/Src/stm32f4xx_hal_rcc.o
 .debug_ranges  0x0000000000000540      0x3c0 ./Drivers/STM32F4xx_HAL_Driver/Src/stm32f4xx_hal_tim.o
 .debug_ranges  0x0000000000000900      0x158 ./Drivers/STM32F4xx_HAL_Driver/Src/stm32f4xx_hal_tim_ex.o
 .debug_ranges  0x0000000000000a58      0x220 ./Drivers/STM32F4xx_HAL_Driver/Src/stm32f4xx_hal_uart.o
 .debug_ranges  0x0000000000000c78      0x2a0 ./Middlewares/Third_Party/FreeRTOS/Source/CMSIS_RTOS_V2/cmsis_os2.o
 .debug_ranges  0x0000000000000f18       0x30 ./Middlewares/Third_Party/FreeRTOS/Source/list.o
 .debug_ranges  0x0000000000000f48      0x148 ./Middlewares/Third_Party/FreeRTOS/Source/queue.o
 .debug_ranges  0x0000000000001090      0x1f8 ./Middlewares/Third_Party/FreeRTOS/Source/tasks.o
 .debug_ranges  0x0000000000001288       0xe0 ./Middlewares/Third_Party/FreeRTOS/Source/timers.o
 .debug_ranges  0x0000000000001368       0x70 ./Middlewares/Third_Party/FreeRTOS/Source/portable/GCC/ARM_CM4F/port.o
 .debug_ranges  0x00000000000013d8       0x48 ./Middlewares/Third_Party/FreeRTOS/Source/portable/MemMang/heap_4.o

.debug_macro    0x0000000000000000    0x1888c
 .debug_macro   0x0000000000000000      0x285 ./Core/DCMotor/DCMotor.o
 .debug_macro   0x0000000000000285      0xa78 ./Core/DCMotor/DCMotor.o
 .debug_macro   0x0000000000000cfd      0x29b ./Core/DCMotor/DCMotor.o
 .debug_macro   0x0000000000000f98       0x2e ./Core/DCMotor/DCMotor.o
 .debug_macro   0x0000000000000fc6       0x28 ./Core/DCMotor/DCMotor.o
 .debug_macro   0x0000000000000fee       0x22 ./Core/DCMotor/DCMotor.o
 .debug_macro   0x0000000000001010       0x8e ./Core/DCMotor/DCMotor.o
 .debug_macro   0x000000000000109e       0x51 ./Core/DCMotor/DCMotor.o
 .debug_macro   0x00000000000010ef      0x103 ./Core/DCMotor/DCMotor.o
 .debug_macro   0x00000000000011f2       0x6a ./Core/DCMotor/DCMotor.o
 .debug_macro   0x000000000000125c      0x1df ./Core/DCMotor/DCMotor.o
 .debug_macro   0x000000000000143b       0x1c ./Core/DCMotor/DCMotor.o
 .debug_macro   0x0000000000001457       0x22 ./Core/DCMotor/DCMotor.o
 .debug_macro   0x0000000000001479       0xd9 ./Core/DCMotor/DCMotor.o
 .debug_macro   0x0000000000001552     0x102d ./Core/DCMotor/DCMotor.o
 .debug_macro   0x000000000000257f      0x11f ./Core/DCMotor/DCMotor.o
 .debug_macro   0x000000000000269e     0xb86c ./Core/DCMotor/DCMotor.o
 .debug_macro   0x000000000000df0a       0x6d ./Core/DCMotor/DCMotor.o
 .debug_macro   0x000000000000df77     0x367e ./Core/DCMotor/DCMotor.o
 .debug_macro   0x00000000000115f5      0x174 ./Core/DCMotor/DCMotor.o
 .debug_macro   0x0000000000011769       0x5c ./Core/DCMotor/DCMotor.o
 .debug_macro   0x00000000000117c5      0x416 ./Core/DCMotor/DCMotor.o
 .debug_macro   0x0000000000011bdb      0x9fe ./Core/DCMotor/DCMotor.o
 .debug_macro   0x00000000000125d9      0x115 ./Core/DCMotor/DCMotor.o
 .debug_macro   0x00000000000126ee       0xf8 ./Core/DCMotor/DCMotor.o
 .debug_macro   0x00000000000127e6       0xa5 ./Core/DCMotor/DCMotor.o
 .debug_macro   0x000000000001288b      0x15f ./Core/DCMotor/DCMotor.o
 .debug_macro   0x00000000000129ea      0x287 ./Core/DCMotor/DCMotor.o
 .debug_macro   0x0000000000012c71       0x5f ./Core/DCMotor/DCMotor.o
 .debug_macro   0x0000000000012cd0      0x236 ./Core/DCMotor/DCMotor.o
 .debug_macro   0x0000000000012f06      0x132 ./Core/DCMotor/DCMotor.o
 .debug_macro   0x0000000000013038      0x23a ./Core/DCMotor/DCMotor.o
 .debug_macro   0x0000000000013272       0x2e ./Core/DCMotor/DCMotor.o
 .debug_macro   0x00000000000132a0      0x11a ./Core/DCMotor/DCMotor.o
 .debug_macro   0x00000000000133ba       0x85 ./Core/DCMotor/DCMotor.o
 .debug_macro   0x000000000001343f       0x89 ./Core/DCMotor/DCMotor.o
 .debug_macro   0x00000000000134c8      0x8e6 ./Core/DCMotor/DCMotor.o
 .debug_macro   0x0000000000013dae       0x47 ./Core/DCMotor/DCMotor.o
 .debug_macro   0x0000000000013df5      0x295 ./Core/DCMotor/DCMotor.o
 .debug_macro   0x000000000001408a      0x126 ./Core/DCMotor/DCMotor.o
 .debug_macro   0x00000000000141b0       0x4c ./Core/DCMotor/DCMotor.o
 .debug_macro   0x00000000000141fc      0x169 ./Core/DCMotor/DCMotor.o
 .debug_macro   0x0000000000014365      0x15a ./Core/DCMotor/DCMotor.o
 .debug_macro   0x00000000000144bf       0xc9 ./Core/DCMotor/DCMotor.o
 .debug_macro   0x0000000000014588       0x1c ./Core/DCMotor/DCMotor.o
 .debug_macro   0x00000000000145a4       0x26 ./Core/DCMotor/DCMotor.o
 .debug_macro   0x00000000000145ca      0x4c5 ./Core/DCMotor/DCMotor.o
 .debug_macro   0x0000000000014a8f       0xb5 ./Core/DCMotor/DCMotor.o
 .debug_macro   0x0000000000014b44       0xaa ./Core/DCMotor/DCMotor.o
 .debug_macro   0x0000000000014bee       0x66 ./Core/DCMotor/DCMotor.o
 .debug_macro   0x0000000000014c54       0x74 ./Core/DCMotor/DCMotor.o
 .debug_macro   0x0000000000014cc8       0xdd ./Core/DCMotor/DCMotor.o
 .debug_macro   0x0000000000014da5      0x1f5 ./Core/HCSR04/HCSR04.o
 .debug_macro   0x0000000000014f9a       0x10 ./Core/HCSR04/HCSR04.o
 .debug_macro   0x0000000000014faa      0x1dd ./Core/HCSR04/HCSR04_cfg.o
 .debug_macro   0x0000000000015187      0x2d4 ./Core/Src/freertos.o
 .debug_macro   0x000000000001545b      0x169 ./Core/Src/freertos.o
 .debug_macro   0x00000000000155c4       0x6c ./Core/Src/freertos.o
 .debug_macro   0x0000000000015630       0x16 ./Core/Src/freertos.o
 .debug_macro   0x0000000000015646      0x1e7 ./Core/Src/gpio.o
 .debug_macro   0x000000000001582d      0x29e ./Core/Src/main.o
 .debug_macro   0x0000000000015acb      0x1dd ./Core/Src/stm32f4xx_hal_msp.o
 .debug_macro   0x0000000000015ca8      0x1ce ./Core/Src/stm32f4xx_hal_timebase_tim.o
 .debug_macro   0x0000000000015e76      0x1f0 ./Core/Src/stm32f4xx_it.o
 .debug_macro   0x0000000000016066      0x1ce ./Core/Src/system_stm32f4xx.o
 .debug_macro   0x0000000000016234      0x1e7 ./Core/Src/tim.o
 .debug_macro   0x000000000001641b      0x1e7 ./Core/Src/usart.o
 .debug_macro   0x0000000000016602      0x22e ./Drivers/STM32F4xx_HAL_Driver/Src/stm32f4xx_hal.o
 .debug_macro   0x0000000000016830      0x1ce ./Drivers/STM32F4xx_HAL_Driver/Src/stm32f4xx_hal_cortex.o
 .debug_macro   0x00000000000169fe      0x1d4 ./Drivers/STM32F4xx_HAL_Driver/Src/stm32f4xx_hal_dma.o
 .debug_macro   0x0000000000016bd2      0x1d4 ./Drivers/STM32F4xx_HAL_Driver/Src/stm32f4xx_hal_gpio.o
 .debug_macro   0x0000000000016da6      0x1f2 ./Drivers/STM32F4xx_HAL_Driver/Src/stm32f4xx_hal_rcc.o
 .debug_macro   0x0000000000016f98      0x1cf ./Drivers/STM32F4xx_HAL_Driver/Src/stm32f4xx_hal_tim.o
 .debug_macro   0x0000000000017167      0x1ce ./Drivers/STM32F4xx_HAL_Driver/Src/stm32f4xx_hal_tim_ex.o
 .debug_macro   0x0000000000017335      0x1cf ./Drivers/STM32F4xx_HAL_Driver/Src/stm32f4xx_hal_uart.o
 .debug_macro   0x0000000000017504      0x3c5 ./Middlewares/Third_Party/FreeRTOS/Source/CMSIS_RTOS_V2/cmsis_os2.o
 .debug_macro   0x00000000000178c9       0x10 ./Middlewares/Third_Party/FreeRTOS/Source/CMSIS_RTOS_V2/cmsis_os2.o
 .debug_macro   0x00000000000178d9       0x20 ./Middlewares/Third_Party/FreeRTOS/Source/CMSIS_RTOS_V2/cmsis_os2.o
 .debug_macro   0x00000000000178f9       0x10 ./Middlewares/Third_Party/FreeRTOS/Source/CMSIS_RTOS_V2/cmsis_os2.o
 .debug_macro   0x0000000000017909       0xd3 ./Middlewares/Third_Party/FreeRTOS/Source/CMSIS_RTOS_V2/cmsis_os2.o
 .debug_macro   0x00000000000179dc       0x91 ./Middlewares/Third_Party/FreeRTOS/Source/CMSIS_RTOS_V2/cmsis_os2.o
 .debug_macro   0x0000000000017a6d       0x8d ./Middlewares/Third_Party/FreeRTOS/Source/CMSIS_RTOS_V2/cmsis_os2.o
 .debug_macro   0x0000000000017afa       0x9a ./Middlewares/Third_Party/FreeRTOS/Source/CMSIS_RTOS_V2/cmsis_os2.o
 .debug_macro   0x0000000000017b94       0x22 ./Middlewares/Third_Party/FreeRTOS/Source/CMSIS_RTOS_V2/cmsis_os2.o
 .debug_macro   0x0000000000017bb6       0x56 ./Middlewares/Third_Party/FreeRTOS/Source/CMSIS_RTOS_V2/cmsis_os2.o
 .debug_macro   0x0000000000017c0c      0x187 ./Middlewares/Third_Party/FreeRTOS/Source/list.o
 .debug_macro   0x0000000000017d93      0x216 ./Middlewares/Third_Party/FreeRTOS/Source/queue.o
 .debug_macro   0x0000000000017fa9       0x16 ./Middlewares/Third_Party/FreeRTOS/Source/queue.o
 .debug_macro   0x0000000000017fbf       0x87 ./Middlewares/Third_Party/FreeRTOS/Source/queue.o
 .debug_macro   0x0000000000018046      0x27f ./Middlewares/Third_Party/FreeRTOS/Source/tasks.o
 .debug_macro   0x00000000000182c5       0x10 ./Middlewares/Third_Party/FreeRTOS/Source/tasks.o
 .debug_macro   0x00000000000182d5      0x1dc ./Middlewares/Third_Party/FreeRTOS/Source/timers.o
 .debug_macro   0x00000000000184b1       0x97 ./Middlewares/Third_Party/FreeRTOS/Source/timers.o
 .debug_macro   0x0000000000018548      0x196 ./Middlewares/Third_Party/FreeRTOS/Source/portable/GCC/ARM_CM4F/port.o
 .debug_macro   0x00000000000186de      0x1ae ./Middlewares/Third_Party/FreeRTOS/Source/portable/MemMang/heap_4.o

.debug_line     0x0000000000000000    0x193a5
 .debug_line    0x0000000000000000      0x9d4 ./Core/DCMotor/DCMotor.o
 .debug_line    0x00000000000009d4      0xa4a ./Core/HCSR04/HCSR04.o
 .debug_line    0x000000000000141e      0x6a9 ./Core/HCSR04/HCSR04_cfg.o
 .debug_line    0x0000000000001ac7      0x969 ./Core/Src/freertos.o
 .debug_line    0x0000000000002430      0x6df ./Core/Src/gpio.o
 .debug_line    0x0000000000002b0f      0x921 ./Core/Src/main.o
 .debug_line    0x0000000000003430      0x6c4 ./Core/Src/stm32f4xx_hal_msp.o
 .debug_line    0x0000000000003af4      0x731 ./Core/Src/stm32f4xx_hal_timebase_tim.o
 .debug_line    0x0000000000004225      0x7b3 ./Core/Src/stm32f4xx_it.o
 .debug_line    0x00000000000049d8      0x745 ./Core/Src/system_stm32f4xx.o
 .debug_line    0x000000000000511d      0x8c5 ./Core/Src/tim.o